Archive member included to satisfy reference by file (symbol)

/home/hzt/.local/toolchains/gcc-arm-none-eabi-10-2020-q4-major/bin/../lib/gcc/arm-none-eabi/10.2.1/thumb/v6-m/nofp/libgcc.a(_udivsi3.o)
                              /tmp/ccW1bOaO.o (__aeabi_uidiv)
/home/hzt/.local/toolchains/gcc-arm-none-eabi-10-2020-q4-major/bin/../lib/gcc/arm-none-eabi/10.2.1/thumb/v6-m/nofp/libgcc.a(_divsi3.o)
                              /tmp/ccW1bOaO.o (__aeabi_idiv)
/home/hzt/.local/toolchains/gcc-arm-none-eabi-10-2020-q4-major/bin/../lib/gcc/arm-none-eabi/10.2.1/thumb/v6-m/nofp/libgcc.a(_dvmd_tls.o)
                              /home/hzt/.local/toolchains/gcc-arm-none-eabi-10-2020-q4-major/bin/../lib/gcc/arm-none-eabi/10.2.1/thumb/v6-m/nofp/libgcc.a(_udivsi3.o) (__aeabi_idiv0)
/home/hzt/.local/toolchains/gcc-arm-none-eabi-10-2020-q4-major/bin/../lib/gcc/arm-none-eabi/10.2.1/thumb/v6-m/nofp/libgcc.a(_lshrdi3.o)
                              /tmp/ccPoasAd.o (__aeabi_llsr)
/home/hzt/.local/toolchains/gcc-arm-none-eabi-10-2020-q4-major/bin/../lib/gcc/arm-none-eabi/10.2.1/thumb/v6-m/nofp/libgcc.a(_ashldi3.o)
                              /tmp/ccPoasAd.o (__aeabi_llsl)
/home/hzt/.local/toolchains/gcc-arm-none-eabi-10-2020-q4-major/bin/../lib/gcc/arm-none-eabi/10.2.1/thumb/v6-m/nofp/libgcc.a(_arm_cmpsf2.o)
                              /tmp/ccPoasAd.o (__aeabi_fcmpge)
/home/hzt/.local/toolchains/gcc-arm-none-eabi-10-2020-q4-major/bin/../lib/gcc/arm-none-eabi/10.2.1/thumb/v6-m/nofp/libgcc.a(_muldi3.o)
                              /tmp/ccW1bOaO.o (__aeabi_lmul)
/home/hzt/.local/toolchains/gcc-arm-none-eabi-10-2020-q4-major/bin/../lib/gcc/arm-none-eabi/10.2.1/thumb/v6-m/nofp/libgcc.a(eqsf2.o)
                              /home/hzt/.local/toolchains/gcc-arm-none-eabi-10-2020-q4-major/bin/../lib/gcc/arm-none-eabi/10.2.1/thumb/v6-m/nofp/libgcc.a(_arm_cmpsf2.o) (__eqsf2)
/home/hzt/.local/toolchains/gcc-arm-none-eabi-10-2020-q4-major/bin/../lib/gcc/arm-none-eabi/10.2.1/thumb/v6-m/nofp/libgcc.a(gesf2.o)
                              /home/hzt/.local/toolchains/gcc-arm-none-eabi-10-2020-q4-major/bin/../lib/gcc/arm-none-eabi/10.2.1/thumb/v6-m/nofp/libgcc.a(_arm_cmpsf2.o) (__gesf2)
/home/hzt/.local/toolchains/gcc-arm-none-eabi-10-2020-q4-major/bin/../lib/gcc/arm-none-eabi/10.2.1/thumb/v6-m/nofp/libgcc.a(lesf2.o)
                              /home/hzt/.local/toolchains/gcc-arm-none-eabi-10-2020-q4-major/bin/../lib/gcc/arm-none-eabi/10.2.1/thumb/v6-m/nofp/libgcc.a(_arm_cmpsf2.o) (__lesf2)
/home/hzt/.local/toolchains/gcc-arm-none-eabi-10-2020-q4-major/bin/../lib/gcc/arm-none-eabi/10.2.1/thumb/v6-m/nofp/libgcc.a(mulsf3.o)
                              /tmp/ccPoasAd.o (__aeabi_fmul)
/home/hzt/.local/toolchains/gcc-arm-none-eabi-10-2020-q4-major/bin/../lib/gcc/arm-none-eabi/10.2.1/thumb/v6-m/nofp/libgcc.a(_clzsi2.o)
                              /home/hzt/.local/toolchains/gcc-arm-none-eabi-10-2020-q4-major/bin/../lib/gcc/arm-none-eabi/10.2.1/thumb/v6-m/nofp/libgcc.a(mulsf3.o) (__clzsi2)

Discarded input sections

 .text          0x0000000000000000        0x0 /tmp/ccW1bOaO.o
 .data          0x0000000000000000        0x0 /tmp/ccW1bOaO.o
 .bss           0x0000000000000000        0x0 /tmp/ccW1bOaO.o
 .comment       0x0000000000000000       0x4e /tmp/ccW1bOaO.o
 .ARM.attributes
                0x0000000000000000       0x2c /tmp/ccW1bOaO.o
 .text          0x0000000000000000        0x0 /tmp/ccfanliK.o
 .data          0x0000000000000000        0x0 /tmp/ccfanliK.o
 .bss           0x0000000000000000        0x0 /tmp/ccfanliK.o
 .comment       0x0000000000000000       0x4e /tmp/ccfanliK.o
 .ARM.attributes
                0x0000000000000000       0x2c /tmp/ccfanliK.o
 .text          0x0000000000000000        0x0 /tmp/ccPoasAd.o
 .data          0x0000000000000000        0x0 /tmp/ccPoasAd.o
 .bss           0x0000000000000000        0x0 /tmp/ccPoasAd.o
 .text.canardGetUserReference
                0x0000000000000000        0x4 /tmp/ccPoasAd.o
 .text.canardGetLocalNodeID
                0x0000000000000000        0x4 /tmp/ccPoasAd.o
 .text.canardForgetLocalNodeID
                0x0000000000000000        0x6 /tmp/ccPoasAd.o
 .text.canardInitTxTransfer
                0x0000000000000000        0xc /tmp/ccPoasAd.o
 .text.canardGetPoolAllocatorStatistics
                0x0000000000000000       0x10 /tmp/ccPoasAd.o
 .text.canardConvertNativeFloatToFloat16
                0x0000000000000000       0x64 /tmp/ccPoasAd.o
 .text.canardConvertFloat16ToNativeFloat
                0x0000000000000000       0x34 /tmp/ccPoasAd.o
 .comment       0x0000000000000000       0x4e /tmp/ccPoasAd.o
 .ARM.attributes
                0x0000000000000000       0x2c /tmp/ccPoasAd.o
 .text          0x0000000000000000        0x0 /tmp/ccBEOUfB.o
 .data          0x0000000000000000        0x0 /tmp/ccBEOUfB.o
 .bss           0x0000000000000000        0x0 /tmp/ccBEOUfB.o
 .text.canardSTM32ConfigureAcceptanceFilters
                0x0000000000000000       0x90 /tmp/ccBEOUfB.o
 .text.canardSTM32GetStats
                0x0000000000000000       0x14 /tmp/ccBEOUfB.o
 .comment       0x0000000000000000       0x4e /tmp/ccBEOUfB.o
 .ARM.attributes
                0x0000000000000000       0x2c /tmp/ccBEOUfB.o
 .text          0x0000000000000000        0x0 /tmp/ccEReTED.o
 .data          0x0000000000000000        0x0 /tmp/ccEReTED.o
 .bss           0x0000000000000000        0x0 /tmp/ccEReTED.o
 .text.uavcan_tunnel_Protocol_encode
                0x0000000000000000       0x20 /tmp/ccEReTED.o
 .text.uavcan_tunnel_Protocol_decode
                0x0000000000000000       0x36 /tmp/ccEReTED.o
 .comment       0x0000000000000000       0x4e /tmp/ccEReTED.o
 .ARM.attributes
                0x0000000000000000       0x2c /tmp/ccEReTED.o
 .text          0x0000000000000000        0x0 /tmp/ccmkWQHY.o
 .data          0x0000000000000000        0x0 /tmp/ccmkWQHY.o
 .bss           0x0000000000000000        0x0 /tmp/ccmkWQHY.o
 .comment       0x0000000000000000       0x4e /tmp/ccmkWQHY.o
 .ARM.attributes
                0x0000000000000000       0x2c /tmp/ccmkWQHY.o
 .text          0x0000000000000000        0x0 /tmp/cc3BNnFR.o
 .data          0x0000000000000000        0x0 /tmp/cc3BNnFR.o
 .bss           0x0000000000000000        0x0 /tmp/cc3BNnFR.o
 .text.uavcan_protocol_NodeStatus_decode
                0x0000000000000000       0x7c /tmp/cc3BNnFR.o
 .comment       0x0000000000000000       0x4e /tmp/cc3BNnFR.o
 .ARM.attributes
                0x0000000000000000       0x2c /tmp/cc3BNnFR.o
 .text          0x0000000000000000        0x0 /tmp/ccLgpDT6.o
 .data          0x0000000000000000        0x0 /tmp/ccLgpDT6.o
 .bss           0x0000000000000000        0x0 /tmp/ccLgpDT6.o
 .text.uavcan_protocol_GetNodeInfoRequest_encode
                0x0000000000000000       0x10 /tmp/ccLgpDT6.o
 .text.uavcan_protocol_GetNodeInfoRequest_decode
                0x0000000000000000       0x12 /tmp/ccLgpDT6.o
 .comment       0x0000000000000000       0x4e /tmp/ccLgpDT6.o
 .ARM.attributes
                0x0000000000000000       0x2c /tmp/ccLgpDT6.o
 .text          0x0000000000000000        0x0 /tmp/cc6tb1ey.o
 .data          0x0000000000000000        0x0 /tmp/cc6tb1ey.o
 .bss           0x0000000000000000        0x0 /tmp/cc6tb1ey.o
 .text.uavcan_protocol_GetNodeInfoResponse_decode
                0x0000000000000000      0x1d0 /tmp/cc6tb1ey.o
 .comment       0x0000000000000000       0x4e /tmp/cc6tb1ey.o
 .ARM.attributes
                0x0000000000000000       0x2c /tmp/cc6tb1ey.o
 .text          0x0000000000000000        0x0 /tmp/ccizl5MU.o
 .data          0x0000000000000000        0x0 /tmp/ccizl5MU.o
 .bss           0x0000000000000000        0x0 /tmp/ccizl5MU.o
 .text.uavcan_protocol_HardwareVersion_encode
                0x0000000000000000       0x90 /tmp/ccizl5MU.o
 .text.uavcan_protocol_HardwareVersion_decode
                0x0000000000000000       0xc0 /tmp/ccizl5MU.o
 .comment       0x0000000000000000       0x4e /tmp/ccizl5MU.o
 .ARM.attributes
                0x0000000000000000       0x2c /tmp/ccizl5MU.o
 .text          0x0000000000000000        0x0 /tmp/ccyyc516.o
 .data          0x0000000000000000        0x0 /tmp/ccyyc516.o
 .bss           0x0000000000000000        0x0 /tmp/ccyyc516.o
 .text.uavcan_protocol_SoftwareVersion_encode
                0x0000000000000000       0x52 /tmp/ccyyc516.o
 .text.uavcan_protocol_SoftwareVersion_decode
                0x0000000000000000       0x7c /tmp/ccyyc516.o
 .comment       0x0000000000000000       0x4e /tmp/ccyyc516.o
 .ARM.attributes
                0x0000000000000000       0x2c /tmp/ccyyc516.o
 .data          0x0000000000000000        0x0 /home/hzt/.local/toolchains/gcc-arm-none-eabi-10-2020-q4-major/bin/../lib/gcc/arm-none-eabi/10.2.1/thumb/v6-m/nofp/libgcc.a(_udivsi3.o)
 .bss           0x0000000000000000        0x0 /home/hzt/.local/toolchains/gcc-arm-none-eabi-10-2020-q4-major/bin/../lib/gcc/arm-none-eabi/10.2.1/thumb/v6-m/nofp/libgcc.a(_udivsi3.o)
 .ARM.attributes
                0x0000000000000000       0x1e /home/hzt/.local/toolchains/gcc-arm-none-eabi-10-2020-q4-major/bin/../lib/gcc/arm-none-eabi/10.2.1/thumb/v6-m/nofp/libgcc.a(_udivsi3.o)
 .data          0x0000000000000000        0x0 /home/hzt/.local/toolchains/gcc-arm-none-eabi-10-2020-q4-major/bin/../lib/gcc/arm-none-eabi/10.2.1/thumb/v6-m/nofp/libgcc.a(_divsi3.o)
 .bss           0x0000000000000000        0x0 /home/hzt/.local/toolchains/gcc-arm-none-eabi-10-2020-q4-major/bin/../lib/gcc/arm-none-eabi/10.2.1/thumb/v6-m/nofp/libgcc.a(_divsi3.o)
 .ARM.attributes
                0x0000000000000000       0x1e /home/hzt/.local/toolchains/gcc-arm-none-eabi-10-2020-q4-major/bin/../lib/gcc/arm-none-eabi/10.2.1/thumb/v6-m/nofp/libgcc.a(_divsi3.o)
 .data          0x0000000000000000        0x0 /home/hzt/.local/toolchains/gcc-arm-none-eabi-10-2020-q4-major/bin/../lib/gcc/arm-none-eabi/10.2.1/thumb/v6-m/nofp/libgcc.a(_dvmd_tls.o)
 .bss           0x0000000000000000        0x0 /home/hzt/.local/toolchains/gcc-arm-none-eabi-10-2020-q4-major/bin/../lib/gcc/arm-none-eabi/10.2.1/thumb/v6-m/nofp/libgcc.a(_dvmd_tls.o)
 .ARM.attributes
                0x0000000000000000       0x1e /home/hzt/.local/toolchains/gcc-arm-none-eabi-10-2020-q4-major/bin/../lib/gcc/arm-none-eabi/10.2.1/thumb/v6-m/nofp/libgcc.a(_dvmd_tls.o)
 .data          0x0000000000000000        0x0 /home/hzt/.local/toolchains/gcc-arm-none-eabi-10-2020-q4-major/bin/../lib/gcc/arm-none-eabi/10.2.1/thumb/v6-m/nofp/libgcc.a(_lshrdi3.o)
 .bss           0x0000000000000000        0x0 /home/hzt/.local/toolchains/gcc-arm-none-eabi-10-2020-q4-major/bin/../lib/gcc/arm-none-eabi/10.2.1/thumb/v6-m/nofp/libgcc.a(_lshrdi3.o)
 .ARM.attributes
                0x0000000000000000       0x1e /home/hzt/.local/toolchains/gcc-arm-none-eabi-10-2020-q4-major/bin/../lib/gcc/arm-none-eabi/10.2.1/thumb/v6-m/nofp/libgcc.a(_lshrdi3.o)
 .data          0x0000000000000000        0x0 /home/hzt/.local/toolchains/gcc-arm-none-eabi-10-2020-q4-major/bin/../lib/gcc/arm-none-eabi/10.2.1/thumb/v6-m/nofp/libgcc.a(_ashldi3.o)
 .bss           0x0000000000000000        0x0 /home/hzt/.local/toolchains/gcc-arm-none-eabi-10-2020-q4-major/bin/../lib/gcc/arm-none-eabi/10.2.1/thumb/v6-m/nofp/libgcc.a(_ashldi3.o)
 .ARM.attributes
                0x0000000000000000       0x1e /home/hzt/.local/toolchains/gcc-arm-none-eabi-10-2020-q4-major/bin/../lib/gcc/arm-none-eabi/10.2.1/thumb/v6-m/nofp/libgcc.a(_ashldi3.o)
 .text          0x0000000000000000       0x74 /home/hzt/.local/toolchains/gcc-arm-none-eabi-10-2020-q4-major/bin/../lib/gcc/arm-none-eabi/10.2.1/thumb/v6-m/nofp/libgcc.a(_arm_cmpsf2.o)
 .data          0x0000000000000000        0x0 /home/hzt/.local/toolchains/gcc-arm-none-eabi-10-2020-q4-major/bin/../lib/gcc/arm-none-eabi/10.2.1/thumb/v6-m/nofp/libgcc.a(_arm_cmpsf2.o)
 .bss           0x0000000000000000        0x0 /home/hzt/.local/toolchains/gcc-arm-none-eabi-10-2020-q4-major/bin/../lib/gcc/arm-none-eabi/10.2.1/thumb/v6-m/nofp/libgcc.a(_arm_cmpsf2.o)
 .ARM.attributes
                0x0000000000000000       0x1e /home/hzt/.local/toolchains/gcc-arm-none-eabi-10-2020-q4-major/bin/../lib/gcc/arm-none-eabi/10.2.1/thumb/v6-m/nofp/libgcc.a(_arm_cmpsf2.o)
 .data          0x0000000000000000        0x0 /home/hzt/.local/toolchains/gcc-arm-none-eabi-10-2020-q4-major/bin/../lib/gcc/arm-none-eabi/10.2.1/thumb/v6-m/nofp/libgcc.a(_muldi3.o)
 .bss           0x0000000000000000        0x0 /home/hzt/.local/toolchains/gcc-arm-none-eabi-10-2020-q4-major/bin/../lib/gcc/arm-none-eabi/10.2.1/thumb/v6-m/nofp/libgcc.a(_muldi3.o)
 .ARM.attributes
                0x0000000000000000       0x2c /home/hzt/.local/toolchains/gcc-arm-none-eabi-10-2020-q4-major/bin/../lib/gcc/arm-none-eabi/10.2.1/thumb/v6-m/nofp/libgcc.a(_muldi3.o)
 .text          0x0000000000000000       0x4c /home/hzt/.local/toolchains/gcc-arm-none-eabi-10-2020-q4-major/bin/../lib/gcc/arm-none-eabi/10.2.1/thumb/v6-m/nofp/libgcc.a(eqsf2.o)
 .data          0x0000000000000000        0x0 /home/hzt/.local/toolchains/gcc-arm-none-eabi-10-2020-q4-major/bin/../lib/gcc/arm-none-eabi/10.2.1/thumb/v6-m/nofp/libgcc.a(eqsf2.o)
 .bss           0x0000000000000000        0x0 /home/hzt/.local/toolchains/gcc-arm-none-eabi-10-2020-q4-major/bin/../lib/gcc/arm-none-eabi/10.2.1/thumb/v6-m/nofp/libgcc.a(eqsf2.o)
 .debug_frame   0x0000000000000000       0x2c /home/hzt/.local/toolchains/gcc-arm-none-eabi-10-2020-q4-major/bin/../lib/gcc/arm-none-eabi/10.2.1/thumb/v6-m/nofp/libgcc.a(eqsf2.o)
 .ARM.attributes
                0x0000000000000000       0x2c /home/hzt/.local/toolchains/gcc-arm-none-eabi-10-2020-q4-major/bin/../lib/gcc/arm-none-eabi/10.2.1/thumb/v6-m/nofp/libgcc.a(eqsf2.o)
 .text          0x0000000000000000       0x8c /home/hzt/.local/toolchains/gcc-arm-none-eabi-10-2020-q4-major/bin/../lib/gcc/arm-none-eabi/10.2.1/thumb/v6-m/nofp/libgcc.a(gesf2.o)
 .data          0x0000000000000000        0x0 /home/hzt/.local/toolchains/gcc-arm-none-eabi-10-2020-q4-major/bin/../lib/gcc/arm-none-eabi/10.2.1/thumb/v6-m/nofp/libgcc.a(gesf2.o)
 .bss           0x0000000000000000        0x0 /home/hzt/.local/toolchains/gcc-arm-none-eabi-10-2020-q4-major/bin/../lib/gcc/arm-none-eabi/10.2.1/thumb/v6-m/nofp/libgcc.a(gesf2.o)
 .debug_frame   0x0000000000000000       0x2c /home/hzt/.local/toolchains/gcc-arm-none-eabi-10-2020-q4-major/bin/../lib/gcc/arm-none-eabi/10.2.1/thumb/v6-m/nofp/libgcc.a(gesf2.o)
 .ARM.attributes
                0x0000000000000000       0x2c /home/hzt/.local/toolchains/gcc-arm-none-eabi-10-2020-q4-major/bin/../lib/gcc/arm-none-eabi/10.2.1/thumb/v6-m/nofp/libgcc.a(gesf2.o)
 .text          0x0000000000000000       0x88 /home/hzt/.local/toolchains/gcc-arm-none-eabi-10-2020-q4-major/bin/../lib/gcc/arm-none-eabi/10.2.1/thumb/v6-m/nofp/libgcc.a(lesf2.o)
 .data          0x0000000000000000        0x0 /home/hzt/.local/toolchains/gcc-arm-none-eabi-10-2020-q4-major/bin/../lib/gcc/arm-none-eabi/10.2.1/thumb/v6-m/nofp/libgcc.a(lesf2.o)
 .bss           0x0000000000000000        0x0 /home/hzt/.local/toolchains/gcc-arm-none-eabi-10-2020-q4-major/bin/../lib/gcc/arm-none-eabi/10.2.1/thumb/v6-m/nofp/libgcc.a(lesf2.o)
 .debug_frame   0x0000000000000000       0x2c /home/hzt/.local/toolchains/gcc-arm-none-eabi-10-2020-q4-major/bin/../lib/gcc/arm-none-eabi/10.2.1/thumb/v6-m/nofp/libgcc.a(lesf2.o)
 .ARM.attributes
                0x0000000000000000       0x2c /home/hzt/.local/toolchains/gcc-arm-none-eabi-10-2020-q4-major/bin/../lib/gcc/arm-none-eabi/10.2.1/thumb/v6-m/nofp/libgcc.a(lesf2.o)
 .text          0x0000000000000000      0x24c /home/hzt/.local/toolchains/gcc-arm-none-eabi-10-2020-q4-major/bin/../lib/gcc/arm-none-eabi/10.2.1/thumb/v6-m/nofp/libgcc.a(mulsf3.o)
 .data          0x0000000000000000        0x0 /home/hzt/.local/toolchains/gcc-arm-none-eabi-10-2020-q4-major/bin/../lib/gcc/arm-none-eabi/10.2.1/thumb/v6-m/nofp/libgcc.a(mulsf3.o)
 .bss           0x0000000000000000        0x0 /home/hzt/.local/toolchains/gcc-arm-none-eabi-10-2020-q4-major/bin/../lib/gcc/arm-none-eabi/10.2.1/thumb/v6-m/nofp/libgcc.a(mulsf3.o)
 .rodata        0x0000000000000000       0x40 /home/hzt/.local/toolchains/gcc-arm-none-eabi-10-2020-q4-major/bin/../lib/gcc/arm-none-eabi/10.2.1/thumb/v6-m/nofp/libgcc.a(mulsf3.o)
 .debug_frame   0x0000000000000000       0x38 /home/hzt/.local/toolchains/gcc-arm-none-eabi-10-2020-q4-major/bin/../lib/gcc/arm-none-eabi/10.2.1/thumb/v6-m/nofp/libgcc.a(mulsf3.o)
 .ARM.attributes
                0x0000000000000000       0x2c /home/hzt/.local/toolchains/gcc-arm-none-eabi-10-2020-q4-major/bin/../lib/gcc/arm-none-eabi/10.2.1/thumb/v6-m/nofp/libgcc.a(mulsf3.o)
 .text          0x0000000000000000       0x3c /home/hzt/.local/toolchains/gcc-arm-none-eabi-10-2020-q4-major/bin/../lib/gcc/arm-none-eabi/10.2.1/thumb/v6-m/nofp/libgcc.a(_clzsi2.o)
 .data          0x0000000000000000        0x0 /home/hzt/.local/toolchains/gcc-arm-none-eabi-10-2020-q4-major/bin/../lib/gcc/arm-none-eabi/10.2.1/thumb/v6-m/nofp/libgcc.a(_clzsi2.o)
 .bss           0x0000000000000000        0x0 /home/hzt/.local/toolchains/gcc-arm-none-eabi-10-2020-q4-major/bin/../lib/gcc/arm-none-eabi/10.2.1/thumb/v6-m/nofp/libgcc.a(_clzsi2.o)
 .ARM.attributes
                0x0000000000000000       0x1e /home/hzt/.local/toolchains/gcc-arm-none-eabi-10-2020-q4-major/bin/../lib/gcc/arm-none-eabi/10.2.1/thumb/v6-m/nofp/libgcc.a(_clzsi2.o)

Memory Configuration

Name             Origin             Length             Attributes
FLASH            0x0000000008000000 0x0000000000010000 xr
RAM              0x0000000020000000 0x0000000000004000 xrw
*default*        0x0000000000000000 0xffffffffffffffff

Linker script and memory map

                0x0000000020004000                _estack = (ORIGIN (RAM) + LENGTH (RAM))
                0x0000000000000800                _stack_size = 0x800
                0x0000000020003800                _stack_bottom = (_estack - _stack_size)

.isr_vector     0x0000000008000000       0x40
 *(.isr_vector)
 .isr_vector    0x0000000008000000       0x40 /tmp/ccW1bOaO.o
                0x0000000008000000                vector_table

.text           0x0000000008000040     0x2294
 *(.text*)
 .text.SysTick_Handler
                0x0000000008000040       0x10 /tmp/ccW1bOaO.o
                0x0000000008000040                SysTick_Handler
 .text.stop_with_led_off
                0x0000000008000050       0x10 /tmp/ccW1bOaO.o
 .text.gpio_config_af
                0x0000000008000060       0x46 /tmp/ccW1bOaO.o
 *fill*         0x00000000080000a6        0x2 
 .text.should_accept_transfer
                0x00000000080000a8       0x44 /tmp/ccW1bOaO.o
 .text.Default_Handler
                0x00000000080000ec        0x6 /tmp/ccW1bOaO.o
                0x00000000080000ec                Default_Handler
 *fill*         0x00000000080000f2        0x2 
 .text.can_process_tx
                0x00000000080000f4       0x24 /tmp/ccW1bOaO.o
 .text.publish_uart_packet.part.0.isra.0
                0x0000000008000118       0x7c /tmp/ccW1bOaO.o
 .text.on_transfer_received
                0x0000000008000194      0x20c /tmp/ccW1bOaO.o
 .text.Reset_Handler
                0x00000000080003a0      0x564 /tmp/ccW1bOaO.o
                0x00000000080003a0                Reset_Handler
 .text.usleep   0x0000000008000904       0x28 /tmp/ccW1bOaO.o
                0x0000000008000904                usleep
 .text.memset   0x000000000800092c       0x10 /tmp/ccfanliK.o
                0x000000000800092c                memset
 .text.memcpy   0x000000000800093c       0x12 /tmp/ccfanliK.o
                0x000000000800093c                memcpy
 .text.pushTxQueue
                0x000000000800094e       0x96 /tmp/ccPoasAd.o
 .text.copyBitArray
                0x00000000080009e4       0x88 /tmp/ccPoasAd.o
 .text.crcAddByte
                0x0000000008000a6c       0x24 /tmp/ccPoasAd.o
 .text.crcAdd   0x0000000008000a90       0x16 /tmp/ccPoasAd.o
 .text.allocateBlock
                0x0000000008000aa6       0x1e /tmp/ccPoasAd.o
 .text.createRxState
                0x0000000008000ac4       0x2c /tmp/ccPoasAd.o
 .text.dlcToDataLength
                0x0000000008000af0       0x38 /tmp/ccPoasAd.o
 .text.dataLengthToDlc
                0x0000000008000b28       0x38 /tmp/ccPoasAd.o
 .text.calculateCRC
                0x0000000008000b60       0x44 /tmp/ccPoasAd.o
 .text.releaseStatePayload.isra.0
                0x0000000008000ba4       0x24 /tmp/ccPoasAd.o
 .text.bufferBlockPushBytes
                0x0000000008000bc8      0x12c /tmp/ccPoasAd.o
 .text.enqueueTxFrames
                0x0000000008000cf4      0x166 /tmp/ccPoasAd.o
 *fill*         0x0000000008000e5a        0x2 
 .text.canardInit
                0x0000000008000e5c       0x64 /tmp/ccPoasAd.o
                0x0000000008000e5c                canardInit
 .text.canardSetLocalNodeID
                0x0000000008000ec0       0x10 /tmp/ccPoasAd.o
                0x0000000008000ec0                canardSetLocalNodeID
 .text.canardBroadcastObj
                0x0000000008000ed0       0x8c /tmp/ccPoasAd.o
                0x0000000008000ed0                canardBroadcastObj
 .text.canardBroadcast
                0x0000000008000f5c       0x4c /tmp/ccPoasAd.o
                0x0000000008000f5c                canardBroadcast
 .text.canardRequestOrRespondObj
                0x0000000008000fa8       0x72 /tmp/ccPoasAd.o
                0x0000000008000fa8                canardRequestOrRespondObj
 .text.canardRequestOrRespond
                0x000000000800101a       0x64 /tmp/ccPoasAd.o
                0x000000000800101a                canardRequestOrRespond
 .text.canardPeekTxQueue
                0x000000000800107e        0xa /tmp/ccPoasAd.o
                0x000000000800107e                canardPeekTxQueue
 .text.canardPopTxQueue
                0x0000000008001088       0x14 /tmp/ccPoasAd.o
                0x0000000008001088                canardPopTxQueue
 .text.canardCleanupStaleTransfers
                0x000000000800109c       0x70 /tmp/ccPoasAd.o
                0x000000000800109c                canardCleanupStaleTransfers
 .text.canardDecodeScalar
                0x000000000800110c      0x24c /tmp/ccPoasAd.o
                0x000000000800110c                canardDecodeScalar
 .text.canardEncodeScalar
                0x0000000008001358       0x7a /tmp/ccPoasAd.o
                0x0000000008001358                canardEncodeScalar
 .text.canardReleaseRxTransferPayload
                0x00000000080013d2       0x22 /tmp/ccPoasAd.o
                0x00000000080013d2                canardReleaseRxTransferPayload
 .text.extractTransferType
                0x00000000080013f4       0x10 /tmp/ccPoasAd.o
                0x00000000080013f4                extractTransferType
 .text.extractDataType
                0x0000000008001404       0x20 /tmp/ccPoasAd.o
                0x0000000008001404                extractDataType
 .text.canardHandleRxFrame
                0x0000000008001424      0x494 /tmp/ccPoasAd.o
                0x0000000008001424                canardHandleRxFrame
 .text.convertFrameIDRegisterToCanard
                0x00000000080018b8       0x1c /tmp/ccBEOUfB.o
 .text.processErrorStatus
                0x00000000080018d4       0x48 /tmp/ccBEOUfB.o
 .text.canardSTM32Init
                0x000000000800191c      0x158 /tmp/ccBEOUfB.o
                0x000000000800191c                canardSTM32Init
 .text.canardSTM32Transmit
                0x0000000008001a74      0x11c /tmp/ccBEOUfB.o
                0x0000000008001a74                canardSTM32Transmit
 .text.canardSTM32Receive
                0x0000000008001b90       0x80 /tmp/ccBEOUfB.o
                0x0000000008001b90                canardSTM32Receive
 .text.uavcan_tunnel_Targetted_encode
                0x0000000008001c10       0x9e /tmp/ccmkWQHY.o
                0x0000000008001c10                uavcan_tunnel_Targetted_encode
 .text.uavcan_tunnel_Targetted_decode
                0x0000000008001cae       0xd0 /tmp/ccmkWQHY.o
                0x0000000008001cae                uavcan_tunnel_Targetted_decode
 .text.uavcan_protocol_NodeStatus_encode
                0x0000000008001d7e       0x52 /tmp/cc3BNnFR.o
                0x0000000008001d7e                uavcan_protocol_NodeStatus_encode
 .text.uavcan_protocol_GetNodeInfoResponse_encode
                0x0000000008001dd0      0x174 /tmp/cc6tb1ey.o
                0x0000000008001dd0                uavcan_protocol_GetNodeInfoResponse_encode
 .text          0x0000000008001f44      0x114 /home/hzt/.local/toolchains/gcc-arm-none-eabi-10-2020-q4-major/bin/../lib/gcc/arm-none-eabi/10.2.1/thumb/v6-m/nofp/libgcc.a(_udivsi3.o)
                0x0000000008001f44                __udivsi3
                0x0000000008001f44                __aeabi_uidiv
                0x0000000008002050                __aeabi_uidivmod
 .text          0x0000000008002058      0x1d4 /home/hzt/.local/toolchains/gcc-arm-none-eabi-10-2020-q4-major/bin/../lib/gcc/arm-none-eabi/10.2.1/thumb/v6-m/nofp/libgcc.a(_divsi3.o)
                0x0000000008002058                __aeabi_idiv
                0x0000000008002058                __divsi3
                0x0000000008002224                __aeabi_idivmod
 .text          0x000000000800222c        0x4 /home/hzt/.local/toolchains/gcc-arm-none-eabi-10-2020-q4-major/bin/../lib/gcc/arm-none-eabi/10.2.1/thumb/v6-m/nofp/libgcc.a(_dvmd_tls.o)
                0x000000000800222c                __aeabi_ldiv0
                0x000000000800222c                __aeabi_idiv0
 .text          0x0000000008002230       0x18 /home/hzt/.local/toolchains/gcc-arm-none-eabi-10-2020-q4-major/bin/../lib/gcc/arm-none-eabi/10.2.1/thumb/v6-m/nofp/libgcc.a(_lshrdi3.o)
                0x0000000008002230                __aeabi_llsr
                0x0000000008002230                __lshrdi3
 .text          0x0000000008002248       0x18 /home/hzt/.local/toolchains/gcc-arm-none-eabi-10-2020-q4-major/bin/../lib/gcc/arm-none-eabi/10.2.1/thumb/v6-m/nofp/libgcc.a(_ashldi3.o)
                0x0000000008002248                __ashldi3
                0x0000000008002248                __aeabi_llsl
 .text          0x0000000008002260       0x5c /home/hzt/.local/toolchains/gcc-arm-none-eabi-10-2020-q4-major/bin/../lib/gcc/arm-none-eabi/10.2.1/thumb/v6-m/nofp/libgcc.a(_muldi3.o)
                0x0000000008002260                __aeabi_lmul
                0x0000000008002260                __muldi3
 *(.rodata*)
 .rodata.node_name.1
                0x00000000080022bc       0x16 /tmp/ccW1bOaO.o
                0x00000000080022d4                . = ALIGN (0x4)
 *fill*         0x00000000080022d2        0x2 
                0x00000000080022d4                _sidata = LOADADDR (.data)

.glue_7         0x00000000080022d4        0x0
 .glue_7        0x00000000080022d4        0x0 linker stubs

.glue_7t        0x00000000080022d4        0x0
 .glue_7t       0x00000000080022d4        0x0 linker stubs

.vfp11_veneer   0x00000000080022d4        0x0
 .vfp11_veneer  0x00000000080022d4        0x0 linker stubs

.v4_bx          0x00000000080022d4        0x0
 .v4_bx         0x00000000080022d4        0x0 linker stubs

.iplt           0x00000000080022d4        0x0
 .iplt          0x00000000080022d4        0x0 /tmp/ccW1bOaO.o

.rel.dyn        0x00000000080022d4        0x0
 .rel.iplt      0x00000000080022d4        0x0 /tmp/ccW1bOaO.o

.data           0x0000000020000000      0x674 load address 0x00000000080022d4
                0x0000000020000000                . = ALIGN (0x4)
                0x0000000020000000                _sdata = .
 *(.data*)
 .data.g_uart_ports
                0x0000000020000000      0x670 /tmp/ccW1bOaO.o
 .data.initialized_marker
                0x0000000020000670        0x4 /tmp/ccW1bOaO.o
                0x0000000020000670                initialized_marker
                0x0000000020000674                . = ALIGN (0x4)
                0x0000000020000674                _edata = .

.igot.plt       0x0000000020000674        0x0 load address 0x0000000008002948
 .igot.plt      0x0000000020000674        0x0 /tmp/ccW1bOaO.o

.bss            0x0000000020000678     0x1b50 load address 0x0000000008002948
                0x0000000020000678                . = ALIGN (0x8)
                0x0000000020000678                _sbss = .
 *(.bss*)
 .bss.g_canard  0x0000000020000678       0x30 /tmp/ccW1bOaO.o
 .bss.g_canard_memory_pool
                0x00000000200006a8     0x1800 /tmp/ccW1bOaO.o
 .bss.g_millis  0x0000000020001ea8        0x4 /tmp/ccW1bOaO.o
 .bss.g_node_status_transfer_id
                0x0000000020001eac        0x1 /tmp/ccW1bOaO.o
 .bss.g_tunnel_transfer_id
                0x0000000020001ead        0x1 /tmp/ccW1bOaO.o
 .bss.payload.0
                0x0000000020001eae      0x179 /tmp/ccW1bOaO.o
 *fill*         0x0000000020002027        0x1 
 .bss.response.2
                0x0000000020002028      0x188 /tmp/ccW1bOaO.o
 .bss.zero_marker
                0x00000000200021b0        0x4 /tmp/ccW1bOaO.o
                0x00000000200021b0                zero_marker
 .bss.g_abort_tx_on_error
                0x00000000200021b4        0x1 /tmp/ccBEOUfB.o
 *fill*         0x00000000200021b5        0x3 
 .bss.g_stats   0x00000000200021b8       0x10 /tmp/ccBEOUfB.o
 *(COMMON)
                0x00000000200021c8                . = ALIGN (0x8)
                0x00000000200021c8                _ebss = .
                0x0000000000000001                ASSERT (((_sidata & 0x3) == 0x0), .data Flash load address must be 4-byte aligned)
                0x0000000000000001                ASSERT ((_ebss <= _stack_bottom), RAM overflow: static data collides with reserved stack)

/DISCARD/
 *(.comment*)
 *(.ARM.attributes*)
 *(.ARM.exidx*)
 *(.ARM.extab*)
LOAD /tmp/ccW1bOaO.o
LOAD /tmp/ccfanliK.o
LOAD /tmp/ccPoasAd.o
LOAD /tmp/ccBEOUfB.o
LOAD /tmp/ccEReTED.o
LOAD /tmp/ccmkWQHY.o
LOAD /tmp/cc3BNnFR.o
LOAD /tmp/ccLgpDT6.o
LOAD /tmp/cc6tb1ey.o
LOAD /tmp/ccizl5MU.o
LOAD /tmp/ccyyc516.o
LOAD /home/hzt/.local/toolchains/gcc-arm-none-eabi-10-2020-q4-major/bin/../lib/gcc/arm-none-eabi/10.2.1/thumb/v6-m/nofp/libgcc.a
OUTPUT(firmware.elf elf32-littlearm)
LOAD linker stubs

.debug_frame    0x0000000000000000       0x74
 .debug_frame   0x0000000000000000       0x20 /home/hzt/.local/toolchains/gcc-arm-none-eabi-10-2020-q4-major/bin/../lib/gcc/arm-none-eabi/10.2.1/thumb/v6-m/nofp/libgcc.a(_udivsi3.o)
 .debug_frame   0x0000000000000020       0x20 /home/hzt/.local/toolchains/gcc-arm-none-eabi-10-2020-q4-major/bin/../lib/gcc/arm-none-eabi/10.2.1/thumb/v6-m/nofp/libgcc.a(_divsi3.o)
 .debug_frame   0x0000000000000040       0x34 /home/hzt/.local/toolchains/gcc-arm-none-eabi-10-2020-q4-major/bin/../lib/gcc/arm-none-eabi/10.2.1/thumb/v6-m/nofp/libgcc.a(_muldi3.o)
