Archive member included to satisfy reference by file (symbol)

/home/hzt/.local/toolchains/gcc-arm-none-eabi-10-2020-q4-major/bin/../lib/gcc/arm-none-eabi/10.2.1/thumb/v6-m/nofp/libgcc.a(_udivsi3.o)
                              /tmp/ccpsoK95.o (__aeabi_uidiv)
/home/hzt/.local/toolchains/gcc-arm-none-eabi-10-2020-q4-major/bin/../lib/gcc/arm-none-eabi/10.2.1/thumb/v6-m/nofp/libgcc.a(_divsi3.o)
                              /tmp/ccpsoK95.o (__aeabi_idiv)
/home/hzt/.local/toolchains/gcc-arm-none-eabi-10-2020-q4-major/bin/../lib/gcc/arm-none-eabi/10.2.1/thumb/v6-m/nofp/libgcc.a(_dvmd_tls.o)
                              /home/hzt/.local/toolchains/gcc-arm-none-eabi-10-2020-q4-major/bin/../lib/gcc/arm-none-eabi/10.2.1/thumb/v6-m/nofp/libgcc.a(_udivsi3.o) (__aeabi_idiv0)
/home/hzt/.local/toolchains/gcc-arm-none-eabi-10-2020-q4-major/bin/../lib/gcc/arm-none-eabi/10.2.1/thumb/v6-m/nofp/libgcc.a(_lshrdi3.o)
                              /tmp/ccO5p1ba.o (__aeabi_llsr)
/home/hzt/.local/toolchains/gcc-arm-none-eabi-10-2020-q4-major/bin/../lib/gcc/arm-none-eabi/10.2.1/thumb/v6-m/nofp/libgcc.a(_ashldi3.o)
                              /tmp/ccO5p1ba.o (__aeabi_llsl)
/home/hzt/.local/toolchains/gcc-arm-none-eabi-10-2020-q4-major/bin/../lib/gcc/arm-none-eabi/10.2.1/thumb/v6-m/nofp/libgcc.a(_arm_cmpsf2.o)
                              /tmp/ccO5p1ba.o (__aeabi_fcmpge)
/home/hzt/.local/toolchains/gcc-arm-none-eabi-10-2020-q4-major/bin/../lib/gcc/arm-none-eabi/10.2.1/thumb/v6-m/nofp/libgcc.a(_muldi3.o)
                              /tmp/ccpsoK95.o (__aeabi_lmul)
/home/hzt/.local/toolchains/gcc-arm-none-eabi-10-2020-q4-major/bin/../lib/gcc/arm-none-eabi/10.2.1/thumb/v6-m/nofp/libgcc.a(eqsf2.o)
                              /home/hzt/.local/toolchains/gcc-arm-none-eabi-10-2020-q4-major/bin/../lib/gcc/arm-none-eabi/10.2.1/thumb/v6-m/nofp/libgcc.a(_arm_cmpsf2.o) (__eqsf2)
/home/hzt/.local/toolchains/gcc-arm-none-eabi-10-2020-q4-major/bin/../lib/gcc/arm-none-eabi/10.2.1/thumb/v6-m/nofp/libgcc.a(gesf2.o)
                              /home/hzt/.local/toolchains/gcc-arm-none-eabi-10-2020-q4-major/bin/../lib/gcc/arm-none-eabi/10.2.1/thumb/v6-m/nofp/libgcc.a(_arm_cmpsf2.o) (__gesf2)
/home/hzt/.local/toolchains/gcc-arm-none-eabi-10-2020-q4-major/bin/../lib/gcc/arm-none-eabi/10.2.1/thumb/v6-m/nofp/libgcc.a(lesf2.o)
                              /home/hzt/.local/toolchains/gcc-arm-none-eabi-10-2020-q4-major/bin/../lib/gcc/arm-none-eabi/10.2.1/thumb/v6-m/nofp/libgcc.a(_arm_cmpsf2.o) (__lesf2)
/home/hzt/.local/toolchains/gcc-arm-none-eabi-10-2020-q4-major/bin/../lib/gcc/arm-none-eabi/10.2.1/thumb/v6-m/nofp/libgcc.a(mulsf3.o)
                              /tmp/ccO5p1ba.o (__aeabi_fmul)
/home/hzt/.local/toolchains/gcc-arm-none-eabi-10-2020-q4-major/bin/../lib/gcc/arm-none-eabi/10.2.1/thumb/v6-m/nofp/libgcc.a(_clzsi2.o)
                              /home/hzt/.local/toolchains/gcc-arm-none-eabi-10-2020-q4-major/bin/../lib/gcc/arm-none-eabi/10.2.1/thumb/v6-m/nofp/libgcc.a(mulsf3.o) (__clzsi2)

Discarded input sections

 .text          0x0000000000000000        0x0 /tmp/ccpsoK95.o
 .data          0x0000000000000000        0x0 /tmp/ccpsoK95.o
 .bss           0x0000000000000000        0x0 /tmp/ccpsoK95.o
 .comment       0x0000000000000000       0x4e /tmp/ccpsoK95.o
 .ARM.attributes
                0x0000000000000000       0x2c /tmp/ccpsoK95.o
 .text          0x0000000000000000        0x0 /tmp/ccpqEfA5.o
 .data          0x0000000000000000        0x0 /tmp/ccpqEfA5.o
 .bss           0x0000000000000000        0x0 /tmp/ccpqEfA5.o
 .comment       0x0000000000000000       0x4e /tmp/ccpqEfA5.o
 .ARM.attributes
                0x0000000000000000       0x2c /tmp/ccpqEfA5.o
 .text          0x0000000000000000        0x0 /tmp/ccO5p1ba.o
 .data          0x0000000000000000        0x0 /tmp/ccO5p1ba.o
 .bss           0x0000000000000000        0x0 /tmp/ccO5p1ba.o
 .text.canardGetUserReference
                0x0000000000000000        0x4 /tmp/ccO5p1ba.o
 .text.canardGetLocalNodeID
                0x0000000000000000        0x4 /tmp/ccO5p1ba.o
 .text.canardForgetLocalNodeID
                0x0000000000000000        0x6 /tmp/ccO5p1ba.o
 .text.canardInitTxTransfer
                0x0000000000000000        0xc /tmp/ccO5p1ba.o
 .text.canardGetPoolAllocatorStatistics
                0x0000000000000000       0x10 /tmp/ccO5p1ba.o
 .text.canardConvertNativeFloatToFloat16
                0x0000000000000000       0x64 /tmp/ccO5p1ba.o
 .text.canardConvertFloat16ToNativeFloat
                0x0000000000000000       0x34 /tmp/ccO5p1ba.o
 .comment       0x0000000000000000       0x4e /tmp/ccO5p1ba.o
 .ARM.attributes
                0x0000000000000000       0x2c /tmp/ccO5p1ba.o
 .text          0x0000000000000000        0x0 /tmp/ccT9v01B.o
 .data          0x0000000000000000        0x0 /tmp/ccT9v01B.o
 .bss           0x0000000000000000        0x0 /tmp/ccT9v01B.o
 .text.canardSTM32ConfigureAcceptanceFilters
                0x0000000000000000       0x90 /tmp/ccT9v01B.o
 .text.canardSTM32GetStats
                0x0000000000000000       0x14 /tmp/ccT9v01B.o
 .comment       0x0000000000000000       0x4e /tmp/ccT9v01B.o
 .ARM.attributes
                0x0000000000000000       0x2c /tmp/ccT9v01B.o
 .text          0x0000000000000000        0x0 /tmp/cce2IBkR.o
 .data          0x0000000000000000        0x0 /tmp/cce2IBkR.o
 .bss           0x0000000000000000        0x0 /tmp/cce2IBkR.o
 .text.uavcan_tunnel_Protocol_encode
                0x0000000000000000       0x20 /tmp/cce2IBkR.o
 .text.uavcan_tunnel_Protocol_decode
                0x0000000000000000       0x36 /tmp/cce2IBkR.o
 .comment       0x0000000000000000       0x4e /tmp/cce2IBkR.o
 .ARM.attributes
                0x0000000000000000       0x2c /tmp/cce2IBkR.o
 .text          0x0000000000000000        0x0 /tmp/ccPWoCpg.o
 .data          0x0000000000000000        0x0 /tmp/ccPWoCpg.o
 .bss           0x0000000000000000        0x0 /tmp/ccPWoCpg.o
 .comment       0x0000000000000000       0x4e /tmp/ccPWoCpg.o
 .ARM.attributes
                0x0000000000000000       0x2c /tmp/ccPWoCpg.o
 .text          0x0000000000000000        0x0 /tmp/ccpSBJDf.o
 .data          0x0000000000000000        0x0 /tmp/ccpSBJDf.o
 .bss           0x0000000000000000        0x0 /tmp/ccpSBJDf.o
 .text.uavcan_protocol_NodeStatus_decode
                0x0000000000000000       0x7c /tmp/ccpSBJDf.o
 .comment       0x0000000000000000       0x4e /tmp/ccpSBJDf.o
 .ARM.attributes
                0x0000000000000000       0x2c /tmp/ccpSBJDf.o
 .text          0x0000000000000000        0x0 /tmp/ccyG82A7.o
 .data          0x0000000000000000        0x0 /tmp/ccyG82A7.o
 .bss           0x0000000000000000        0x0 /tmp/ccyG82A7.o
 .text.uavcan_protocol_GetNodeInfoRequest_encode
                0x0000000000000000       0x10 /tmp/ccyG82A7.o
 .text.uavcan_protocol_GetNodeInfoRequest_decode
                0x0000000000000000       0x12 /tmp/ccyG82A7.o
 .comment       0x0000000000000000       0x4e /tmp/ccyG82A7.o
 .ARM.attributes
                0x0000000000000000       0x2c /tmp/ccyG82A7.o
 .text          0x0000000000000000        0x0 /tmp/cciqX9fe.o
 .data          0x0000000000000000        0x0 /tmp/cciqX9fe.o
 .bss           0x0000000000000000        0x0 /tmp/cciqX9fe.o
 .text.uavcan_protocol_GetNodeInfoResponse_decode
                0x0000000000000000      0x1d0 /tmp/cciqX9fe.o
 .comment       0x0000000000000000       0x4e /tmp/cciqX9fe.o
 .ARM.attributes
                0x0000000000000000       0x2c /tmp/cciqX9fe.o
 .text          0x0000000000000000        0x0 /tmp/ccwO4pqo.o
 .data          0x0000000000000000        0x0 /tmp/ccwO4pqo.o
 .bss           0x0000000000000000        0x0 /tmp/ccwO4pqo.o
 .text.uavcan_protocol_HardwareVersion_encode
                0x0000000000000000       0x90 /tmp/ccwO4pqo.o
 .text.uavcan_protocol_HardwareVersion_decode
                0x0000000000000000       0xc0 /tmp/ccwO4pqo.o
 .comment       0x0000000000000000       0x4e /tmp/ccwO4pqo.o
 .ARM.attributes
                0x0000000000000000       0x2c /tmp/ccwO4pqo.o
 .text          0x0000000000000000        0x0 /tmp/ccRZynMc.o
 .data          0x0000000000000000        0x0 /tmp/ccRZynMc.o
 .bss           0x0000000000000000        0x0 /tmp/ccRZynMc.o
 .text.uavcan_protocol_SoftwareVersion_encode
                0x0000000000000000       0x52 /tmp/ccRZynMc.o
 .text.uavcan_protocol_SoftwareVersion_decode
                0x0000000000000000       0x7c /tmp/ccRZynMc.o
 .comment       0x0000000000000000       0x4e /tmp/ccRZynMc.o
 .ARM.attributes
                0x0000000000000000       0x2c /tmp/ccRZynMc.o
 .data          0x0000000000000000        0x0 /home/hzt/.local/toolchains/gcc-arm-none-eabi-10-2020-q4-major/bin/../lib/gcc/arm-none-eabi/10.2.1/thumb/v6-m/nofp/libgcc.a(_udivsi3.o)
 .bss           0x0000000000000000        0x0 /home/hzt/.local/toolchains/gcc-arm-none-eabi-10-2020-q4-major/bin/../lib/gcc/arm-none-eabi/10.2.1/thumb/v6-m/nofp/libgcc.a(_udivsi3.o)
 .ARM.attributes
                0x0000000000000000       0x1e /home/hzt/.local/toolchains/gcc-arm-none-eabi-10-2020-q4-major/bin/../lib/gcc/arm-none-eabi/10.2.1/thumb/v6-m/nofp/libgcc.a(_udivsi3.o)
 .data          0x0000000000000000        0x0 /home/hzt/.local/toolchains/gcc-arm-none-eabi-10-2020-q4-major/bin/../lib/gcc/arm-none-eabi/10.2.1/thumb/v6-m/nofp/libgcc.a(_divsi3.o)
 .bss           0x0000000000000000        0x0 /home/hzt/.local/toolchains/gcc-arm-none-eabi-10-2020-q4-major/bin/../lib/gcc/arm-none-eabi/10.2.1/thumb/v6-m/nofp/libgcc.a(_divsi3.o)
 .ARM.attributes
                0x0000000000000000       0x1e /home/hzt/.local/toolchains/gcc-arm-none-eabi-10-2020-q4-major/bin/../lib/gcc/arm-none-eabi/10.2.1/thumb/v6-m/nofp/libgcc.a(_divsi3.o)
 .data          0x0000000000000000        0x0 /home/hzt/.local/toolchains/gcc-arm-none-eabi-10-2020-q4-major/bin/../lib/gcc/arm-none-eabi/10.2.1/thumb/v6-m/nofp/libgcc.a(_dvmd_tls.o)
 .bss           0x0000000000000000        0x0 /home/hzt/.local/toolchains/gcc-arm-none-eabi-10-2020-q4-major/bin/../lib/gcc/arm-none-eabi/10.2.1/thumb/v6-m/nofp/libgcc.a(_dvmd_tls.o)
 .ARM.attributes
                0x0000000000000000       0x1e /home/hzt/.local/toolchains/gcc-arm-none-eabi-10-2020-q4-major/bin/../lib/gcc/arm-none-eabi/10.2.1/thumb/v6-m/nofp/libgcc.a(_dvmd_tls.o)
 .data          0x0000000000000000        0x0 /home/hzt/.local/toolchains/gcc-arm-none-eabi-10-2020-q4-major/bin/../lib/gcc/arm-none-eabi/10.2.1/thumb/v6-m/nofp/libgcc.a(_lshrdi3.o)
 .bss           0x0000000000000000        0x0 /home/hzt/.local/toolchains/gcc-arm-none-eabi-10-2020-q4-major/bin/../lib/gcc/arm-none-eabi/10.2.1/thumb/v6-m/nofp/libgcc.a(_lshrdi3.o)
 .ARM.attributes
                0x0000000000000000       0x1e /home/hzt/.local/toolchains/gcc-arm-none-eabi-10-2020-q4-major/bin/../lib/gcc/arm-none-eabi/10.2.1/thumb/v6-m/nofp/libgcc.a(_lshrdi3.o)
 .data          0x0000000000000000        0x0 /home/hzt/.local/toolchains/gcc-arm-none-eabi-10-2020-q4-major/bin/../lib/gcc/arm-none-eabi/10.2.1/thumb/v6-m/nofp/libgcc.a(_ashldi3.o)
 .bss           0x0000000000000000        0x0 /home/hzt/.local/toolchains/gcc-arm-none-eabi-10-2020-q4-major/bin/../lib/gcc/arm-none-eabi/10.2.1/thumb/v6-m/nofp/libgcc.a(_ashldi3.o)
 .ARM.attributes
                0x0000000000000000       0x1e /home/hzt/.local/toolchains/gcc-arm-none-eabi-10-2020-q4-major/bin/../lib/gcc/arm-none-eabi/10.2.1/thumb/v6-m/nofp/libgcc.a(_ashldi3.o)
 .text          0x0000000000000000       0x74 /home/hzt/.local/toolchains/gcc-arm-none-eabi-10-2020-q4-major/bin/../lib/gcc/arm-none-eabi/10.2.1/thumb/v6-m/nofp/libgcc.a(_arm_cmpsf2.o)
 .data          0x0000000000000000        0x0 /home/hzt/.local/toolchains/gcc-arm-none-eabi-10-2020-q4-major/bin/../lib/gcc/arm-none-eabi/10.2.1/thumb/v6-m/nofp/libgcc.a(_arm_cmpsf2.o)
 .bss           0x0000000000000000        0x0 /home/hzt/.local/toolchains/gcc-arm-none-eabi-10-2020-q4-major/bin/../lib/gcc/arm-none-eabi/10.2.1/thumb/v6-m/nofp/libgcc.a(_arm_cmpsf2.o)
 .ARM.attributes
                0x0000000000000000       0x1e /home/hzt/.local/toolchains/gcc-arm-none-eabi-10-2020-q4-major/bin/../lib/gcc/arm-none-eabi/10.2.1/thumb/v6-m/nofp/libgcc.a(_arm_cmpsf2.o)
 .data          0x0000000000000000        0x0 /home/hzt/.local/toolchains/gcc-arm-none-eabi-10-2020-q4-major/bin/../lib/gcc/arm-none-eabi/10.2.1/thumb/v6-m/nofp/libgcc.a(_muldi3.o)
 .bss           0x0000000000000000        0x0 /home/hzt/.local/toolchains/gcc-arm-none-eabi-10-2020-q4-major/bin/../lib/gcc/arm-none-eabi/10.2.1/thumb/v6-m/nofp/libgcc.a(_muldi3.o)
 .ARM.attributes
                0x0000000000000000       0x2c /home/hzt/.local/toolchains/gcc-arm-none-eabi-10-2020-q4-major/bin/../lib/gcc/arm-none-eabi/10.2.1/thumb/v6-m/nofp/libgcc.a(_muldi3.o)
 .text          0x0000000000000000       0x4c /home/hzt/.local/toolchains/gcc-arm-none-eabi-10-2020-q4-major/bin/../lib/gcc/arm-none-eabi/10.2.1/thumb/v6-m/nofp/libgcc.a(eqsf2.o)
 .data          0x0000000000000000        0x0 /home/hzt/.local/toolchains/gcc-arm-none-eabi-10-2020-q4-major/bin/../lib/gcc/arm-none-eabi/10.2.1/thumb/v6-m/nofp/libgcc.a(eqsf2.o)
 .bss           0x0000000000000000        0x0 /home/hzt/.local/toolchains/gcc-arm-none-eabi-10-2020-q4-major/bin/../lib/gcc/arm-none-eabi/10.2.1/thumb/v6-m/nofp/libgcc.a(eqsf2.o)
 .debug_frame   0x0000000000000000       0x2c /home/hzt/.local/toolchains/gcc-arm-none-eabi-10-2020-q4-major/bin/../lib/gcc/arm-none-eabi/10.2.1/thumb/v6-m/nofp/libgcc.a(eqsf2.o)
 .ARM.attributes
                0x0000000000000000       0x2c /home/hzt/.local/toolchains/gcc-arm-none-eabi-10-2020-q4-major/bin/../lib/gcc/arm-none-eabi/10.2.1/thumb/v6-m/nofp/libgcc.a(eqsf2.o)
 .text          0x0000000000000000       0x8c /home/hzt/.local/toolchains/gcc-arm-none-eabi-10-2020-q4-major/bin/../lib/gcc/arm-none-eabi/10.2.1/thumb/v6-m/nofp/libgcc.a(gesf2.o)
 .data          0x0000000000000000        0x0 /home/hzt/.local/toolchains/gcc-arm-none-eabi-10-2020-q4-major/bin/../lib/gcc/arm-none-eabi/10.2.1/thumb/v6-m/nofp/libgcc.a(gesf2.o)
 .bss           0x0000000000000000        0x0 /home/hzt/.local/toolchains/gcc-arm-none-eabi-10-2020-q4-major/bin/../lib/gcc/arm-none-eabi/10.2.1/thumb/v6-m/nofp/libgcc.a(gesf2.o)
 .debug_frame   0x0000000000000000       0x2c /home/hzt/.local/toolchains/gcc-arm-none-eabi-10-2020-q4-major/bin/../lib/gcc/arm-none-eabi/10.2.1/thumb/v6-m/nofp/libgcc.a(gesf2.o)
 .ARM.attributes
                0x0000000000000000       0x2c /home/hzt/.local/toolchains/gcc-arm-none-eabi-10-2020-q4-major/bin/../lib/gcc/arm-none-eabi/10.2.1/thumb/v6-m/nofp/libgcc.a(gesf2.o)
 .text          0x0000000000000000       0x88 /home/hzt/.local/toolchains/gcc-arm-none-eabi-10-2020-q4-major/bin/../lib/gcc/arm-none-eabi/10.2.1/thumb/v6-m/nofp/libgcc.a(lesf2.o)
 .data          0x0000000000000000        0x0 /home/hzt/.local/toolchains/gcc-arm-none-eabi-10-2020-q4-major/bin/../lib/gcc/arm-none-eabi/10.2.1/thumb/v6-m/nofp/libgcc.a(lesf2.o)
 .bss           0x0000000000000000        0x0 /home/hzt/.local/toolchains/gcc-arm-none-eabi-10-2020-q4-major/bin/../lib/gcc/arm-none-eabi/10.2.1/thumb/v6-m/nofp/libgcc.a(lesf2.o)
 .debug_frame   0x0000000000000000       0x2c /home/hzt/.local/toolchains/gcc-arm-none-eabi-10-2020-q4-major/bin/../lib/gcc/arm-none-eabi/10.2.1/thumb/v6-m/nofp/libgcc.a(lesf2.o)
 .ARM.attributes
                0x0000000000000000       0x2c /home/hzt/.local/toolchains/gcc-arm-none-eabi-10-2020-q4-major/bin/../lib/gcc/arm-none-eabi/10.2.1/thumb/v6-m/nofp/libgcc.a(lesf2.o)
 .text          0x0000000000000000      0x24c /home/hzt/.local/toolchains/gcc-arm-none-eabi-10-2020-q4-major/bin/../lib/gcc/arm-none-eabi/10.2.1/thumb/v6-m/nofp/libgcc.a(mulsf3.o)
 .data          0x0000000000000000        0x0 /home/hzt/.local/toolchains/gcc-arm-none-eabi-10-2020-q4-major/bin/../lib/gcc/arm-none-eabi/10.2.1/thumb/v6-m/nofp/libgcc.a(mulsf3.o)
 .bss           0x0000000000000000        0x0 /home/hzt/.local/toolchains/gcc-arm-none-eabi-10-2020-q4-major/bin/../lib/gcc/arm-none-eabi/10.2.1/thumb/v6-m/nofp/libgcc.a(mulsf3.o)
 .rodata        0x0000000000000000       0x40 /home/hzt/.local/toolchains/gcc-arm-none-eabi-10-2020-q4-major/bin/../lib/gcc/arm-none-eabi/10.2.1/thumb/v6-m/nofp/libgcc.a(mulsf3.o)
 .debug_frame   0x0000000000000000       0x38 /home/hzt/.local/toolchains/gcc-arm-none-eabi-10-2020-q4-major/bin/../lib/gcc/arm-none-eabi/10.2.1/thumb/v6-m/nofp/libgcc.a(mulsf3.o)
 .ARM.attributes
                0x0000000000000000       0x2c /home/hzt/.local/toolchains/gcc-arm-none-eabi-10-2020-q4-major/bin/../lib/gcc/arm-none-eabi/10.2.1/thumb/v6-m/nofp/libgcc.a(mulsf3.o)
 .text          0x0000000000000000       0x3c /home/hzt/.local/toolchains/gcc-arm-none-eabi-10-2020-q4-major/bin/../lib/gcc/arm-none-eabi/10.2.1/thumb/v6-m/nofp/libgcc.a(_clzsi2.o)
 .data          0x0000000000000000        0x0 /home/hzt/.local/toolchains/gcc-arm-none-eabi-10-2020-q4-major/bin/../lib/gcc/arm-none-eabi/10.2.1/thumb/v6-m/nofp/libgcc.a(_clzsi2.o)
 .bss           0x0000000000000000        0x0 /home/hzt/.local/toolchains/gcc-arm-none-eabi-10-2020-q4-major/bin/../lib/gcc/arm-none-eabi/10.2.1/thumb/v6-m/nofp/libgcc.a(_clzsi2.o)
 .ARM.attributes
                0x0000000000000000       0x1e /home/hzt/.local/toolchains/gcc-arm-none-eabi-10-2020-q4-major/bin/../lib/gcc/arm-none-eabi/10.2.1/thumb/v6-m/nofp/libgcc.a(_clzsi2.o)

Memory Configuration

Name             Origin             Length             Attributes
FLASH            0x0000000008000000 0x0000000000010000 xr
RAM              0x0000000020000000 0x0000000000004000 xrw
*default*        0x0000000000000000 0xffffffffffffffff

Linker script and memory map

                0x0000000020004000                _estack = (ORIGIN (RAM) + LENGTH (RAM))
                0x0000000000000800                _stack_size = 0x800
                0x0000000020003800                _stack_bottom = (_estack - _stack_size)

.isr_vector     0x0000000008000000       0x40
 *(.isr_vector)
 .isr_vector    0x0000000008000000       0x40 /tmp/ccpsoK95.o
                0x0000000008000000                vector_table

.text           0x0000000008000040     0x2338
 *(.text*)
 .text.SysTick_Handler
                0x0000000008000040       0x10 /tmp/ccpsoK95.o
                0x0000000008000040                SysTick_Handler
 .text.stop_with_led_off
                0x0000000008000050       0x10 /tmp/ccpsoK95.o
 .text.gpio_config_af
                0x0000000008000060       0x46 /tmp/ccpsoK95.o
 *fill*         0x00000000080000a6        0x2 
 .text.should_accept_transfer
                0x00000000080000a8       0x44 /tmp/ccpsoK95.o
 .text.Default_Handler
                0x00000000080000ec        0x6 /tmp/ccpsoK95.o
                0x00000000080000ec                Default_Handler
 *fill*         0x00000000080000f2        0x2 
 .text.can_process_tx
                0x00000000080000f4       0x24 /tmp/ccpsoK95.o
 .text.publish_uart_packet.part.0.isra.0
                0x0000000008000118       0x7c /tmp/ccpsoK95.o
 .text.on_transfer_received
                0x0000000008000194      0x20c /tmp/ccpsoK95.o
 .text.Reset_Handler
                0x00000000080003a0      0x608 /tmp/ccpsoK95.o
                0x00000000080003a0                Reset_Handler
 .text.usleep   0x00000000080009a8       0x28 /tmp/ccpsoK95.o
                0x00000000080009a8                usleep
 .text.memset   0x00000000080009d0       0x10 /tmp/ccpqEfA5.o
                0x00000000080009d0                memset
 .text.memcpy   0x00000000080009e0       0x12 /tmp/ccpqEfA5.o
                0x00000000080009e0                memcpy
 .text.pushTxQueue
                0x00000000080009f2       0x96 /tmp/ccO5p1ba.o
 .text.copyBitArray
                0x0000000008000a88       0x88 /tmp/ccO5p1ba.o
 .text.crcAddByte
                0x0000000008000b10       0x24 /tmp/ccO5p1ba.o
 .text.crcAdd   0x0000000008000b34       0x16 /tmp/ccO5p1ba.o
 .text.allocateBlock
                0x0000000008000b4a       0x1e /tmp/ccO5p1ba.o
 .text.createRxState
                0x0000000008000b68       0x2c /tmp/ccO5p1ba.o
 .text.dlcToDataLength
                0x0000000008000b94       0x38 /tmp/ccO5p1ba.o
 .text.dataLengthToDlc
                0x0000000008000bcc       0x38 /tmp/ccO5p1ba.o
 .text.calculateCRC
                0x0000000008000c04       0x44 /tmp/ccO5p1ba.o
 .text.releaseStatePayload.isra.0
                0x0000000008000c48       0x24 /tmp/ccO5p1ba.o
 .text.bufferBlockPushBytes
                0x0000000008000c6c      0x12c /tmp/ccO5p1ba.o
 .text.enqueueTxFrames
                0x0000000008000d98      0x166 /tmp/ccO5p1ba.o
 *fill*         0x0000000008000efe        0x2 
 .text.canardInit
                0x0000000008000f00       0x64 /tmp/ccO5p1ba.o
                0x0000000008000f00                canardInit
 .text.canardSetLocalNodeID
                0x0000000008000f64       0x10 /tmp/ccO5p1ba.o
                0x0000000008000f64                canardSetLocalNodeID
 .text.canardBroadcastObj
                0x0000000008000f74       0x8c /tmp/ccO5p1ba.o
                0x0000000008000f74                canardBroadcastObj
 .text.canardBroadcast
                0x0000000008001000       0x4c /tmp/ccO5p1ba.o
                0x0000000008001000                canardBroadcast
 .text.canardRequestOrRespondObj
                0x000000000800104c       0x72 /tmp/ccO5p1ba.o
                0x000000000800104c                canardRequestOrRespondObj
 .text.canardRequestOrRespond
                0x00000000080010be       0x64 /tmp/ccO5p1ba.o
                0x00000000080010be                canardRequestOrRespond
 .text.canardPeekTxQueue
                0x0000000008001122        0xa /tmp/ccO5p1ba.o
                0x0000000008001122                canardPeekTxQueue
 .text.canardPopTxQueue
                0x000000000800112c       0x14 /tmp/ccO5p1ba.o
                0x000000000800112c                canardPopTxQueue
 .text.canardCleanupStaleTransfers
                0x0000000008001140       0x70 /tmp/ccO5p1ba.o
                0x0000000008001140                canardCleanupStaleTransfers
 .text.canardDecodeScalar
                0x00000000080011b0      0x24c /tmp/ccO5p1ba.o
                0x00000000080011b0                canardDecodeScalar
 .text.canardEncodeScalar
                0x00000000080013fc       0x7a /tmp/ccO5p1ba.o
                0x00000000080013fc                canardEncodeScalar
 .text.canardReleaseRxTransferPayload
                0x0000000008001476       0x22 /tmp/ccO5p1ba.o
                0x0000000008001476                canardReleaseRxTransferPayload
 .text.extractTransferType
                0x0000000008001498       0x10 /tmp/ccO5p1ba.o
                0x0000000008001498                extractTransferType
 .text.extractDataType
                0x00000000080014a8       0x20 /tmp/ccO5p1ba.o
                0x00000000080014a8                extractDataType
 .text.canardHandleRxFrame
                0x00000000080014c8      0x494 /tmp/ccO5p1ba.o
                0x00000000080014c8                canardHandleRxFrame
 .text.convertFrameIDRegisterToCanard
                0x000000000800195c       0x1c /tmp/ccT9v01B.o
 .text.processErrorStatus
                0x0000000008001978       0x48 /tmp/ccT9v01B.o
 .text.canardSTM32Init
                0x00000000080019c0      0x158 /tmp/ccT9v01B.o
                0x00000000080019c0                canardSTM32Init
 .text.canardSTM32Transmit
                0x0000000008001b18      0x11c /tmp/ccT9v01B.o
                0x0000000008001b18                canardSTM32Transmit
 .text.canardSTM32Receive
                0x0000000008001c34       0x80 /tmp/ccT9v01B.o
                0x0000000008001c34                canardSTM32Receive
 .text.uavcan_tunnel_Targetted_encode
                0x0000000008001cb4       0x9e /tmp/ccPWoCpg.o
                0x0000000008001cb4                uavcan_tunnel_Targetted_encode
 .text.uavcan_tunnel_Targetted_decode
                0x0000000008001d52       0xd0 /tmp/ccPWoCpg.o
                0x0000000008001d52                uavcan_tunnel_Targetted_decode
 .text.uavcan_protocol_NodeStatus_encode
                0x0000000008001e22       0x52 /tmp/ccpSBJDf.o
                0x0000000008001e22                uavcan_protocol_NodeStatus_encode
 .text.uavcan_protocol_GetNodeInfoResponse_encode
                0x0000000008001e74      0x174 /tmp/cciqX9fe.o
                0x0000000008001e74                uavcan_protocol_GetNodeInfoResponse_encode
 .text          0x0000000008001fe8      0x114 /home/hzt/.local/toolchains/gcc-arm-none-eabi-10-2020-q4-major/bin/../lib/gcc/arm-none-eabi/10.2.1/thumb/v6-m/nofp/libgcc.a(_udivsi3.o)
                0x0000000008001fe8                __udivsi3
                0x0000000008001fe8                __aeabi_uidiv
                0x00000000080020f4                __aeabi_uidivmod
 .text          0x00000000080020fc      0x1d4 /home/hzt/.local/toolchains/gcc-arm-none-eabi-10-2020-q4-major/bin/../lib/gcc/arm-none-eabi/10.2.1/thumb/v6-m/nofp/libgcc.a(_divsi3.o)
                0x00000000080020fc                __aeabi_idiv
                0x00000000080020fc                __divsi3
                0x00000000080022c8                __aeabi_idivmod
 .text          0x00000000080022d0        0x4 /home/hzt/.local/toolchains/gcc-arm-none-eabi-10-2020-q4-major/bin/../lib/gcc/arm-none-eabi/10.2.1/thumb/v6-m/nofp/libgcc.a(_dvmd_tls.o)
                0x00000000080022d0                __aeabi_ldiv0
                0x00000000080022d0                __aeabi_idiv0
 .text          0x00000000080022d4       0x18 /home/hzt/.local/toolchains/gcc-arm-none-eabi-10-2020-q4-major/bin/../lib/gcc/arm-none-eabi/10.2.1/thumb/v6-m/nofp/libgcc.a(_lshrdi3.o)
                0x00000000080022d4                __aeabi_llsr
                0x00000000080022d4                __lshrdi3
 .text          0x00000000080022ec       0x18 /home/hzt/.local/toolchains/gcc-arm-none-eabi-10-2020-q4-major/bin/../lib/gcc/arm-none-eabi/10.2.1/thumb/v6-m/nofp/libgcc.a(_ashldi3.o)
                0x00000000080022ec                __ashldi3
                0x00000000080022ec                __aeabi_llsl
 .text          0x0000000008002304       0x5c /home/hzt/.local/toolchains/gcc-arm-none-eabi-10-2020-q4-major/bin/../lib/gcc/arm-none-eabi/10.2.1/thumb/v6-m/nofp/libgcc.a(_muldi3.o)
                0x0000000008002304                __aeabi_lmul
                0x0000000008002304                __muldi3
 *(.rodata*)
 .rodata.node_name.1
                0x0000000008002360       0x16 /tmp/ccpsoK95.o
                0x0000000008002378                . = ALIGN (0x4)
 *fill*         0x0000000008002376        0x2 
                0x0000000008002378                _sidata = LOADADDR (.data)

.glue_7         0x0000000008002378        0x0
 .glue_7        0x0000000008002378        0x0 linker stubs

.glue_7t        0x0000000008002378        0x0
 .glue_7t       0x0000000008002378        0x0 linker stubs

.vfp11_veneer   0x0000000008002378        0x0
 .vfp11_veneer  0x0000000008002378        0x0 linker stubs

.v4_bx          0x0000000008002378        0x0
 .v4_bx         0x0000000008002378        0x0 linker stubs

.iplt           0x0000000008002378        0x0
 .iplt          0x0000000008002378        0x0 /tmp/ccpsoK95.o

.rel.dyn        0x0000000008002378        0x0
 .rel.iplt      0x0000000008002378        0x0 /tmp/ccpsoK95.o

.data           0x0000000020000000      0x674 load address 0x0000000008002378
                0x0000000020000000                . = ALIGN (0x4)
                0x0000000020000000                _sdata = .
 *(.data*)
 .data.g_uart_ports
                0x0000000020000000      0x670 /tmp/ccpsoK95.o
 .data.initialized_marker
                0x0000000020000670        0x4 /tmp/ccpsoK95.o
                0x0000000020000670                initialized_marker
                0x0000000020000674                . = ALIGN (0x4)
                0x0000000020000674                _edata = .

.igot.plt       0x0000000020000674        0x0 load address 0x00000000080029ec
 .igot.plt      0x0000000020000674        0x0 /tmp/ccpsoK95.o

.bss            0x0000000020000678     0x1b58 load address 0x00000000080029ec
                0x0000000020000678                . = ALIGN (0x8)
                0x0000000020000678                _sbss = .
 *(.bss*)
 .bss.g_canard  0x0000000020000678       0x30 /tmp/ccpsoK95.o
 .bss.g_canard_memory_pool
                0x00000000200006a8     0x1800 /tmp/ccpsoK95.o
 .bss.g_led2_off_ms
                0x0000000020001ea8        0x4 /tmp/ccpsoK95.o
 .bss.g_millis  0x0000000020001eac        0x4 /tmp/ccpsoK95.o
 .bss.g_node_status_transfer_id
                0x0000000020001eb0        0x1 /tmp/ccpsoK95.o
 .bss.g_tunnel_transfer_id
                0x0000000020001eb1        0x1 /tmp/ccpsoK95.o
 .bss.payload.0
                0x0000000020001eb2      0x179 /tmp/ccpsoK95.o
 *fill*         0x000000002000202b        0x5 
 .bss.response.2
                0x0000000020002030      0x188 /tmp/ccpsoK95.o
 .bss.zero_marker
                0x00000000200021b8        0x4 /tmp/ccpsoK95.o
                0x00000000200021b8                zero_marker
 .bss.g_abort_tx_on_error
                0x00000000200021bc        0x1 /tmp/ccT9v01B.o
 *fill*         0x00000000200021bd        0x3 
 .bss.g_stats   0x00000000200021c0       0x10 /tmp/ccT9v01B.o
 *(COMMON)
                0x00000000200021d0                . = ALIGN (0x8)
                0x00000000200021d0                _ebss = .
                0x0000000000000001                ASSERT (((_sidata & 0x3) == 0x0), .data Flash load address must be 4-byte aligned)
                0x0000000000000001                ASSERT ((_ebss <= _stack_bottom), RAM overflow: static data collides with reserved stack)

/DISCARD/
 *(.comment*)
 *(.ARM.attributes*)
 *(.ARM.exidx*)
 *(.ARM.extab*)
LOAD /tmp/ccpsoK95.o
LOAD /tmp/ccpqEfA5.o
LOAD /tmp/ccO5p1ba.o
LOAD /tmp/ccT9v01B.o
LOAD /tmp/cce2IBkR.o
LOAD /tmp/ccPWoCpg.o
LOAD /tmp/ccpSBJDf.o
LOAD /tmp/ccyG82A7.o
LOAD /tmp/cciqX9fe.o
LOAD /tmp/ccwO4pqo.o
LOAD /tmp/ccRZynMc.o
LOAD /home/hzt/.local/toolchains/gcc-arm-none-eabi-10-2020-q4-major/bin/../lib/gcc/arm-none-eabi/10.2.1/thumb/v6-m/nofp/libgcc.a
OUTPUT(firmware.elf elf32-littlearm)
LOAD linker stubs

.debug_frame    0x0000000000000000       0x74
 .debug_frame   0x0000000000000000       0x20 /home/hzt/.local/toolchains/gcc-arm-none-eabi-10-2020-q4-major/bin/../lib/gcc/arm-none-eabi/10.2.1/thumb/v6-m/nofp/libgcc.a(_udivsi3.o)
 .debug_frame   0x0000000000000020       0x20 /home/hzt/.local/toolchains/gcc-arm-none-eabi-10-2020-q4-major/bin/../lib/gcc/arm-none-eabi/10.2.1/thumb/v6-m/nofp/libgcc.a(_divsi3.o)
 .debug_frame   0x0000000000000040       0x34 /home/hzt/.local/toolchains/gcc-arm-none-eabi-10-2020-q4-major/bin/../lib/gcc/arm-none-eabi/10.2.1/thumb/v6-m/nofp/libgcc.a(_muldi3.o)
