Archive member included to satisfy reference by file (symbol)

/home/hzt/.local/toolchains/gcc-arm-none-eabi-10-2020-q4-major/bin/../lib/gcc/arm-none-eabi/10.2.1/thumb/v6-m/nofp/libgcc.a(_udivsi3.o)
                              /tmp/ccr1LMAs.o (__aeabi_uidiv)
/home/hzt/.local/toolchains/gcc-arm-none-eabi-10-2020-q4-major/bin/../lib/gcc/arm-none-eabi/10.2.1/thumb/v6-m/nofp/libgcc.a(_divsi3.o)
                              /tmp/ccr1LMAs.o (__aeabi_idiv)
/home/hzt/.local/toolchains/gcc-arm-none-eabi-10-2020-q4-major/bin/../lib/gcc/arm-none-eabi/10.2.1/thumb/v6-m/nofp/libgcc.a(_dvmd_tls.o)
                              /home/hzt/.local/toolchains/gcc-arm-none-eabi-10-2020-q4-major/bin/../lib/gcc/arm-none-eabi/10.2.1/thumb/v6-m/nofp/libgcc.a(_udivsi3.o) (__aeabi_idiv0)
/home/hzt/.local/toolchains/gcc-arm-none-eabi-10-2020-q4-major/bin/../lib/gcc/arm-none-eabi/10.2.1/thumb/v6-m/nofp/libgcc.a(_lshrdi3.o)
                              /tmp/cc1GYou3.o (__aeabi_llsr)
/home/hzt/.local/toolchains/gcc-arm-none-eabi-10-2020-q4-major/bin/../lib/gcc/arm-none-eabi/10.2.1/thumb/v6-m/nofp/libgcc.a(_ashldi3.o)
                              /tmp/cc1GYou3.o (__aeabi_llsl)
/home/hzt/.local/toolchains/gcc-arm-none-eabi-10-2020-q4-major/bin/../lib/gcc/arm-none-eabi/10.2.1/thumb/v6-m/nofp/libgcc.a(_arm_cmpsf2.o)
                              /tmp/cc1GYou3.o (__aeabi_fcmpge)
/home/hzt/.local/toolchains/gcc-arm-none-eabi-10-2020-q4-major/bin/../lib/gcc/arm-none-eabi/10.2.1/thumb/v6-m/nofp/libgcc.a(_muldi3.o)
                              /tmp/ccr1LMAs.o (__aeabi_lmul)
/home/hzt/.local/toolchains/gcc-arm-none-eabi-10-2020-q4-major/bin/../lib/gcc/arm-none-eabi/10.2.1/thumb/v6-m/nofp/libgcc.a(eqsf2.o)
                              /home/hzt/.local/toolchains/gcc-arm-none-eabi-10-2020-q4-major/bin/../lib/gcc/arm-none-eabi/10.2.1/thumb/v6-m/nofp/libgcc.a(_arm_cmpsf2.o) (__eqsf2)
/home/hzt/.local/toolchains/gcc-arm-none-eabi-10-2020-q4-major/bin/../lib/gcc/arm-none-eabi/10.2.1/thumb/v6-m/nofp/libgcc.a(gesf2.o)
                              /home/hzt/.local/toolchains/gcc-arm-none-eabi-10-2020-q4-major/bin/../lib/gcc/arm-none-eabi/10.2.1/thumb/v6-m/nofp/libgcc.a(_arm_cmpsf2.o) (__gesf2)
/home/hzt/.local/toolchains/gcc-arm-none-eabi-10-2020-q4-major/bin/../lib/gcc/arm-none-eabi/10.2.1/thumb/v6-m/nofp/libgcc.a(lesf2.o)
                              /home/hzt/.local/toolchains/gcc-arm-none-eabi-10-2020-q4-major/bin/../lib/gcc/arm-none-eabi/10.2.1/thumb/v6-m/nofp/libgcc.a(_arm_cmpsf2.o) (__lesf2)
/home/hzt/.local/toolchains/gcc-arm-none-eabi-10-2020-q4-major/bin/../lib/gcc/arm-none-eabi/10.2.1/thumb/v6-m/nofp/libgcc.a(mulsf3.o)
                              /tmp/cc1GYou3.o (__aeabi_fmul)
/home/hzt/.local/toolchains/gcc-arm-none-eabi-10-2020-q4-major/bin/../lib/gcc/arm-none-eabi/10.2.1/thumb/v6-m/nofp/libgcc.a(_clzsi2.o)
                              /home/hzt/.local/toolchains/gcc-arm-none-eabi-10-2020-q4-major/bin/../lib/gcc/arm-none-eabi/10.2.1/thumb/v6-m/nofp/libgcc.a(mulsf3.o) (__clzsi2)

Discarded input sections

 .text          0x0000000000000000        0x0 /tmp/ccr1LMAs.o
 .data          0x0000000000000000        0x0 /tmp/ccr1LMAs.o
 .bss           0x0000000000000000        0x0 /tmp/ccr1LMAs.o
 .comment       0x0000000000000000       0x4e /tmp/ccr1LMAs.o
 .ARM.attributes
                0x0000000000000000       0x2c /tmp/ccr1LMAs.o
 .text          0x0000000000000000        0x0 /tmp/ccf9GQ5G.o
 .data          0x0000000000000000        0x0 /tmp/ccf9GQ5G.o
 .bss           0x0000000000000000        0x0 /tmp/ccf9GQ5G.o
 .comment       0x0000000000000000       0x4e /tmp/ccf9GQ5G.o
 .ARM.attributes
                0x0000000000000000       0x2c /tmp/ccf9GQ5G.o
 .text          0x0000000000000000        0x0 /tmp/cc1GYou3.o
 .data          0x0000000000000000        0x0 /tmp/cc1GYou3.o
 .bss           0x0000000000000000        0x0 /tmp/cc1GYou3.o
 .text.canardGetUserReference
                0x0000000000000000        0x4 /tmp/cc1GYou3.o
 .text.canardGetLocalNodeID
                0x0000000000000000        0x4 /tmp/cc1GYou3.o
 .text.canardForgetLocalNodeID
                0x0000000000000000        0x6 /tmp/cc1GYou3.o
 .text.canardInitTxTransfer
                0x0000000000000000        0xc /tmp/cc1GYou3.o
 .text.canardGetPoolAllocatorStatistics
                0x0000000000000000       0x10 /tmp/cc1GYou3.o
 .text.canardConvertNativeFloatToFloat16
                0x0000000000000000       0x64 /tmp/cc1GYou3.o
 .text.canardConvertFloat16ToNativeFloat
                0x0000000000000000       0x34 /tmp/cc1GYou3.o
 .comment       0x0000000000000000       0x4e /tmp/cc1GYou3.o
 .ARM.attributes
                0x0000000000000000       0x2c /tmp/cc1GYou3.o
 .text          0x0000000000000000        0x0 /tmp/ccOoJKFP.o
 .data          0x0000000000000000        0x0 /tmp/ccOoJKFP.o
 .bss           0x0000000000000000        0x0 /tmp/ccOoJKFP.o
 .text.canardSTM32ConfigureAcceptanceFilters
                0x0000000000000000       0x90 /tmp/ccOoJKFP.o
 .text.canardSTM32GetStats
                0x0000000000000000       0x14 /tmp/ccOoJKFP.o
 .comment       0x0000000000000000       0x4e /tmp/ccOoJKFP.o
 .ARM.attributes
                0x0000000000000000       0x2c /tmp/ccOoJKFP.o
 .text          0x0000000000000000        0x0 /tmp/ccb3Bv9y.o
 .data          0x0000000000000000        0x0 /tmp/ccb3Bv9y.o
 .bss           0x0000000000000000        0x0 /tmp/ccb3Bv9y.o
 .text.uavcan_tunnel_Protocol_encode
                0x0000000000000000       0x20 /tmp/ccb3Bv9y.o
 .text.uavcan_tunnel_Protocol_decode
                0x0000000000000000       0x36 /tmp/ccb3Bv9y.o
 .comment       0x0000000000000000       0x4e /tmp/ccb3Bv9y.o
 .ARM.attributes
                0x0000000000000000       0x2c /tmp/ccb3Bv9y.o
 .text          0x0000000000000000        0x0 /tmp/ccDNBr6x.o
 .data          0x0000000000000000        0x0 /tmp/ccDNBr6x.o
 .bss           0x0000000000000000        0x0 /tmp/ccDNBr6x.o
 .comment       0x0000000000000000       0x4e /tmp/ccDNBr6x.o
 .ARM.attributes
                0x0000000000000000       0x2c /tmp/ccDNBr6x.o
 .text          0x0000000000000000        0x0 /tmp/ccdNQgkM.o
 .data          0x0000000000000000        0x0 /tmp/ccdNQgkM.o
 .bss           0x0000000000000000        0x0 /tmp/ccdNQgkM.o
 .text.uavcan_protocol_NodeStatus_decode
                0x0000000000000000       0x7c /tmp/ccdNQgkM.o
 .comment       0x0000000000000000       0x4e /tmp/ccdNQgkM.o
 .ARM.attributes
                0x0000000000000000       0x2c /tmp/ccdNQgkM.o
 .text          0x0000000000000000        0x0 /tmp/cc6sQNGO.o
 .data          0x0000000000000000        0x0 /tmp/cc6sQNGO.o
 .bss           0x0000000000000000        0x0 /tmp/cc6sQNGO.o
 .text.uavcan_protocol_GetNodeInfoRequest_encode
                0x0000000000000000       0x10 /tmp/cc6sQNGO.o
 .text.uavcan_protocol_GetNodeInfoRequest_decode
                0x0000000000000000       0x12 /tmp/cc6sQNGO.o
 .comment       0x0000000000000000       0x4e /tmp/cc6sQNGO.o
 .ARM.attributes
                0x0000000000000000       0x2c /tmp/cc6sQNGO.o
 .text          0x0000000000000000        0x0 /tmp/ccTh8fZy.o
 .data          0x0000000000000000        0x0 /tmp/ccTh8fZy.o
 .bss           0x0000000000000000        0x0 /tmp/ccTh8fZy.o
 .text.uavcan_protocol_GetNodeInfoResponse_decode
                0x0000000000000000      0x1d0 /tmp/ccTh8fZy.o
 .comment       0x0000000000000000       0x4e /tmp/ccTh8fZy.o
 .ARM.attributes
                0x0000000000000000       0x2c /tmp/ccTh8fZy.o
 .text          0x0000000000000000        0x0 /tmp/cc6qUL0d.o
 .data          0x0000000000000000        0x0 /tmp/cc6qUL0d.o
 .bss           0x0000000000000000        0x0 /tmp/cc6qUL0d.o
 .text.uavcan_protocol_HardwareVersion_encode
                0x0000000000000000       0x90 /tmp/cc6qUL0d.o
 .text.uavcan_protocol_HardwareVersion_decode
                0x0000000000000000       0xc0 /tmp/cc6qUL0d.o
 .comment       0x0000000000000000       0x4e /tmp/cc6qUL0d.o
 .ARM.attributes
                0x0000000000000000       0x2c /tmp/cc6qUL0d.o
 .text          0x0000000000000000        0x0 /tmp/ccSLztfd.o
 .data          0x0000000000000000        0x0 /tmp/ccSLztfd.o
 .bss           0x0000000000000000        0x0 /tmp/ccSLztfd.o
 .text.uavcan_protocol_SoftwareVersion_encode
                0x0000000000000000       0x52 /tmp/ccSLztfd.o
 .text.uavcan_protocol_SoftwareVersion_decode
                0x0000000000000000       0x7c /tmp/ccSLztfd.o
 .comment       0x0000000000000000       0x4e /tmp/ccSLztfd.o
 .ARM.attributes
                0x0000000000000000       0x2c /tmp/ccSLztfd.o
 .data          0x0000000000000000        0x0 /home/hzt/.local/toolchains/gcc-arm-none-eabi-10-2020-q4-major/bin/../lib/gcc/arm-none-eabi/10.2.1/thumb/v6-m/nofp/libgcc.a(_udivsi3.o)
 .bss           0x0000000000000000        0x0 /home/hzt/.local/toolchains/gcc-arm-none-eabi-10-2020-q4-major/bin/../lib/gcc/arm-none-eabi/10.2.1/thumb/v6-m/nofp/libgcc.a(_udivsi3.o)
 .ARM.attributes
                0x0000000000000000       0x1e /home/hzt/.local/toolchains/gcc-arm-none-eabi-10-2020-q4-major/bin/../lib/gcc/arm-none-eabi/10.2.1/thumb/v6-m/nofp/libgcc.a(_udivsi3.o)
 .data          0x0000000000000000        0x0 /home/hzt/.local/toolchains/gcc-arm-none-eabi-10-2020-q4-major/bin/../lib/gcc/arm-none-eabi/10.2.1/thumb/v6-m/nofp/libgcc.a(_divsi3.o)
 .bss           0x0000000000000000        0x0 /home/hzt/.local/toolchains/gcc-arm-none-eabi-10-2020-q4-major/bin/../lib/gcc/arm-none-eabi/10.2.1/thumb/v6-m/nofp/libgcc.a(_divsi3.o)
 .ARM.attributes
                0x0000000000000000       0x1e /home/hzt/.local/toolchains/gcc-arm-none-eabi-10-2020-q4-major/bin/../lib/gcc/arm-none-eabi/10.2.1/thumb/v6-m/nofp/libgcc.a(_divsi3.o)
 .data          0x0000000000000000        0x0 /home/hzt/.local/toolchains/gcc-arm-none-eabi-10-2020-q4-major/bin/../lib/gcc/arm-none-eabi/10.2.1/thumb/v6-m/nofp/libgcc.a(_dvmd_tls.o)
 .bss           0x0000000000000000        0x0 /home/hzt/.local/toolchains/gcc-arm-none-eabi-10-2020-q4-major/bin/../lib/gcc/arm-none-eabi/10.2.1/thumb/v6-m/nofp/libgcc.a(_dvmd_tls.o)
 .ARM.attributes
                0x0000000000000000       0x1e /home/hzt/.local/toolchains/gcc-arm-none-eabi-10-2020-q4-major/bin/../lib/gcc/arm-none-eabi/10.2.1/thumb/v6-m/nofp/libgcc.a(_dvmd_tls.o)
 .data          0x0000000000000000        0x0 /home/hzt/.local/toolchains/gcc-arm-none-eabi-10-2020-q4-major/bin/../lib/gcc/arm-none-eabi/10.2.1/thumb/v6-m/nofp/libgcc.a(_lshrdi3.o)
 .bss           0x0000000000000000        0x0 /home/hzt/.local/toolchains/gcc-arm-none-eabi-10-2020-q4-major/bin/../lib/gcc/arm-none-eabi/10.2.1/thumb/v6-m/nofp/libgcc.a(_lshrdi3.o)
 .ARM.attributes
                0x0000000000000000       0x1e /home/hzt/.local/toolchains/gcc-arm-none-eabi-10-2020-q4-major/bin/../lib/gcc/arm-none-eabi/10.2.1/thumb/v6-m/nofp/libgcc.a(_lshrdi3.o)
 .data          0x0000000000000000        0x0 /home/hzt/.local/toolchains/gcc-arm-none-eabi-10-2020-q4-major/bin/../lib/gcc/arm-none-eabi/10.2.1/thumb/v6-m/nofp/libgcc.a(_ashldi3.o)
 .bss           0x0000000000000000        0x0 /home/hzt/.local/toolchains/gcc-arm-none-eabi-10-2020-q4-major/bin/../lib/gcc/arm-none-eabi/10.2.1/thumb/v6-m/nofp/libgcc.a(_ashldi3.o)
 .ARM.attributes
                0x0000000000000000       0x1e /home/hzt/.local/toolchains/gcc-arm-none-eabi-10-2020-q4-major/bin/../lib/gcc/arm-none-eabi/10.2.1/thumb/v6-m/nofp/libgcc.a(_ashldi3.o)
 .text          0x0000000000000000       0x74 /home/hzt/.local/toolchains/gcc-arm-none-eabi-10-2020-q4-major/bin/../lib/gcc/arm-none-eabi/10.2.1/thumb/v6-m/nofp/libgcc.a(_arm_cmpsf2.o)
 .data          0x0000000000000000        0x0 /home/hzt/.local/toolchains/gcc-arm-none-eabi-10-2020-q4-major/bin/../lib/gcc/arm-none-eabi/10.2.1/thumb/v6-m/nofp/libgcc.a(_arm_cmpsf2.o)
 .bss           0x0000000000000000        0x0 /home/hzt/.local/toolchains/gcc-arm-none-eabi-10-2020-q4-major/bin/../lib/gcc/arm-none-eabi/10.2.1/thumb/v6-m/nofp/libgcc.a(_arm_cmpsf2.o)
 .ARM.attributes
                0x0000000000000000       0x1e /home/hzt/.local/toolchains/gcc-arm-none-eabi-10-2020-q4-major/bin/../lib/gcc/arm-none-eabi/10.2.1/thumb/v6-m/nofp/libgcc.a(_arm_cmpsf2.o)
 .data          0x0000000000000000        0x0 /home/hzt/.local/toolchains/gcc-arm-none-eabi-10-2020-q4-major/bin/../lib/gcc/arm-none-eabi/10.2.1/thumb/v6-m/nofp/libgcc.a(_muldi3.o)
 .bss           0x0000000000000000        0x0 /home/hzt/.local/toolchains/gcc-arm-none-eabi-10-2020-q4-major/bin/../lib/gcc/arm-none-eabi/10.2.1/thumb/v6-m/nofp/libgcc.a(_muldi3.o)
 .ARM.attributes
                0x0000000000000000       0x2c /home/hzt/.local/toolchains/gcc-arm-none-eabi-10-2020-q4-major/bin/../lib/gcc/arm-none-eabi/10.2.1/thumb/v6-m/nofp/libgcc.a(_muldi3.o)
 .text          0x0000000000000000       0x4c /home/hzt/.local/toolchains/gcc-arm-none-eabi-10-2020-q4-major/bin/../lib/gcc/arm-none-eabi/10.2.1/thumb/v6-m/nofp/libgcc.a(eqsf2.o)
 .data          0x0000000000000000        0x0 /home/hzt/.local/toolchains/gcc-arm-none-eabi-10-2020-q4-major/bin/../lib/gcc/arm-none-eabi/10.2.1/thumb/v6-m/nofp/libgcc.a(eqsf2.o)
 .bss           0x0000000000000000        0x0 /home/hzt/.local/toolchains/gcc-arm-none-eabi-10-2020-q4-major/bin/../lib/gcc/arm-none-eabi/10.2.1/thumb/v6-m/nofp/libgcc.a(eqsf2.o)
 .debug_frame   0x0000000000000000       0x2c /home/hzt/.local/toolchains/gcc-arm-none-eabi-10-2020-q4-major/bin/../lib/gcc/arm-none-eabi/10.2.1/thumb/v6-m/nofp/libgcc.a(eqsf2.o)
 .ARM.attributes
                0x0000000000000000       0x2c /home/hzt/.local/toolchains/gcc-arm-none-eabi-10-2020-q4-major/bin/../lib/gcc/arm-none-eabi/10.2.1/thumb/v6-m/nofp/libgcc.a(eqsf2.o)
 .text          0x0000000000000000       0x8c /home/hzt/.local/toolchains/gcc-arm-none-eabi-10-2020-q4-major/bin/../lib/gcc/arm-none-eabi/10.2.1/thumb/v6-m/nofp/libgcc.a(gesf2.o)
 .data          0x0000000000000000        0x0 /home/hzt/.local/toolchains/gcc-arm-none-eabi-10-2020-q4-major/bin/../lib/gcc/arm-none-eabi/10.2.1/thumb/v6-m/nofp/libgcc.a(gesf2.o)
 .bss           0x0000000000000000        0x0 /home/hzt/.local/toolchains/gcc-arm-none-eabi-10-2020-q4-major/bin/../lib/gcc/arm-none-eabi/10.2.1/thumb/v6-m/nofp/libgcc.a(gesf2.o)
 .debug_frame   0x0000000000000000       0x2c /home/hzt/.local/toolchains/gcc-arm-none-eabi-10-2020-q4-major/bin/../lib/gcc/arm-none-eabi/10.2.1/thumb/v6-m/nofp/libgcc.a(gesf2.o)
 .ARM.attributes
                0x0000000000000000       0x2c /home/hzt/.local/toolchains/gcc-arm-none-eabi-10-2020-q4-major/bin/../lib/gcc/arm-none-eabi/10.2.1/thumb/v6-m/nofp/libgcc.a(gesf2.o)
 .text          0x0000000000000000       0x88 /home/hzt/.local/toolchains/gcc-arm-none-eabi-10-2020-q4-major/bin/../lib/gcc/arm-none-eabi/10.2.1/thumb/v6-m/nofp/libgcc.a(lesf2.o)
 .data          0x0000000000000000        0x0 /home/hzt/.local/toolchains/gcc-arm-none-eabi-10-2020-q4-major/bin/../lib/gcc/arm-none-eabi/10.2.1/thumb/v6-m/nofp/libgcc.a(lesf2.o)
 .bss           0x0000000000000000        0x0 /home/hzt/.local/toolchains/gcc-arm-none-eabi-10-2020-q4-major/bin/../lib/gcc/arm-none-eabi/10.2.1/thumb/v6-m/nofp/libgcc.a(lesf2.o)
 .debug_frame   0x0000000000000000       0x2c /home/hzt/.local/toolchains/gcc-arm-none-eabi-10-2020-q4-major/bin/../lib/gcc/arm-none-eabi/10.2.1/thumb/v6-m/nofp/libgcc.a(lesf2.o)
 .ARM.attributes
                0x0000000000000000       0x2c /home/hzt/.local/toolchains/gcc-arm-none-eabi-10-2020-q4-major/bin/../lib/gcc/arm-none-eabi/10.2.1/thumb/v6-m/nofp/libgcc.a(lesf2.o)
 .text          0x0000000000000000      0x24c /home/hzt/.local/toolchains/gcc-arm-none-eabi-10-2020-q4-major/bin/../lib/gcc/arm-none-eabi/10.2.1/thumb/v6-m/nofp/libgcc.a(mulsf3.o)
 .data          0x0000000000000000        0x0 /home/hzt/.local/toolchains/gcc-arm-none-eabi-10-2020-q4-major/bin/../lib/gcc/arm-none-eabi/10.2.1/thumb/v6-m/nofp/libgcc.a(mulsf3.o)
 .bss           0x0000000000000000        0x0 /home/hzt/.local/toolchains/gcc-arm-none-eabi-10-2020-q4-major/bin/../lib/gcc/arm-none-eabi/10.2.1/thumb/v6-m/nofp/libgcc.a(mulsf3.o)
 .rodata        0x0000000000000000       0x40 /home/hzt/.local/toolchains/gcc-arm-none-eabi-10-2020-q4-major/bin/../lib/gcc/arm-none-eabi/10.2.1/thumb/v6-m/nofp/libgcc.a(mulsf3.o)
 .debug_frame   0x0000000000000000       0x38 /home/hzt/.local/toolchains/gcc-arm-none-eabi-10-2020-q4-major/bin/../lib/gcc/arm-none-eabi/10.2.1/thumb/v6-m/nofp/libgcc.a(mulsf3.o)
 .ARM.attributes
                0x0000000000000000       0x2c /home/hzt/.local/toolchains/gcc-arm-none-eabi-10-2020-q4-major/bin/../lib/gcc/arm-none-eabi/10.2.1/thumb/v6-m/nofp/libgcc.a(mulsf3.o)
 .text          0x0000000000000000       0x3c /home/hzt/.local/toolchains/gcc-arm-none-eabi-10-2020-q4-major/bin/../lib/gcc/arm-none-eabi/10.2.1/thumb/v6-m/nofp/libgcc.a(_clzsi2.o)
 .data          0x0000000000000000        0x0 /home/hzt/.local/toolchains/gcc-arm-none-eabi-10-2020-q4-major/bin/../lib/gcc/arm-none-eabi/10.2.1/thumb/v6-m/nofp/libgcc.a(_clzsi2.o)
 .bss           0x0000000000000000        0x0 /home/hzt/.local/toolchains/gcc-arm-none-eabi-10-2020-q4-major/bin/../lib/gcc/arm-none-eabi/10.2.1/thumb/v6-m/nofp/libgcc.a(_clzsi2.o)
 .ARM.attributes
                0x0000000000000000       0x1e /home/hzt/.local/toolchains/gcc-arm-none-eabi-10-2020-q4-major/bin/../lib/gcc/arm-none-eabi/10.2.1/thumb/v6-m/nofp/libgcc.a(_clzsi2.o)

Memory Configuration

Name             Origin             Length             Attributes
FLASH            0x0000000008000000 0x0000000000010000 xr
RAM              0x0000000020000000 0x0000000000004000 xrw
*default*        0x0000000000000000 0xffffffffffffffff

Linker script and memory map

                0x0000000020004000                _estack = (ORIGIN (RAM) + LENGTH (RAM))
                0x0000000000000800                _stack_size = 0x800
                0x0000000020003800                _stack_bottom = (_estack - _stack_size)

.isr_vector     0x0000000008000000       0x40
 *(.isr_vector)
 .isr_vector    0x0000000008000000       0x40 /tmp/ccr1LMAs.o
                0x0000000008000000                vector_table

.text           0x0000000008000040     0x2288
 *(.text*)
 .text.SysTick_Handler
                0x0000000008000040       0x10 /tmp/ccr1LMAs.o
                0x0000000008000040                SysTick_Handler
 .text.fatal_blink
                0x0000000008000050       0x2c /tmp/ccr1LMAs.o
 .text.gpio_config_af
                0x000000000800007c       0x46 /tmp/ccr1LMAs.o
 *fill*         0x00000000080000c2        0x2 
 .text.should_accept_transfer
                0x00000000080000c4       0x44 /tmp/ccr1LMAs.o
 .text.Default_Handler
                0x0000000008000108        0x6 /tmp/ccr1LMAs.o
                0x0000000008000108                Default_Handler
 *fill*         0x000000000800010e        0x2 
 .text.can_process_tx
                0x0000000008000110       0x24 /tmp/ccr1LMAs.o
 .text.publish_uart_packet.part.0.isra.0
                0x0000000008000134       0x7c /tmp/ccr1LMAs.o
 .text.on_transfer_received
                0x00000000080001b0      0x20c /tmp/ccr1LMAs.o
 .text.Reset_Handler
                0x00000000080003bc      0x53c /tmp/ccr1LMAs.o
                0x00000000080003bc                Reset_Handler
 .text.usleep   0x00000000080008f8       0x28 /tmp/ccr1LMAs.o
                0x00000000080008f8                usleep
 .text.memset   0x0000000008000920       0x10 /tmp/ccf9GQ5G.o
                0x0000000008000920                memset
 .text.memcpy   0x0000000008000930       0x12 /tmp/ccf9GQ5G.o
                0x0000000008000930                memcpy
 .text.pushTxQueue
                0x0000000008000942       0x96 /tmp/cc1GYou3.o
 .text.copyBitArray
                0x00000000080009d8       0x88 /tmp/cc1GYou3.o
 .text.crcAddByte
                0x0000000008000a60       0x24 /tmp/cc1GYou3.o
 .text.crcAdd   0x0000000008000a84       0x16 /tmp/cc1GYou3.o
 .text.allocateBlock
                0x0000000008000a9a       0x1e /tmp/cc1GYou3.o
 .text.createRxState
                0x0000000008000ab8       0x2c /tmp/cc1GYou3.o
 .text.dlcToDataLength
                0x0000000008000ae4       0x38 /tmp/cc1GYou3.o
 .text.dataLengthToDlc
                0x0000000008000b1c       0x38 /tmp/cc1GYou3.o
 .text.calculateCRC
                0x0000000008000b54       0x44 /tmp/cc1GYou3.o
 .text.releaseStatePayload.isra.0
                0x0000000008000b98       0x24 /tmp/cc1GYou3.o
 .text.bufferBlockPushBytes
                0x0000000008000bbc      0x12c /tmp/cc1GYou3.o
 .text.enqueueTxFrames
                0x0000000008000ce8      0x166 /tmp/cc1GYou3.o
 *fill*         0x0000000008000e4e        0x2 
 .text.canardInit
                0x0000000008000e50       0x64 /tmp/cc1GYou3.o
                0x0000000008000e50                canardInit
 .text.canardSetLocalNodeID
                0x0000000008000eb4       0x10 /tmp/cc1GYou3.o
                0x0000000008000eb4                canardSetLocalNodeID
 .text.canardBroadcastObj
                0x0000000008000ec4       0x8c /tmp/cc1GYou3.o
                0x0000000008000ec4                canardBroadcastObj
 .text.canardBroadcast
                0x0000000008000f50       0x4c /tmp/cc1GYou3.o
                0x0000000008000f50                canardBroadcast
 .text.canardRequestOrRespondObj
                0x0000000008000f9c       0x72 /tmp/cc1GYou3.o
                0x0000000008000f9c                canardRequestOrRespondObj
 .text.canardRequestOrRespond
                0x000000000800100e       0x64 /tmp/cc1GYou3.o
                0x000000000800100e                canardRequestOrRespond
 .text.canardPeekTxQueue
                0x0000000008001072        0xa /tmp/cc1GYou3.o
                0x0000000008001072                canardPeekTxQueue
 .text.canardPopTxQueue
                0x000000000800107c       0x14 /tmp/cc1GYou3.o
                0x000000000800107c                canardPopTxQueue
 .text.canardCleanupStaleTransfers
                0x0000000008001090       0x70 /tmp/cc1GYou3.o
                0x0000000008001090                canardCleanupStaleTransfers
 .text.canardDecodeScalar
                0x0000000008001100      0x24c /tmp/cc1GYou3.o
                0x0000000008001100                canardDecodeScalar
 .text.canardEncodeScalar
                0x000000000800134c       0x7a /tmp/cc1GYou3.o
                0x000000000800134c                canardEncodeScalar
 .text.canardReleaseRxTransferPayload
                0x00000000080013c6       0x22 /tmp/cc1GYou3.o
                0x00000000080013c6                canardReleaseRxTransferPayload
 .text.extractTransferType
                0x00000000080013e8       0x10 /tmp/cc1GYou3.o
                0x00000000080013e8                extractTransferType
 .text.extractDataType
                0x00000000080013f8       0x20 /tmp/cc1GYou3.o
                0x00000000080013f8                extractDataType
 .text.canardHandleRxFrame
                0x0000000008001418      0x494 /tmp/cc1GYou3.o
                0x0000000008001418                canardHandleRxFrame
 .text.convertFrameIDRegisterToCanard
                0x00000000080018ac       0x1c /tmp/ccOoJKFP.o
 .text.processErrorStatus
                0x00000000080018c8       0x48 /tmp/ccOoJKFP.o
 .text.canardSTM32Init
                0x0000000008001910      0x158 /tmp/ccOoJKFP.o
                0x0000000008001910                canardSTM32Init
 .text.canardSTM32Transmit
                0x0000000008001a68      0x11c /tmp/ccOoJKFP.o
                0x0000000008001a68                canardSTM32Transmit
 .text.canardSTM32Receive
                0x0000000008001b84       0x80 /tmp/ccOoJKFP.o
                0x0000000008001b84                canardSTM32Receive
 .text.uavcan_tunnel_Targetted_encode
                0x0000000008001c04       0x9e /tmp/ccDNBr6x.o
                0x0000000008001c04                uavcan_tunnel_Targetted_encode
 .text.uavcan_tunnel_Targetted_decode
                0x0000000008001ca2       0xd0 /tmp/ccDNBr6x.o
                0x0000000008001ca2                uavcan_tunnel_Targetted_decode
 .text.uavcan_protocol_NodeStatus_encode
                0x0000000008001d72       0x52 /tmp/ccdNQgkM.o
                0x0000000008001d72                uavcan_protocol_NodeStatus_encode
 .text.uavcan_protocol_GetNodeInfoResponse_encode
                0x0000000008001dc4      0x174 /tmp/ccTh8fZy.o
                0x0000000008001dc4                uavcan_protocol_GetNodeInfoResponse_encode
 .text          0x0000000008001f38      0x114 /home/hzt/.local/toolchains/gcc-arm-none-eabi-10-2020-q4-major/bin/../lib/gcc/arm-none-eabi/10.2.1/thumb/v6-m/nofp/libgcc.a(_udivsi3.o)
                0x0000000008001f38                __udivsi3
                0x0000000008001f38                __aeabi_uidiv
                0x0000000008002044                __aeabi_uidivmod
 .text          0x000000000800204c      0x1d4 /home/hzt/.local/toolchains/gcc-arm-none-eabi-10-2020-q4-major/bin/../lib/gcc/arm-none-eabi/10.2.1/thumb/v6-m/nofp/libgcc.a(_divsi3.o)
                0x000000000800204c                __aeabi_idiv
                0x000000000800204c                __divsi3
                0x0000000008002218                __aeabi_idivmod
 .text          0x0000000008002220        0x4 /home/hzt/.local/toolchains/gcc-arm-none-eabi-10-2020-q4-major/bin/../lib/gcc/arm-none-eabi/10.2.1/thumb/v6-m/nofp/libgcc.a(_dvmd_tls.o)
                0x0000000008002220                __aeabi_ldiv0
                0x0000000008002220                __aeabi_idiv0
 .text          0x0000000008002224       0x18 /home/hzt/.local/toolchains/gcc-arm-none-eabi-10-2020-q4-major/bin/../lib/gcc/arm-none-eabi/10.2.1/thumb/v6-m/nofp/libgcc.a(_lshrdi3.o)
                0x0000000008002224                __aeabi_llsr
                0x0000000008002224                __lshrdi3
 .text          0x000000000800223c       0x18 /home/hzt/.local/toolchains/gcc-arm-none-eabi-10-2020-q4-major/bin/../lib/gcc/arm-none-eabi/10.2.1/thumb/v6-m/nofp/libgcc.a(_ashldi3.o)
                0x000000000800223c                __ashldi3
                0x000000000800223c                __aeabi_llsl
 .text          0x0000000008002254       0x5c /home/hzt/.local/toolchains/gcc-arm-none-eabi-10-2020-q4-major/bin/../lib/gcc/arm-none-eabi/10.2.1/thumb/v6-m/nofp/libgcc.a(_muldi3.o)
                0x0000000008002254                __aeabi_lmul
                0x0000000008002254                __muldi3
 *(.rodata*)
 .rodata.node_name.1
                0x00000000080022b0       0x16 /tmp/ccr1LMAs.o
                0x00000000080022c8                . = ALIGN (0x4)
 *fill*         0x00000000080022c6        0x2 
                0x00000000080022c8                _sidata = LOADADDR (.data)

.glue_7         0x00000000080022c8        0x0
 .glue_7        0x00000000080022c8        0x0 linker stubs

.glue_7t        0x00000000080022c8        0x0
 .glue_7t       0x00000000080022c8        0x0 linker stubs

.vfp11_veneer   0x00000000080022c8        0x0
 .vfp11_veneer  0x00000000080022c8        0x0 linker stubs

.v4_bx          0x00000000080022c8        0x0
 .v4_bx         0x00000000080022c8        0x0 linker stubs

.iplt           0x00000000080022c8        0x0
 .iplt          0x00000000080022c8        0x0 /tmp/ccr1LMAs.o

.rel.dyn        0x00000000080022c8        0x0
 .rel.iplt      0x00000000080022c8        0x0 /tmp/ccr1LMAs.o

.data           0x0000000020000000      0x674 load address 0x00000000080022c8
                0x0000000020000000                . = ALIGN (0x4)
                0x0000000020000000                _sdata = .
 *(.data*)
 .data.g_uart_ports
                0x0000000020000000      0x670 /tmp/ccr1LMAs.o
 .data.initialized_marker
                0x0000000020000670        0x4 /tmp/ccr1LMAs.o
                0x0000000020000670                initialized_marker
                0x0000000020000674                . = ALIGN (0x4)
                0x0000000020000674                _edata = .

.igot.plt       0x0000000020000674        0x0 load address 0x000000000800293c
 .igot.plt      0x0000000020000674        0x0 /tmp/ccr1LMAs.o

.bss            0x0000000020000678     0x1b50 load address 0x000000000800293c
                0x0000000020000678                . = ALIGN (0x8)
                0x0000000020000678                _sbss = .
 *(.bss*)
 .bss.g_canard  0x0000000020000678       0x30 /tmp/ccr1LMAs.o
 .bss.g_canard_memory_pool
                0x00000000200006a8     0x1800 /tmp/ccr1LMAs.o
 .bss.g_millis  0x0000000020001ea8        0x4 /tmp/ccr1LMAs.o
 .bss.g_node_status_transfer_id
                0x0000000020001eac        0x1 /tmp/ccr1LMAs.o
 .bss.g_tunnel_transfer_id
                0x0000000020001ead        0x1 /tmp/ccr1LMAs.o
 .bss.payload.0
                0x0000000020001eae      0x179 /tmp/ccr1LMAs.o
 *fill*         0x0000000020002027        0x1 
 .bss.response.2
                0x0000000020002028      0x188 /tmp/ccr1LMAs.o
 .bss.zero_marker
                0x00000000200021b0        0x4 /tmp/ccr1LMAs.o
                0x00000000200021b0                zero_marker
 .bss.g_abort_tx_on_error
                0x00000000200021b4        0x1 /tmp/ccOoJKFP.o
 *fill*         0x00000000200021b5        0x3 
 .bss.g_stats   0x00000000200021b8       0x10 /tmp/ccOoJKFP.o
 *(COMMON)
                0x00000000200021c8                . = ALIGN (0x8)
                0x00000000200021c8                _ebss = .
                0x0000000000000001                ASSERT (((_sidata & 0x3) == 0x0), .data Flash load address must be 4-byte aligned)
                0x0000000000000001                ASSERT ((_ebss <= _stack_bottom), RAM overflow: static data collides with reserved stack)

/DISCARD/
 *(.comment*)
 *(.ARM.attributes*)
 *(.ARM.exidx*)
 *(.ARM.extab*)
LOAD /tmp/ccr1LMAs.o
LOAD /tmp/ccf9GQ5G.o
LOAD /tmp/cc1GYou3.o
LOAD /tmp/ccOoJKFP.o
LOAD /tmp/ccb3Bv9y.o
LOAD /tmp/ccDNBr6x.o
LOAD /tmp/ccdNQgkM.o
LOAD /tmp/cc6sQNGO.o
LOAD /tmp/ccTh8fZy.o
LOAD /tmp/cc6qUL0d.o
LOAD /tmp/ccSLztfd.o
LOAD /home/hzt/.local/toolchains/gcc-arm-none-eabi-10-2020-q4-major/bin/../lib/gcc/arm-none-eabi/10.2.1/thumb/v6-m/nofp/libgcc.a
OUTPUT(firmware.elf elf32-littlearm)
LOAD linker stubs

.debug_frame    0x0000000000000000       0x74
 .debug_frame   0x0000000000000000       0x20 /home/hzt/.local/toolchains/gcc-arm-none-eabi-10-2020-q4-major/bin/../lib/gcc/arm-none-eabi/10.2.1/thumb/v6-m/nofp/libgcc.a(_udivsi3.o)
 .debug_frame   0x0000000000000020       0x20 /home/hzt/.local/toolchains/gcc-arm-none-eabi-10-2020-q4-major/bin/../lib/gcc/arm-none-eabi/10.2.1/thumb/v6-m/nofp/libgcc.a(_divsi3.o)
 .debug_frame   0x0000000000000040       0x34 /home/hzt/.local/toolchains/gcc-arm-none-eabi-10-2020-q4-major/bin/../lib/gcc/arm-none-eabi/10.2.1/thumb/v6-m/nofp/libgcc.a(_muldi3.o)
