Archive member included to satisfy reference by file (symbol)

/home/hzt/.local/toolchains/gcc-arm-none-eabi-10-2020-q4-major/bin/../lib/gcc/arm-none-eabi/10.2.1/thumb/v6-m/nofp/libgcc.a(_udivsi3.o)
                              /tmp/ccGD5ky1.o (__aeabi_uidiv)
/home/hzt/.local/toolchains/gcc-arm-none-eabi-10-2020-q4-major/bin/../lib/gcc/arm-none-eabi/10.2.1/thumb/v6-m/nofp/libgcc.a(_divsi3.o)
                              /tmp/ccGD5ky1.o (__aeabi_idiv)
/home/hzt/.local/toolchains/gcc-arm-none-eabi-10-2020-q4-major/bin/../lib/gcc/arm-none-eabi/10.2.1/thumb/v6-m/nofp/libgcc.a(_dvmd_tls.o)
                              /home/hzt/.local/toolchains/gcc-arm-none-eabi-10-2020-q4-major/bin/../lib/gcc/arm-none-eabi/10.2.1/thumb/v6-m/nofp/libgcc.a(_udivsi3.o) (__aeabi_idiv0)
/home/hzt/.local/toolchains/gcc-arm-none-eabi-10-2020-q4-major/bin/../lib/gcc/arm-none-eabi/10.2.1/thumb/v6-m/nofp/libgcc.a(_lshrdi3.o)
                              /tmp/cct7MHBD.o (__aeabi_llsr)
/home/hzt/.local/toolchains/gcc-arm-none-eabi-10-2020-q4-major/bin/../lib/gcc/arm-none-eabi/10.2.1/thumb/v6-m/nofp/libgcc.a(_ashldi3.o)
                              /tmp/cct7MHBD.o (__aeabi_llsl)
/home/hzt/.local/toolchains/gcc-arm-none-eabi-10-2020-q4-major/bin/../lib/gcc/arm-none-eabi/10.2.1/thumb/v6-m/nofp/libgcc.a(_arm_cmpsf2.o)
                              /tmp/cct7MHBD.o (__aeabi_fcmpge)
/home/hzt/.local/toolchains/gcc-arm-none-eabi-10-2020-q4-major/bin/../lib/gcc/arm-none-eabi/10.2.1/thumb/v6-m/nofp/libgcc.a(_muldi3.o)
                              /tmp/ccGD5ky1.o (__aeabi_lmul)
/home/hzt/.local/toolchains/gcc-arm-none-eabi-10-2020-q4-major/bin/../lib/gcc/arm-none-eabi/10.2.1/thumb/v6-m/nofp/libgcc.a(eqsf2.o)
                              /home/hzt/.local/toolchains/gcc-arm-none-eabi-10-2020-q4-major/bin/../lib/gcc/arm-none-eabi/10.2.1/thumb/v6-m/nofp/libgcc.a(_arm_cmpsf2.o) (__eqsf2)
/home/hzt/.local/toolchains/gcc-arm-none-eabi-10-2020-q4-major/bin/../lib/gcc/arm-none-eabi/10.2.1/thumb/v6-m/nofp/libgcc.a(gesf2.o)
                              /home/hzt/.local/toolchains/gcc-arm-none-eabi-10-2020-q4-major/bin/../lib/gcc/arm-none-eabi/10.2.1/thumb/v6-m/nofp/libgcc.a(_arm_cmpsf2.o) (__gesf2)
/home/hzt/.local/toolchains/gcc-arm-none-eabi-10-2020-q4-major/bin/../lib/gcc/arm-none-eabi/10.2.1/thumb/v6-m/nofp/libgcc.a(lesf2.o)
                              /home/hzt/.local/toolchains/gcc-arm-none-eabi-10-2020-q4-major/bin/../lib/gcc/arm-none-eabi/10.2.1/thumb/v6-m/nofp/libgcc.a(_arm_cmpsf2.o) (__lesf2)
/home/hzt/.local/toolchains/gcc-arm-none-eabi-10-2020-q4-major/bin/../lib/gcc/arm-none-eabi/10.2.1/thumb/v6-m/nofp/libgcc.a(mulsf3.o)
                              /tmp/cct7MHBD.o (__aeabi_fmul)
/home/hzt/.local/toolchains/gcc-arm-none-eabi-10-2020-q4-major/bin/../lib/gcc/arm-none-eabi/10.2.1/thumb/v6-m/nofp/libgcc.a(_clzsi2.o)
                              /home/hzt/.local/toolchains/gcc-arm-none-eabi-10-2020-q4-major/bin/../lib/gcc/arm-none-eabi/10.2.1/thumb/v6-m/nofp/libgcc.a(mulsf3.o) (__clzsi2)

Discarded input sections

 .text          0x0000000000000000        0x0 /tmp/ccGD5ky1.o
 .data          0x0000000000000000        0x0 /tmp/ccGD5ky1.o
 .bss           0x0000000000000000        0x0 /tmp/ccGD5ky1.o
 .comment       0x0000000000000000       0x4e /tmp/ccGD5ky1.o
 .ARM.attributes
                0x0000000000000000       0x2c /tmp/ccGD5ky1.o
 .text          0x0000000000000000        0x0 /tmp/ccdcDlnm.o
 .data          0x0000000000000000        0x0 /tmp/ccdcDlnm.o
 .bss           0x0000000000000000        0x0 /tmp/ccdcDlnm.o
 .comment       0x0000000000000000       0x4e /tmp/ccdcDlnm.o
 .ARM.attributes
                0x0000000000000000       0x2c /tmp/ccdcDlnm.o
 .text          0x0000000000000000        0x0 /tmp/cct7MHBD.o
 .data          0x0000000000000000        0x0 /tmp/cct7MHBD.o
 .bss           0x0000000000000000        0x0 /tmp/cct7MHBD.o
 .text.canardGetUserReference
                0x0000000000000000        0x4 /tmp/cct7MHBD.o
 .text.canardGetLocalNodeID
                0x0000000000000000        0x4 /tmp/cct7MHBD.o
 .text.canardForgetLocalNodeID
                0x0000000000000000        0x6 /tmp/cct7MHBD.o
 .text.canardInitTxTransfer
                0x0000000000000000        0xc /tmp/cct7MHBD.o
 .text.canardGetPoolAllocatorStatistics
                0x0000000000000000       0x10 /tmp/cct7MHBD.o
 .text.canardConvertNativeFloatToFloat16
                0x0000000000000000       0x64 /tmp/cct7MHBD.o
 .text.canardConvertFloat16ToNativeFloat
                0x0000000000000000       0x34 /tmp/cct7MHBD.o
 .comment       0x0000000000000000       0x4e /tmp/cct7MHBD.o
 .ARM.attributes
                0x0000000000000000       0x2c /tmp/cct7MHBD.o
 .text          0x0000000000000000        0x0 /tmp/cc7vZWuY.o
 .data          0x0000000000000000        0x0 /tmp/cc7vZWuY.o
 .bss           0x0000000000000000        0x0 /tmp/cc7vZWuY.o
 .text.canardSTM32ConfigureAcceptanceFilters
                0x0000000000000000       0x90 /tmp/cc7vZWuY.o
 .text.canardSTM32GetStats
                0x0000000000000000       0x14 /tmp/cc7vZWuY.o
 .comment       0x0000000000000000       0x4e /tmp/cc7vZWuY.o
 .ARM.attributes
                0x0000000000000000       0x2c /tmp/cc7vZWuY.o
 .text          0x0000000000000000        0x0 /tmp/ccplbTgA.o
 .data          0x0000000000000000        0x0 /tmp/ccplbTgA.o
 .bss           0x0000000000000000        0x0 /tmp/ccplbTgA.o
 .text.uavcan_tunnel_Protocol_encode
                0x0000000000000000       0x20 /tmp/ccplbTgA.o
 .text.uavcan_tunnel_Protocol_decode
                0x0000000000000000       0x36 /tmp/ccplbTgA.o
 .comment       0x0000000000000000       0x4e /tmp/ccplbTgA.o
 .ARM.attributes
                0x0000000000000000       0x2c /tmp/ccplbTgA.o
 .text          0x0000000000000000        0x0 /tmp/cczzyc3V.o
 .data          0x0000000000000000        0x0 /tmp/cczzyc3V.o
 .bss           0x0000000000000000        0x0 /tmp/cczzyc3V.o
 .comment       0x0000000000000000       0x4e /tmp/cczzyc3V.o
 .ARM.attributes
                0x0000000000000000       0x2c /tmp/cczzyc3V.o
 .text          0x0000000000000000        0x0 /tmp/ccvxLdyF.o
 .data          0x0000000000000000        0x0 /tmp/ccvxLdyF.o
 .bss           0x0000000000000000        0x0 /tmp/ccvxLdyF.o
 .text.uavcan_protocol_NodeStatus_decode
                0x0000000000000000       0x7c /tmp/ccvxLdyF.o
 .comment       0x0000000000000000       0x4e /tmp/ccvxLdyF.o
 .ARM.attributes
                0x0000000000000000       0x2c /tmp/ccvxLdyF.o
 .text          0x0000000000000000        0x0 /tmp/ccJ28akZ.o
 .data          0x0000000000000000        0x0 /tmp/ccJ28akZ.o
 .bss           0x0000000000000000        0x0 /tmp/ccJ28akZ.o
 .text.uavcan_protocol_GetNodeInfoRequest_encode
                0x0000000000000000       0x10 /tmp/ccJ28akZ.o
 .text.uavcan_protocol_GetNodeInfoRequest_decode
                0x0000000000000000       0x12 /tmp/ccJ28akZ.o
 .comment       0x0000000000000000       0x4e /tmp/ccJ28akZ.o
 .ARM.attributes
                0x0000000000000000       0x2c /tmp/ccJ28akZ.o
 .text          0x0000000000000000        0x0 /tmp/ccl8HawR.o
 .data          0x0000000000000000        0x0 /tmp/ccl8HawR.o
 .bss           0x0000000000000000        0x0 /tmp/ccl8HawR.o
 .text.uavcan_protocol_GetNodeInfoResponse_decode
                0x0000000000000000      0x1d0 /tmp/ccl8HawR.o
 .comment       0x0000000000000000       0x4e /tmp/ccl8HawR.o
 .ARM.attributes
                0x0000000000000000       0x2c /tmp/ccl8HawR.o
 .text          0x0000000000000000        0x0 /tmp/ccDvVFeY.o
 .data          0x0000000000000000        0x0 /tmp/ccDvVFeY.o
 .bss           0x0000000000000000        0x0 /tmp/ccDvVFeY.o
 .text.uavcan_protocol_HardwareVersion_encode
                0x0000000000000000       0x90 /tmp/ccDvVFeY.o
 .text.uavcan_protocol_HardwareVersion_decode
                0x0000000000000000       0xc0 /tmp/ccDvVFeY.o
 .comment       0x0000000000000000       0x4e /tmp/ccDvVFeY.o
 .ARM.attributes
                0x0000000000000000       0x2c /tmp/ccDvVFeY.o
 .text          0x0000000000000000        0x0 /tmp/ccFjdTTW.o
 .data          0x0000000000000000        0x0 /tmp/ccFjdTTW.o
 .bss           0x0000000000000000        0x0 /tmp/ccFjdTTW.o
 .text.uavcan_protocol_SoftwareVersion_encode
                0x0000000000000000       0x52 /tmp/ccFjdTTW.o
 .text.uavcan_protocol_SoftwareVersion_decode
                0x0000000000000000       0x7c /tmp/ccFjdTTW.o
 .comment       0x0000000000000000       0x4e /tmp/ccFjdTTW.o
 .ARM.attributes
                0x0000000000000000       0x2c /tmp/ccFjdTTW.o
 .data          0x0000000000000000        0x0 /home/hzt/.local/toolchains/gcc-arm-none-eabi-10-2020-q4-major/bin/../lib/gcc/arm-none-eabi/10.2.1/thumb/v6-m/nofp/libgcc.a(_udivsi3.o)
 .bss           0x0000000000000000        0x0 /home/hzt/.local/toolchains/gcc-arm-none-eabi-10-2020-q4-major/bin/../lib/gcc/arm-none-eabi/10.2.1/thumb/v6-m/nofp/libgcc.a(_udivsi3.o)
 .ARM.attributes
                0x0000000000000000       0x1e /home/hzt/.local/toolchains/gcc-arm-none-eabi-10-2020-q4-major/bin/../lib/gcc/arm-none-eabi/10.2.1/thumb/v6-m/nofp/libgcc.a(_udivsi3.o)
 .data          0x0000000000000000        0x0 /home/hzt/.local/toolchains/gcc-arm-none-eabi-10-2020-q4-major/bin/../lib/gcc/arm-none-eabi/10.2.1/thumb/v6-m/nofp/libgcc.a(_divsi3.o)
 .bss           0x0000000000000000        0x0 /home/hzt/.local/toolchains/gcc-arm-none-eabi-10-2020-q4-major/bin/../lib/gcc/arm-none-eabi/10.2.1/thumb/v6-m/nofp/libgcc.a(_divsi3.o)
 .ARM.attributes
                0x0000000000000000       0x1e /home/hzt/.local/toolchains/gcc-arm-none-eabi-10-2020-q4-major/bin/../lib/gcc/arm-none-eabi/10.2.1/thumb/v6-m/nofp/libgcc.a(_divsi3.o)
 .data          0x0000000000000000        0x0 /home/hzt/.local/toolchains/gcc-arm-none-eabi-10-2020-q4-major/bin/../lib/gcc/arm-none-eabi/10.2.1/thumb/v6-m/nofp/libgcc.a(_dvmd_tls.o)
 .bss           0x0000000000000000        0x0 /home/hzt/.local/toolchains/gcc-arm-none-eabi-10-2020-q4-major/bin/../lib/gcc/arm-none-eabi/10.2.1/thumb/v6-m/nofp/libgcc.a(_dvmd_tls.o)
 .ARM.attributes
                0x0000000000000000       0x1e /home/hzt/.local/toolchains/gcc-arm-none-eabi-10-2020-q4-major/bin/../lib/gcc/arm-none-eabi/10.2.1/thumb/v6-m/nofp/libgcc.a(_dvmd_tls.o)
 .data          0x0000000000000000        0x0 /home/hzt/.local/toolchains/gcc-arm-none-eabi-10-2020-q4-major/bin/../lib/gcc/arm-none-eabi/10.2.1/thumb/v6-m/nofp/libgcc.a(_lshrdi3.o)
 .bss           0x0000000000000000        0x0 /home/hzt/.local/toolchains/gcc-arm-none-eabi-10-2020-q4-major/bin/../lib/gcc/arm-none-eabi/10.2.1/thumb/v6-m/nofp/libgcc.a(_lshrdi3.o)
 .ARM.attributes
                0x0000000000000000       0x1e /home/hzt/.local/toolchains/gcc-arm-none-eabi-10-2020-q4-major/bin/../lib/gcc/arm-none-eabi/10.2.1/thumb/v6-m/nofp/libgcc.a(_lshrdi3.o)
 .data          0x0000000000000000        0x0 /home/hzt/.local/toolchains/gcc-arm-none-eabi-10-2020-q4-major/bin/../lib/gcc/arm-none-eabi/10.2.1/thumb/v6-m/nofp/libgcc.a(_ashldi3.o)
 .bss           0x0000000000000000        0x0 /home/hzt/.local/toolchains/gcc-arm-none-eabi-10-2020-q4-major/bin/../lib/gcc/arm-none-eabi/10.2.1/thumb/v6-m/nofp/libgcc.a(_ashldi3.o)
 .ARM.attributes
                0x0000000000000000       0x1e /home/hzt/.local/toolchains/gcc-arm-none-eabi-10-2020-q4-major/bin/../lib/gcc/arm-none-eabi/10.2.1/thumb/v6-m/nofp/libgcc.a(_ashldi3.o)
 .text          0x0000000000000000       0x74 /home/hzt/.local/toolchains/gcc-arm-none-eabi-10-2020-q4-major/bin/../lib/gcc/arm-none-eabi/10.2.1/thumb/v6-m/nofp/libgcc.a(_arm_cmpsf2.o)
 .data          0x0000000000000000        0x0 /home/hzt/.local/toolchains/gcc-arm-none-eabi-10-2020-q4-major/bin/../lib/gcc/arm-none-eabi/10.2.1/thumb/v6-m/nofp/libgcc.a(_arm_cmpsf2.o)
 .bss           0x0000000000000000        0x0 /home/hzt/.local/toolchains/gcc-arm-none-eabi-10-2020-q4-major/bin/../lib/gcc/arm-none-eabi/10.2.1/thumb/v6-m/nofp/libgcc.a(_arm_cmpsf2.o)
 .ARM.attributes
                0x0000000000000000       0x1e /home/hzt/.local/toolchains/gcc-arm-none-eabi-10-2020-q4-major/bin/../lib/gcc/arm-none-eabi/10.2.1/thumb/v6-m/nofp/libgcc.a(_arm_cmpsf2.o)
 .data          0x0000000000000000        0x0 /home/hzt/.local/toolchains/gcc-arm-none-eabi-10-2020-q4-major/bin/../lib/gcc/arm-none-eabi/10.2.1/thumb/v6-m/nofp/libgcc.a(_muldi3.o)
 .bss           0x0000000000000000        0x0 /home/hzt/.local/toolchains/gcc-arm-none-eabi-10-2020-q4-major/bin/../lib/gcc/arm-none-eabi/10.2.1/thumb/v6-m/nofp/libgcc.a(_muldi3.o)
 .ARM.attributes
                0x0000000000000000       0x2c /home/hzt/.local/toolchains/gcc-arm-none-eabi-10-2020-q4-major/bin/../lib/gcc/arm-none-eabi/10.2.1/thumb/v6-m/nofp/libgcc.a(_muldi3.o)
 .text          0x0000000000000000       0x4c /home/hzt/.local/toolchains/gcc-arm-none-eabi-10-2020-q4-major/bin/../lib/gcc/arm-none-eabi/10.2.1/thumb/v6-m/nofp/libgcc.a(eqsf2.o)
 .data          0x0000000000000000        0x0 /home/hzt/.local/toolchains/gcc-arm-none-eabi-10-2020-q4-major/bin/../lib/gcc/arm-none-eabi/10.2.1/thumb/v6-m/nofp/libgcc.a(eqsf2.o)
 .bss           0x0000000000000000        0x0 /home/hzt/.local/toolchains/gcc-arm-none-eabi-10-2020-q4-major/bin/../lib/gcc/arm-none-eabi/10.2.1/thumb/v6-m/nofp/libgcc.a(eqsf2.o)
 .debug_frame   0x0000000000000000       0x2c /home/hzt/.local/toolchains/gcc-arm-none-eabi-10-2020-q4-major/bin/../lib/gcc/arm-none-eabi/10.2.1/thumb/v6-m/nofp/libgcc.a(eqsf2.o)
 .ARM.attributes
                0x0000000000000000       0x2c /home/hzt/.local/toolchains/gcc-arm-none-eabi-10-2020-q4-major/bin/../lib/gcc/arm-none-eabi/10.2.1/thumb/v6-m/nofp/libgcc.a(eqsf2.o)
 .text          0x0000000000000000       0x8c /home/hzt/.local/toolchains/gcc-arm-none-eabi-10-2020-q4-major/bin/../lib/gcc/arm-none-eabi/10.2.1/thumb/v6-m/nofp/libgcc.a(gesf2.o)
 .data          0x0000000000000000        0x0 /home/hzt/.local/toolchains/gcc-arm-none-eabi-10-2020-q4-major/bin/../lib/gcc/arm-none-eabi/10.2.1/thumb/v6-m/nofp/libgcc.a(gesf2.o)
 .bss           0x0000000000000000        0x0 /home/hzt/.local/toolchains/gcc-arm-none-eabi-10-2020-q4-major/bin/../lib/gcc/arm-none-eabi/10.2.1/thumb/v6-m/nofp/libgcc.a(gesf2.o)
 .debug_frame   0x0000000000000000       0x2c /home/hzt/.local/toolchains/gcc-arm-none-eabi-10-2020-q4-major/bin/../lib/gcc/arm-none-eabi/10.2.1/thumb/v6-m/nofp/libgcc.a(gesf2.o)
 .ARM.attributes
                0x0000000000000000       0x2c /home/hzt/.local/toolchains/gcc-arm-none-eabi-10-2020-q4-major/bin/../lib/gcc/arm-none-eabi/10.2.1/thumb/v6-m/nofp/libgcc.a(gesf2.o)
 .text          0x0000000000000000       0x88 /home/hzt/.local/toolchains/gcc-arm-none-eabi-10-2020-q4-major/bin/../lib/gcc/arm-none-eabi/10.2.1/thumb/v6-m/nofp/libgcc.a(lesf2.o)
 .data          0x0000000000000000        0x0 /home/hzt/.local/toolchains/gcc-arm-none-eabi-10-2020-q4-major/bin/../lib/gcc/arm-none-eabi/10.2.1/thumb/v6-m/nofp/libgcc.a(lesf2.o)
 .bss           0x0000000000000000        0x0 /home/hzt/.local/toolchains/gcc-arm-none-eabi-10-2020-q4-major/bin/../lib/gcc/arm-none-eabi/10.2.1/thumb/v6-m/nofp/libgcc.a(lesf2.o)
 .debug_frame   0x0000000000000000       0x2c /home/hzt/.local/toolchains/gcc-arm-none-eabi-10-2020-q4-major/bin/../lib/gcc/arm-none-eabi/10.2.1/thumb/v6-m/nofp/libgcc.a(lesf2.o)
 .ARM.attributes
                0x0000000000000000       0x2c /home/hzt/.local/toolchains/gcc-arm-none-eabi-10-2020-q4-major/bin/../lib/gcc/arm-none-eabi/10.2.1/thumb/v6-m/nofp/libgcc.a(lesf2.o)
 .text          0x0000000000000000      0x24c /home/hzt/.local/toolchains/gcc-arm-none-eabi-10-2020-q4-major/bin/../lib/gcc/arm-none-eabi/10.2.1/thumb/v6-m/nofp/libgcc.a(mulsf3.o)
 .data          0x0000000000000000        0x0 /home/hzt/.local/toolchains/gcc-arm-none-eabi-10-2020-q4-major/bin/../lib/gcc/arm-none-eabi/10.2.1/thumb/v6-m/nofp/libgcc.a(mulsf3.o)
 .bss           0x0000000000000000        0x0 /home/hzt/.local/toolchains/gcc-arm-none-eabi-10-2020-q4-major/bin/../lib/gcc/arm-none-eabi/10.2.1/thumb/v6-m/nofp/libgcc.a(mulsf3.o)
 .rodata        0x0000000000000000       0x40 /home/hzt/.local/toolchains/gcc-arm-none-eabi-10-2020-q4-major/bin/../lib/gcc/arm-none-eabi/10.2.1/thumb/v6-m/nofp/libgcc.a(mulsf3.o)
 .debug_frame   0x0000000000000000       0x38 /home/hzt/.local/toolchains/gcc-arm-none-eabi-10-2020-q4-major/bin/../lib/gcc/arm-none-eabi/10.2.1/thumb/v6-m/nofp/libgcc.a(mulsf3.o)
 .ARM.attributes
                0x0000000000000000       0x2c /home/hzt/.local/toolchains/gcc-arm-none-eabi-10-2020-q4-major/bin/../lib/gcc/arm-none-eabi/10.2.1/thumb/v6-m/nofp/libgcc.a(mulsf3.o)
 .text          0x0000000000000000       0x3c /home/hzt/.local/toolchains/gcc-arm-none-eabi-10-2020-q4-major/bin/../lib/gcc/arm-none-eabi/10.2.1/thumb/v6-m/nofp/libgcc.a(_clzsi2.o)
 .data          0x0000000000000000        0x0 /home/hzt/.local/toolchains/gcc-arm-none-eabi-10-2020-q4-major/bin/../lib/gcc/arm-none-eabi/10.2.1/thumb/v6-m/nofp/libgcc.a(_clzsi2.o)
 .bss           0x0000000000000000        0x0 /home/hzt/.local/toolchains/gcc-arm-none-eabi-10-2020-q4-major/bin/../lib/gcc/arm-none-eabi/10.2.1/thumb/v6-m/nofp/libgcc.a(_clzsi2.o)
 .ARM.attributes
                0x0000000000000000       0x1e /home/hzt/.local/toolchains/gcc-arm-none-eabi-10-2020-q4-major/bin/../lib/gcc/arm-none-eabi/10.2.1/thumb/v6-m/nofp/libgcc.a(_clzsi2.o)

Memory Configuration

Name             Origin             Length             Attributes
FLASH            0x0000000008000000 0x0000000000010000 xr
RAM              0x0000000020000000 0x0000000000004000 xrw
*default*        0x0000000000000000 0xffffffffffffffff

Linker script and memory map

                0x0000000020004000                _estack = (ORIGIN (RAM) + LENGTH (RAM))
                0x0000000000000800                _stack_size = 0x800
                0x0000000020003800                _stack_bottom = (_estack - _stack_size)

.isr_vector     0x0000000008000000       0x40
 *(.isr_vector)
 .isr_vector    0x0000000008000000       0x40 /tmp/ccGD5ky1.o
                0x0000000008000000                vector_table

.text           0x0000000008000040     0x22f4
 *(.text*)
 .text.SysTick_Handler
                0x0000000008000040       0x10 /tmp/ccGD5ky1.o
                0x0000000008000040                SysTick_Handler
 .text.stop_with_led_off
                0x0000000008000050       0x10 /tmp/ccGD5ky1.o
 .text.gpio_config_af
                0x0000000008000060       0x46 /tmp/ccGD5ky1.o
 *fill*         0x00000000080000a6        0x2 
 .text.should_accept_transfer
                0x00000000080000a8       0x44 /tmp/ccGD5ky1.o
 .text.Default_Handler
                0x00000000080000ec        0x6 /tmp/ccGD5ky1.o
                0x00000000080000ec                Default_Handler
 *fill*         0x00000000080000f2        0x2 
 .text.can_process_tx
                0x00000000080000f4       0x24 /tmp/ccGD5ky1.o
 .text.publish_uart_packet.part.0.isra.0
                0x0000000008000118       0x7c /tmp/ccGD5ky1.o
 .text.on_transfer_received
                0x0000000008000194      0x20c /tmp/ccGD5ky1.o
 .text.Reset_Handler
                0x00000000080003a0      0x5c4 /tmp/ccGD5ky1.o
                0x00000000080003a0                Reset_Handler
 .text.usleep   0x0000000008000964       0x28 /tmp/ccGD5ky1.o
                0x0000000008000964                usleep
 .text.memset   0x000000000800098c       0x10 /tmp/ccdcDlnm.o
                0x000000000800098c                memset
 .text.memcpy   0x000000000800099c       0x12 /tmp/ccdcDlnm.o
                0x000000000800099c                memcpy
 .text.pushTxQueue
                0x00000000080009ae       0x96 /tmp/cct7MHBD.o
 .text.copyBitArray
                0x0000000008000a44       0x88 /tmp/cct7MHBD.o
 .text.crcAddByte
                0x0000000008000acc       0x24 /tmp/cct7MHBD.o
 .text.crcAdd   0x0000000008000af0       0x16 /tmp/cct7MHBD.o
 .text.allocateBlock
                0x0000000008000b06       0x1e /tmp/cct7MHBD.o
 .text.createRxState
                0x0000000008000b24       0x2c /tmp/cct7MHBD.o
 .text.dlcToDataLength
                0x0000000008000b50       0x38 /tmp/cct7MHBD.o
 .text.dataLengthToDlc
                0x0000000008000b88       0x38 /tmp/cct7MHBD.o
 .text.calculateCRC
                0x0000000008000bc0       0x44 /tmp/cct7MHBD.o
 .text.releaseStatePayload.isra.0
                0x0000000008000c04       0x24 /tmp/cct7MHBD.o
 .text.bufferBlockPushBytes
                0x0000000008000c28      0x12c /tmp/cct7MHBD.o
 .text.enqueueTxFrames
                0x0000000008000d54      0x166 /tmp/cct7MHBD.o
 *fill*         0x0000000008000eba        0x2 
 .text.canardInit
                0x0000000008000ebc       0x64 /tmp/cct7MHBD.o
                0x0000000008000ebc                canardInit
 .text.canardSetLocalNodeID
                0x0000000008000f20       0x10 /tmp/cct7MHBD.o
                0x0000000008000f20                canardSetLocalNodeID
 .text.canardBroadcastObj
                0x0000000008000f30       0x8c /tmp/cct7MHBD.o
                0x0000000008000f30                canardBroadcastObj
 .text.canardBroadcast
                0x0000000008000fbc       0x4c /tmp/cct7MHBD.o
                0x0000000008000fbc                canardBroadcast
 .text.canardRequestOrRespondObj
                0x0000000008001008       0x72 /tmp/cct7MHBD.o
                0x0000000008001008                canardRequestOrRespondObj
 .text.canardRequestOrRespond
                0x000000000800107a       0x64 /tmp/cct7MHBD.o
                0x000000000800107a                canardRequestOrRespond
 .text.canardPeekTxQueue
                0x00000000080010de        0xa /tmp/cct7MHBD.o
                0x00000000080010de                canardPeekTxQueue
 .text.canardPopTxQueue
                0x00000000080010e8       0x14 /tmp/cct7MHBD.o
                0x00000000080010e8                canardPopTxQueue
 .text.canardCleanupStaleTransfers
                0x00000000080010fc       0x70 /tmp/cct7MHBD.o
                0x00000000080010fc                canardCleanupStaleTransfers
 .text.canardDecodeScalar
                0x000000000800116c      0x24c /tmp/cct7MHBD.o
                0x000000000800116c                canardDecodeScalar
 .text.canardEncodeScalar
                0x00000000080013b8       0x7a /tmp/cct7MHBD.o
                0x00000000080013b8                canardEncodeScalar
 .text.canardReleaseRxTransferPayload
                0x0000000008001432       0x22 /tmp/cct7MHBD.o
                0x0000000008001432                canardReleaseRxTransferPayload
 .text.extractTransferType
                0x0000000008001454       0x10 /tmp/cct7MHBD.o
                0x0000000008001454                extractTransferType
 .text.extractDataType
                0x0000000008001464       0x20 /tmp/cct7MHBD.o
                0x0000000008001464                extractDataType
 .text.canardHandleRxFrame
                0x0000000008001484      0x494 /tmp/cct7MHBD.o
                0x0000000008001484                canardHandleRxFrame
 .text.convertFrameIDRegisterToCanard
                0x0000000008001918       0x1c /tmp/cc7vZWuY.o
 .text.processErrorStatus
                0x0000000008001934       0x48 /tmp/cc7vZWuY.o
 .text.canardSTM32Init
                0x000000000800197c      0x158 /tmp/cc7vZWuY.o
                0x000000000800197c                canardSTM32Init
 .text.canardSTM32Transmit
                0x0000000008001ad4      0x11c /tmp/cc7vZWuY.o
                0x0000000008001ad4                canardSTM32Transmit
 .text.canardSTM32Receive
                0x0000000008001bf0       0x80 /tmp/cc7vZWuY.o
                0x0000000008001bf0                canardSTM32Receive
 .text.uavcan_tunnel_Targetted_encode
                0x0000000008001c70       0x9e /tmp/cczzyc3V.o
                0x0000000008001c70                uavcan_tunnel_Targetted_encode
 .text.uavcan_tunnel_Targetted_decode
                0x0000000008001d0e       0xd0 /tmp/cczzyc3V.o
                0x0000000008001d0e                uavcan_tunnel_Targetted_decode
 .text.uavcan_protocol_NodeStatus_encode
                0x0000000008001dde       0x52 /tmp/ccvxLdyF.o
                0x0000000008001dde                uavcan_protocol_NodeStatus_encode
 .text.uavcan_protocol_GetNodeInfoResponse_encode
                0x0000000008001e30      0x174 /tmp/ccl8HawR.o
                0x0000000008001e30                uavcan_protocol_GetNodeInfoResponse_encode
 .text          0x0000000008001fa4      0x114 /home/hzt/.local/toolchains/gcc-arm-none-eabi-10-2020-q4-major/bin/../lib/gcc/arm-none-eabi/10.2.1/thumb/v6-m/nofp/libgcc.a(_udivsi3.o)
                0x0000000008001fa4                __udivsi3
                0x0000000008001fa4                __aeabi_uidiv
                0x00000000080020b0                __aeabi_uidivmod
 .text          0x00000000080020b8      0x1d4 /home/hzt/.local/toolchains/gcc-arm-none-eabi-10-2020-q4-major/bin/../lib/gcc/arm-none-eabi/10.2.1/thumb/v6-m/nofp/libgcc.a(_divsi3.o)
                0x00000000080020b8                __aeabi_idiv
                0x00000000080020b8                __divsi3
                0x0000000008002284                __aeabi_idivmod
 .text          0x000000000800228c        0x4 /home/hzt/.local/toolchains/gcc-arm-none-eabi-10-2020-q4-major/bin/../lib/gcc/arm-none-eabi/10.2.1/thumb/v6-m/nofp/libgcc.a(_dvmd_tls.o)
                0x000000000800228c                __aeabi_ldiv0
                0x000000000800228c                __aeabi_idiv0
 .text          0x0000000008002290       0x18 /home/hzt/.local/toolchains/gcc-arm-none-eabi-10-2020-q4-major/bin/../lib/gcc/arm-none-eabi/10.2.1/thumb/v6-m/nofp/libgcc.a(_lshrdi3.o)
                0x0000000008002290                __aeabi_llsr
                0x0000000008002290                __lshrdi3
 .text          0x00000000080022a8       0x18 /home/hzt/.local/toolchains/gcc-arm-none-eabi-10-2020-q4-major/bin/../lib/gcc/arm-none-eabi/10.2.1/thumb/v6-m/nofp/libgcc.a(_ashldi3.o)
                0x00000000080022a8                __ashldi3
                0x00000000080022a8                __aeabi_llsl
 .text          0x00000000080022c0       0x5c /home/hzt/.local/toolchains/gcc-arm-none-eabi-10-2020-q4-major/bin/../lib/gcc/arm-none-eabi/10.2.1/thumb/v6-m/nofp/libgcc.a(_muldi3.o)
                0x00000000080022c0                __aeabi_lmul
                0x00000000080022c0                __muldi3
 *(.rodata*)
 .rodata.node_name.1
                0x000000000800231c       0x16 /tmp/ccGD5ky1.o
                0x0000000008002334                . = ALIGN (0x4)
 *fill*         0x0000000008002332        0x2 
                0x0000000008002334                _sidata = LOADADDR (.data)

.glue_7         0x0000000008002334        0x0
 .glue_7        0x0000000008002334        0x0 linker stubs

.glue_7t        0x0000000008002334        0x0
 .glue_7t       0x0000000008002334        0x0 linker stubs

.vfp11_veneer   0x0000000008002334        0x0
 .vfp11_veneer  0x0000000008002334        0x0 linker stubs

.v4_bx          0x0000000008002334        0x0
 .v4_bx         0x0000000008002334        0x0 linker stubs

.iplt           0x0000000008002334        0x0
 .iplt          0x0000000008002334        0x0 /tmp/ccGD5ky1.o

.rel.dyn        0x0000000008002334        0x0
 .rel.iplt      0x0000000008002334        0x0 /tmp/ccGD5ky1.o

.data           0x0000000020000000      0x674 load address 0x0000000008002334
                0x0000000020000000                . = ALIGN (0x4)
                0x0000000020000000                _sdata = .
 *(.data*)
 .data.g_uart_ports
                0x0000000020000000      0x670 /tmp/ccGD5ky1.o
 .data.initialized_marker
                0x0000000020000670        0x4 /tmp/ccGD5ky1.o
                0x0000000020000670                initialized_marker
                0x0000000020000674                . = ALIGN (0x4)
                0x0000000020000674                _edata = .

.igot.plt       0x0000000020000674        0x0 load address 0x00000000080029a8
 .igot.plt      0x0000000020000674        0x0 /tmp/ccGD5ky1.o

.bss            0x0000000020000678     0x1b58 load address 0x00000000080029a8
                0x0000000020000678                . = ALIGN (0x8)
                0x0000000020000678                _sbss = .
 *(.bss*)
 .bss.g_canard  0x0000000020000678       0x30 /tmp/ccGD5ky1.o
 .bss.g_canard_memory_pool
                0x00000000200006a8     0x1800 /tmp/ccGD5ky1.o
 .bss.g_led2_off_ms
                0x0000000020001ea8        0x4 /tmp/ccGD5ky1.o
 .bss.g_millis  0x0000000020001eac        0x4 /tmp/ccGD5ky1.o
 .bss.g_node_status_transfer_id
                0x0000000020001eb0        0x1 /tmp/ccGD5ky1.o
 .bss.g_tunnel_transfer_id
                0x0000000020001eb1        0x1 /tmp/ccGD5ky1.o
 .bss.payload.0
                0x0000000020001eb2      0x179 /tmp/ccGD5ky1.o
 *fill*         0x000000002000202b        0x5 
 .bss.response.2
                0x0000000020002030      0x188 /tmp/ccGD5ky1.o
 .bss.zero_marker
                0x00000000200021b8        0x4 /tmp/ccGD5ky1.o
                0x00000000200021b8                zero_marker
 .bss.g_abort_tx_on_error
                0x00000000200021bc        0x1 /tmp/cc7vZWuY.o
 *fill*         0x00000000200021bd        0x3 
 .bss.g_stats   0x00000000200021c0       0x10 /tmp/cc7vZWuY.o
 *(COMMON)
                0x00000000200021d0                . = ALIGN (0x8)
                0x00000000200021d0                _ebss = .
                0x0000000000000001                ASSERT (((_sidata & 0x3) == 0x0), .data Flash load address must be 4-byte aligned)
                0x0000000000000001                ASSERT ((_ebss <= _stack_bottom), RAM overflow: static data collides with reserved stack)

/DISCARD/
 *(.comment*)
 *(.ARM.attributes*)
 *(.ARM.exidx*)
 *(.ARM.extab*)
LOAD /tmp/ccGD5ky1.o
LOAD /tmp/ccdcDlnm.o
LOAD /tmp/cct7MHBD.o
LOAD /tmp/cc7vZWuY.o
LOAD /tmp/ccplbTgA.o
LOAD /tmp/cczzyc3V.o
LOAD /tmp/ccvxLdyF.o
LOAD /tmp/ccJ28akZ.o
LOAD /tmp/ccl8HawR.o
LOAD /tmp/ccDvVFeY.o
LOAD /tmp/ccFjdTTW.o
LOAD /home/hzt/.local/toolchains/gcc-arm-none-eabi-10-2020-q4-major/bin/../lib/gcc/arm-none-eabi/10.2.1/thumb/v6-m/nofp/libgcc.a
OUTPUT(firmware.elf elf32-littlearm)
LOAD linker stubs

.debug_frame    0x0000000000000000       0x74
 .debug_frame   0x0000000000000000       0x20 /home/hzt/.local/toolchains/gcc-arm-none-eabi-10-2020-q4-major/bin/../lib/gcc/arm-none-eabi/10.2.1/thumb/v6-m/nofp/libgcc.a(_udivsi3.o)
 .debug_frame   0x0000000000000020       0x20 /home/hzt/.local/toolchains/gcc-arm-none-eabi-10-2020-q4-major/bin/../lib/gcc/arm-none-eabi/10.2.1/thumb/v6-m/nofp/libgcc.a(_divsi3.o)
 .debug_frame   0x0000000000000040       0x34 /home/hzt/.local/toolchains/gcc-arm-none-eabi-10-2020-q4-major/bin/../lib/gcc/arm-none-eabi/10.2.1/thumb/v6-m/nofp/libgcc.a(_muldi3.o)
