Archive member included to satisfy reference by file (symbol)

/home/hzt/.local/toolchains/gcc-arm-none-eabi-10-2020-q4-major/bin/../lib/gcc/arm-none-eabi/10.2.1/thumb/v6-m/nofp/libgcc.a(_udivsi3.o)
                              /tmp/ccg8UThO.o (__aeabi_uidiv)
/home/hzt/.local/toolchains/gcc-arm-none-eabi-10-2020-q4-major/bin/../lib/gcc/arm-none-eabi/10.2.1/thumb/v6-m/nofp/libgcc.a(_divsi3.o)
                              /tmp/ccg8UThO.o (__aeabi_idiv)
/home/hzt/.local/toolchains/gcc-arm-none-eabi-10-2020-q4-major/bin/../lib/gcc/arm-none-eabi/10.2.1/thumb/v6-m/nofp/libgcc.a(_dvmd_tls.o)
                              /home/hzt/.local/toolchains/gcc-arm-none-eabi-10-2020-q4-major/bin/../lib/gcc/arm-none-eabi/10.2.1/thumb/v6-m/nofp/libgcc.a(_udivsi3.o) (__aeabi_idiv0)
/home/hzt/.local/toolchains/gcc-arm-none-eabi-10-2020-q4-major/bin/../lib/gcc/arm-none-eabi/10.2.1/thumb/v6-m/nofp/libgcc.a(_lshrdi3.o)
                              /tmp/ccSNMPJ3.o (__aeabi_llsr)
/home/hzt/.local/toolchains/gcc-arm-none-eabi-10-2020-q4-major/bin/../lib/gcc/arm-none-eabi/10.2.1/thumb/v6-m/nofp/libgcc.a(_ashldi3.o)
                              /tmp/ccSNMPJ3.o (__aeabi_llsl)
/home/hzt/.local/toolchains/gcc-arm-none-eabi-10-2020-q4-major/bin/../lib/gcc/arm-none-eabi/10.2.1/thumb/v6-m/nofp/libgcc.a(_arm_cmpsf2.o)
                              /tmp/ccSNMPJ3.o (__aeabi_fcmpge)
/home/hzt/.local/toolchains/gcc-arm-none-eabi-10-2020-q4-major/bin/../lib/gcc/arm-none-eabi/10.2.1/thumb/v6-m/nofp/libgcc.a(_muldi3.o)
                              /tmp/ccg8UThO.o (__aeabi_lmul)
/home/hzt/.local/toolchains/gcc-arm-none-eabi-10-2020-q4-major/bin/../lib/gcc/arm-none-eabi/10.2.1/thumb/v6-m/nofp/libgcc.a(eqsf2.o)
                              /home/hzt/.local/toolchains/gcc-arm-none-eabi-10-2020-q4-major/bin/../lib/gcc/arm-none-eabi/10.2.1/thumb/v6-m/nofp/libgcc.a(_arm_cmpsf2.o) (__eqsf2)
/home/hzt/.local/toolchains/gcc-arm-none-eabi-10-2020-q4-major/bin/../lib/gcc/arm-none-eabi/10.2.1/thumb/v6-m/nofp/libgcc.a(gesf2.o)
                              /home/hzt/.local/toolchains/gcc-arm-none-eabi-10-2020-q4-major/bin/../lib/gcc/arm-none-eabi/10.2.1/thumb/v6-m/nofp/libgcc.a(_arm_cmpsf2.o) (__gesf2)
/home/hzt/.local/toolchains/gcc-arm-none-eabi-10-2020-q4-major/bin/../lib/gcc/arm-none-eabi/10.2.1/thumb/v6-m/nofp/libgcc.a(lesf2.o)
                              /home/hzt/.local/toolchains/gcc-arm-none-eabi-10-2020-q4-major/bin/../lib/gcc/arm-none-eabi/10.2.1/thumb/v6-m/nofp/libgcc.a(_arm_cmpsf2.o) (__lesf2)
/home/hzt/.local/toolchains/gcc-arm-none-eabi-10-2020-q4-major/bin/../lib/gcc/arm-none-eabi/10.2.1/thumb/v6-m/nofp/libgcc.a(mulsf3.o)
                              /tmp/ccSNMPJ3.o (__aeabi_fmul)
/home/hzt/.local/toolchains/gcc-arm-none-eabi-10-2020-q4-major/bin/../lib/gcc/arm-none-eabi/10.2.1/thumb/v6-m/nofp/libgcc.a(_clzsi2.o)
                              /home/hzt/.local/toolchains/gcc-arm-none-eabi-10-2020-q4-major/bin/../lib/gcc/arm-none-eabi/10.2.1/thumb/v6-m/nofp/libgcc.a(mulsf3.o) (__clzsi2)

Discarded input sections

 .text          0x0000000000000000        0x0 /tmp/ccg8UThO.o
 .data          0x0000000000000000        0x0 /tmp/ccg8UThO.o
 .bss           0x0000000000000000        0x0 /tmp/ccg8UThO.o
 .comment       0x0000000000000000       0x4e /tmp/ccg8UThO.o
 .ARM.attributes
                0x0000000000000000       0x2c /tmp/ccg8UThO.o
 .text          0x0000000000000000        0x0 /tmp/ccplk6xz.o
 .data          0x0000000000000000        0x0 /tmp/ccplk6xz.o
 .bss           0x0000000000000000        0x0 /tmp/ccplk6xz.o
 .comment       0x0000000000000000       0x4e /tmp/ccplk6xz.o
 .ARM.attributes
                0x0000000000000000       0x2c /tmp/ccplk6xz.o
 .text          0x0000000000000000        0x0 /tmp/ccSNMPJ3.o
 .data          0x0000000000000000        0x0 /tmp/ccSNMPJ3.o
 .bss           0x0000000000000000        0x0 /tmp/ccSNMPJ3.o
 .text.canardGetUserReference
                0x0000000000000000        0x4 /tmp/ccSNMPJ3.o
 .text.canardGetLocalNodeID
                0x0000000000000000        0x4 /tmp/ccSNMPJ3.o
 .text.canardForgetLocalNodeID
                0x0000000000000000        0x6 /tmp/ccSNMPJ3.o
 .text.canardInitTxTransfer
                0x0000000000000000        0xc /tmp/ccSNMPJ3.o
 .text.canardGetPoolAllocatorStatistics
                0x0000000000000000       0x10 /tmp/ccSNMPJ3.o
 .text.canardConvertNativeFloatToFloat16
                0x0000000000000000       0x64 /tmp/ccSNMPJ3.o
 .text.canardConvertFloat16ToNativeFloat
                0x0000000000000000       0x34 /tmp/ccSNMPJ3.o
 .comment       0x0000000000000000       0x4e /tmp/ccSNMPJ3.o
 .ARM.attributes
                0x0000000000000000       0x2c /tmp/ccSNMPJ3.o
 .text          0x0000000000000000        0x0 /tmp/ccIhw3JC.o
 .data          0x0000000000000000        0x0 /tmp/ccIhw3JC.o
 .bss           0x0000000000000000        0x0 /tmp/ccIhw3JC.o
 .text.canardSTM32ConfigureAcceptanceFilters
                0x0000000000000000       0x90 /tmp/ccIhw3JC.o
 .text.canardSTM32GetStats
                0x0000000000000000       0x14 /tmp/ccIhw3JC.o
 .comment       0x0000000000000000       0x4e /tmp/ccIhw3JC.o
 .ARM.attributes
                0x0000000000000000       0x2c /tmp/ccIhw3JC.o
 .text          0x0000000000000000        0x0 /tmp/ccYIAQ8G.o
 .data          0x0000000000000000        0x0 /tmp/ccYIAQ8G.o
 .bss           0x0000000000000000        0x0 /tmp/ccYIAQ8G.o
 .text.uavcan_tunnel_Protocol_encode
                0x0000000000000000       0x20 /tmp/ccYIAQ8G.o
 .text.uavcan_tunnel_Protocol_decode
                0x0000000000000000       0x36 /tmp/ccYIAQ8G.o
 .comment       0x0000000000000000       0x4e /tmp/ccYIAQ8G.o
 .ARM.attributes
                0x0000000000000000       0x2c /tmp/ccYIAQ8G.o
 .text          0x0000000000000000        0x0 /tmp/ccGTJxoW.o
 .data          0x0000000000000000        0x0 /tmp/ccGTJxoW.o
 .bss           0x0000000000000000        0x0 /tmp/ccGTJxoW.o
 .comment       0x0000000000000000       0x4e /tmp/ccGTJxoW.o
 .ARM.attributes
                0x0000000000000000       0x2c /tmp/ccGTJxoW.o
 .text          0x0000000000000000        0x0 /tmp/ccagZd2r.o
 .data          0x0000000000000000        0x0 /tmp/ccagZd2r.o
 .bss           0x0000000000000000        0x0 /tmp/ccagZd2r.o
 .text.uavcan_protocol_NodeStatus_decode
                0x0000000000000000       0x7c /tmp/ccagZd2r.o
 .comment       0x0000000000000000       0x4e /tmp/ccagZd2r.o
 .ARM.attributes
                0x0000000000000000       0x2c /tmp/ccagZd2r.o
 .text          0x0000000000000000        0x0 /tmp/ccm99pow.o
 .data          0x0000000000000000        0x0 /tmp/ccm99pow.o
 .bss           0x0000000000000000        0x0 /tmp/ccm99pow.o
 .text.uavcan_protocol_GetNodeInfoRequest_encode
                0x0000000000000000       0x10 /tmp/ccm99pow.o
 .text.uavcan_protocol_GetNodeInfoRequest_decode
                0x0000000000000000       0x12 /tmp/ccm99pow.o
 .comment       0x0000000000000000       0x4e /tmp/ccm99pow.o
 .ARM.attributes
                0x0000000000000000       0x2c /tmp/ccm99pow.o
 .text          0x0000000000000000        0x0 /tmp/cc2oCCuP.o
 .data          0x0000000000000000        0x0 /tmp/cc2oCCuP.o
 .bss           0x0000000000000000        0x0 /tmp/cc2oCCuP.o
 .text.uavcan_protocol_GetNodeInfoResponse_decode
                0x0000000000000000      0x1d0 /tmp/cc2oCCuP.o
 .comment       0x0000000000000000       0x4e /tmp/cc2oCCuP.o
 .ARM.attributes
                0x0000000000000000       0x2c /tmp/cc2oCCuP.o
 .text          0x0000000000000000        0x0 /tmp/ccHqBjdI.o
 .data          0x0000000000000000        0x0 /tmp/ccHqBjdI.o
 .bss           0x0000000000000000        0x0 /tmp/ccHqBjdI.o
 .text.uavcan_protocol_HardwareVersion_encode
                0x0000000000000000       0x90 /tmp/ccHqBjdI.o
 .text.uavcan_protocol_HardwareVersion_decode
                0x0000000000000000       0xc0 /tmp/ccHqBjdI.o
 .comment       0x0000000000000000       0x4e /tmp/ccHqBjdI.o
 .ARM.attributes
                0x0000000000000000       0x2c /tmp/ccHqBjdI.o
 .text          0x0000000000000000        0x0 /tmp/cc60qFWO.o
 .data          0x0000000000000000        0x0 /tmp/cc60qFWO.o
 .bss           0x0000000000000000        0x0 /tmp/cc60qFWO.o
 .text.uavcan_protocol_SoftwareVersion_encode
                0x0000000000000000       0x52 /tmp/cc60qFWO.o
 .text.uavcan_protocol_SoftwareVersion_decode
                0x0000000000000000       0x7c /tmp/cc60qFWO.o
 .comment       0x0000000000000000       0x4e /tmp/cc60qFWO.o
 .ARM.attributes
                0x0000000000000000       0x2c /tmp/cc60qFWO.o
 .data          0x0000000000000000        0x0 /home/hzt/.local/toolchains/gcc-arm-none-eabi-10-2020-q4-major/bin/../lib/gcc/arm-none-eabi/10.2.1/thumb/v6-m/nofp/libgcc.a(_udivsi3.o)
 .bss           0x0000000000000000        0x0 /home/hzt/.local/toolchains/gcc-arm-none-eabi-10-2020-q4-major/bin/../lib/gcc/arm-none-eabi/10.2.1/thumb/v6-m/nofp/libgcc.a(_udivsi3.o)
 .ARM.attributes
                0x0000000000000000       0x1e /home/hzt/.local/toolchains/gcc-arm-none-eabi-10-2020-q4-major/bin/../lib/gcc/arm-none-eabi/10.2.1/thumb/v6-m/nofp/libgcc.a(_udivsi3.o)
 .data          0x0000000000000000        0x0 /home/hzt/.local/toolchains/gcc-arm-none-eabi-10-2020-q4-major/bin/../lib/gcc/arm-none-eabi/10.2.1/thumb/v6-m/nofp/libgcc.a(_divsi3.o)
 .bss           0x0000000000000000        0x0 /home/hzt/.local/toolchains/gcc-arm-none-eabi-10-2020-q4-major/bin/../lib/gcc/arm-none-eabi/10.2.1/thumb/v6-m/nofp/libgcc.a(_divsi3.o)
 .ARM.attributes
                0x0000000000000000       0x1e /home/hzt/.local/toolchains/gcc-arm-none-eabi-10-2020-q4-major/bin/../lib/gcc/arm-none-eabi/10.2.1/thumb/v6-m/nofp/libgcc.a(_divsi3.o)
 .data          0x0000000000000000        0x0 /home/hzt/.local/toolchains/gcc-arm-none-eabi-10-2020-q4-major/bin/../lib/gcc/arm-none-eabi/10.2.1/thumb/v6-m/nofp/libgcc.a(_dvmd_tls.o)
 .bss           0x0000000000000000        0x0 /home/hzt/.local/toolchains/gcc-arm-none-eabi-10-2020-q4-major/bin/../lib/gcc/arm-none-eabi/10.2.1/thumb/v6-m/nofp/libgcc.a(_dvmd_tls.o)
 .ARM.attributes
                0x0000000000000000       0x1e /home/hzt/.local/toolchains/gcc-arm-none-eabi-10-2020-q4-major/bin/../lib/gcc/arm-none-eabi/10.2.1/thumb/v6-m/nofp/libgcc.a(_dvmd_tls.o)
 .data          0x0000000000000000        0x0 /home/hzt/.local/toolchains/gcc-arm-none-eabi-10-2020-q4-major/bin/../lib/gcc/arm-none-eabi/10.2.1/thumb/v6-m/nofp/libgcc.a(_lshrdi3.o)
 .bss           0x0000000000000000        0x0 /home/hzt/.local/toolchains/gcc-arm-none-eabi-10-2020-q4-major/bin/../lib/gcc/arm-none-eabi/10.2.1/thumb/v6-m/nofp/libgcc.a(_lshrdi3.o)
 .ARM.attributes
                0x0000000000000000       0x1e /home/hzt/.local/toolchains/gcc-arm-none-eabi-10-2020-q4-major/bin/../lib/gcc/arm-none-eabi/10.2.1/thumb/v6-m/nofp/libgcc.a(_lshrdi3.o)
 .data          0x0000000000000000        0x0 /home/hzt/.local/toolchains/gcc-arm-none-eabi-10-2020-q4-major/bin/../lib/gcc/arm-none-eabi/10.2.1/thumb/v6-m/nofp/libgcc.a(_ashldi3.o)
 .bss           0x0000000000000000        0x0 /home/hzt/.local/toolchains/gcc-arm-none-eabi-10-2020-q4-major/bin/../lib/gcc/arm-none-eabi/10.2.1/thumb/v6-m/nofp/libgcc.a(_ashldi3.o)
 .ARM.attributes
                0x0000000000000000       0x1e /home/hzt/.local/toolchains/gcc-arm-none-eabi-10-2020-q4-major/bin/../lib/gcc/arm-none-eabi/10.2.1/thumb/v6-m/nofp/libgcc.a(_ashldi3.o)
 .text          0x0000000000000000       0x74 /home/hzt/.local/toolchains/gcc-arm-none-eabi-10-2020-q4-major/bin/../lib/gcc/arm-none-eabi/10.2.1/thumb/v6-m/nofp/libgcc.a(_arm_cmpsf2.o)
 .data          0x0000000000000000        0x0 /home/hzt/.local/toolchains/gcc-arm-none-eabi-10-2020-q4-major/bin/../lib/gcc/arm-none-eabi/10.2.1/thumb/v6-m/nofp/libgcc.a(_arm_cmpsf2.o)
 .bss           0x0000000000000000        0x0 /home/hzt/.local/toolchains/gcc-arm-none-eabi-10-2020-q4-major/bin/../lib/gcc/arm-none-eabi/10.2.1/thumb/v6-m/nofp/libgcc.a(_arm_cmpsf2.o)
 .ARM.attributes
                0x0000000000000000       0x1e /home/hzt/.local/toolchains/gcc-arm-none-eabi-10-2020-q4-major/bin/../lib/gcc/arm-none-eabi/10.2.1/thumb/v6-m/nofp/libgcc.a(_arm_cmpsf2.o)
 .data          0x0000000000000000        0x0 /home/hzt/.local/toolchains/gcc-arm-none-eabi-10-2020-q4-major/bin/../lib/gcc/arm-none-eabi/10.2.1/thumb/v6-m/nofp/libgcc.a(_muldi3.o)
 .bss           0x0000000000000000        0x0 /home/hzt/.local/toolchains/gcc-arm-none-eabi-10-2020-q4-major/bin/../lib/gcc/arm-none-eabi/10.2.1/thumb/v6-m/nofp/libgcc.a(_muldi3.o)
 .ARM.attributes
                0x0000000000000000       0x2c /home/hzt/.local/toolchains/gcc-arm-none-eabi-10-2020-q4-major/bin/../lib/gcc/arm-none-eabi/10.2.1/thumb/v6-m/nofp/libgcc.a(_muldi3.o)
 .text          0x0000000000000000       0x4c /home/hzt/.local/toolchains/gcc-arm-none-eabi-10-2020-q4-major/bin/../lib/gcc/arm-none-eabi/10.2.1/thumb/v6-m/nofp/libgcc.a(eqsf2.o)
 .data          0x0000000000000000        0x0 /home/hzt/.local/toolchains/gcc-arm-none-eabi-10-2020-q4-major/bin/../lib/gcc/arm-none-eabi/10.2.1/thumb/v6-m/nofp/libgcc.a(eqsf2.o)
 .bss           0x0000000000000000        0x0 /home/hzt/.local/toolchains/gcc-arm-none-eabi-10-2020-q4-major/bin/../lib/gcc/arm-none-eabi/10.2.1/thumb/v6-m/nofp/libgcc.a(eqsf2.o)
 .debug_frame   0x0000000000000000       0x2c /home/hzt/.local/toolchains/gcc-arm-none-eabi-10-2020-q4-major/bin/../lib/gcc/arm-none-eabi/10.2.1/thumb/v6-m/nofp/libgcc.a(eqsf2.o)
 .ARM.attributes
                0x0000000000000000       0x2c /home/hzt/.local/toolchains/gcc-arm-none-eabi-10-2020-q4-major/bin/../lib/gcc/arm-none-eabi/10.2.1/thumb/v6-m/nofp/libgcc.a(eqsf2.o)
 .text          0x0000000000000000       0x8c /home/hzt/.local/toolchains/gcc-arm-none-eabi-10-2020-q4-major/bin/../lib/gcc/arm-none-eabi/10.2.1/thumb/v6-m/nofp/libgcc.a(gesf2.o)
 .data          0x0000000000000000        0x0 /home/hzt/.local/toolchains/gcc-arm-none-eabi-10-2020-q4-major/bin/../lib/gcc/arm-none-eabi/10.2.1/thumb/v6-m/nofp/libgcc.a(gesf2.o)
 .bss           0x0000000000000000        0x0 /home/hzt/.local/toolchains/gcc-arm-none-eabi-10-2020-q4-major/bin/../lib/gcc/arm-none-eabi/10.2.1/thumb/v6-m/nofp/libgcc.a(gesf2.o)
 .debug_frame   0x0000000000000000       0x2c /home/hzt/.local/toolchains/gcc-arm-none-eabi-10-2020-q4-major/bin/../lib/gcc/arm-none-eabi/10.2.1/thumb/v6-m/nofp/libgcc.a(gesf2.o)
 .ARM.attributes
                0x0000000000000000       0x2c /home/hzt/.local/toolchains/gcc-arm-none-eabi-10-2020-q4-major/bin/../lib/gcc/arm-none-eabi/10.2.1/thumb/v6-m/nofp/libgcc.a(gesf2.o)
 .text          0x0000000000000000       0x88 /home/hzt/.local/toolchains/gcc-arm-none-eabi-10-2020-q4-major/bin/../lib/gcc/arm-none-eabi/10.2.1/thumb/v6-m/nofp/libgcc.a(lesf2.o)
 .data          0x0000000000000000        0x0 /home/hzt/.local/toolchains/gcc-arm-none-eabi-10-2020-q4-major/bin/../lib/gcc/arm-none-eabi/10.2.1/thumb/v6-m/nofp/libgcc.a(lesf2.o)
 .bss           0x0000000000000000        0x0 /home/hzt/.local/toolchains/gcc-arm-none-eabi-10-2020-q4-major/bin/../lib/gcc/arm-none-eabi/10.2.1/thumb/v6-m/nofp/libgcc.a(lesf2.o)
 .debug_frame   0x0000000000000000       0x2c /home/hzt/.local/toolchains/gcc-arm-none-eabi-10-2020-q4-major/bin/../lib/gcc/arm-none-eabi/10.2.1/thumb/v6-m/nofp/libgcc.a(lesf2.o)
 .ARM.attributes
                0x0000000000000000       0x2c /home/hzt/.local/toolchains/gcc-arm-none-eabi-10-2020-q4-major/bin/../lib/gcc/arm-none-eabi/10.2.1/thumb/v6-m/nofp/libgcc.a(lesf2.o)
 .text          0x0000000000000000      0x24c /home/hzt/.local/toolchains/gcc-arm-none-eabi-10-2020-q4-major/bin/../lib/gcc/arm-none-eabi/10.2.1/thumb/v6-m/nofp/libgcc.a(mulsf3.o)
 .data          0x0000000000000000        0x0 /home/hzt/.local/toolchains/gcc-arm-none-eabi-10-2020-q4-major/bin/../lib/gcc/arm-none-eabi/10.2.1/thumb/v6-m/nofp/libgcc.a(mulsf3.o)
 .bss           0x0000000000000000        0x0 /home/hzt/.local/toolchains/gcc-arm-none-eabi-10-2020-q4-major/bin/../lib/gcc/arm-none-eabi/10.2.1/thumb/v6-m/nofp/libgcc.a(mulsf3.o)
 .rodata        0x0000000000000000       0x40 /home/hzt/.local/toolchains/gcc-arm-none-eabi-10-2020-q4-major/bin/../lib/gcc/arm-none-eabi/10.2.1/thumb/v6-m/nofp/libgcc.a(mulsf3.o)
 .debug_frame   0x0000000000000000       0x38 /home/hzt/.local/toolchains/gcc-arm-none-eabi-10-2020-q4-major/bin/../lib/gcc/arm-none-eabi/10.2.1/thumb/v6-m/nofp/libgcc.a(mulsf3.o)
 .ARM.attributes
                0x0000000000000000       0x2c /home/hzt/.local/toolchains/gcc-arm-none-eabi-10-2020-q4-major/bin/../lib/gcc/arm-none-eabi/10.2.1/thumb/v6-m/nofp/libgcc.a(mulsf3.o)
 .text          0x0000000000000000       0x3c /home/hzt/.local/toolchains/gcc-arm-none-eabi-10-2020-q4-major/bin/../lib/gcc/arm-none-eabi/10.2.1/thumb/v6-m/nofp/libgcc.a(_clzsi2.o)
 .data          0x0000000000000000        0x0 /home/hzt/.local/toolchains/gcc-arm-none-eabi-10-2020-q4-major/bin/../lib/gcc/arm-none-eabi/10.2.1/thumb/v6-m/nofp/libgcc.a(_clzsi2.o)
 .bss           0x0000000000000000        0x0 /home/hzt/.local/toolchains/gcc-arm-none-eabi-10-2020-q4-major/bin/../lib/gcc/arm-none-eabi/10.2.1/thumb/v6-m/nofp/libgcc.a(_clzsi2.o)
 .ARM.attributes
                0x0000000000000000       0x1e /home/hzt/.local/toolchains/gcc-arm-none-eabi-10-2020-q4-major/bin/../lib/gcc/arm-none-eabi/10.2.1/thumb/v6-m/nofp/libgcc.a(_clzsi2.o)

Memory Configuration

Name             Origin             Length             Attributes
FLASH            0x0000000008000000 0x0000000000010000 xr
RAM              0x0000000020000000 0x0000000000004000 xrw
*default*        0x0000000000000000 0xffffffffffffffff

Linker script and memory map

                0x0000000020004000                _estack = (ORIGIN (RAM) + LENGTH (RAM))
                0x0000000000000800                _stack_size = 0x800
                0x0000000020003800                _stack_bottom = (_estack - _stack_size)

.isr_vector     0x0000000008000000       0x40
 *(.isr_vector)
 .isr_vector    0x0000000008000000       0x40 /tmp/ccg8UThO.o
                0x0000000008000000                vector_table

.text           0x0000000008000040     0x22c4
 *(.text*)
 .text.SysTick_Handler
                0x0000000008000040       0x10 /tmp/ccg8UThO.o
                0x0000000008000040                SysTick_Handler
 .text.stop_with_led_off
                0x0000000008000050       0x10 /tmp/ccg8UThO.o
 .text.gpio_config_af
                0x0000000008000060       0x46 /tmp/ccg8UThO.o
 *fill*         0x00000000080000a6        0x2 
 .text.should_accept_transfer
                0x00000000080000a8       0x44 /tmp/ccg8UThO.o
 .text.Default_Handler
                0x00000000080000ec        0x6 /tmp/ccg8UThO.o
                0x00000000080000ec                Default_Handler
 *fill*         0x00000000080000f2        0x2 
 .text.can_process_tx
                0x00000000080000f4       0x24 /tmp/ccg8UThO.o
 .text.publish_uart_packet.part.0.isra.0
                0x0000000008000118       0x7c /tmp/ccg8UThO.o
 .text.on_transfer_received
                0x0000000008000194      0x20c /tmp/ccg8UThO.o
 .text.Reset_Handler
                0x00000000080003a0      0x594 /tmp/ccg8UThO.o
                0x00000000080003a0                Reset_Handler
 .text.usleep   0x0000000008000934       0x28 /tmp/ccg8UThO.o
                0x0000000008000934                usleep
 .text.memset   0x000000000800095c       0x10 /tmp/ccplk6xz.o
                0x000000000800095c                memset
 .text.memcpy   0x000000000800096c       0x12 /tmp/ccplk6xz.o
                0x000000000800096c                memcpy
 .text.pushTxQueue
                0x000000000800097e       0x96 /tmp/ccSNMPJ3.o
 .text.copyBitArray
                0x0000000008000a14       0x88 /tmp/ccSNMPJ3.o
 .text.crcAddByte
                0x0000000008000a9c       0x24 /tmp/ccSNMPJ3.o
 .text.crcAdd   0x0000000008000ac0       0x16 /tmp/ccSNMPJ3.o
 .text.allocateBlock
                0x0000000008000ad6       0x1e /tmp/ccSNMPJ3.o
 .text.createRxState
                0x0000000008000af4       0x2c /tmp/ccSNMPJ3.o
 .text.dlcToDataLength
                0x0000000008000b20       0x38 /tmp/ccSNMPJ3.o
 .text.dataLengthToDlc
                0x0000000008000b58       0x38 /tmp/ccSNMPJ3.o
 .text.calculateCRC
                0x0000000008000b90       0x44 /tmp/ccSNMPJ3.o
 .text.releaseStatePayload.isra.0
                0x0000000008000bd4       0x24 /tmp/ccSNMPJ3.o
 .text.bufferBlockPushBytes
                0x0000000008000bf8      0x12c /tmp/ccSNMPJ3.o
 .text.enqueueTxFrames
                0x0000000008000d24      0x166 /tmp/ccSNMPJ3.o
 *fill*         0x0000000008000e8a        0x2 
 .text.canardInit
                0x0000000008000e8c       0x64 /tmp/ccSNMPJ3.o
                0x0000000008000e8c                canardInit
 .text.canardSetLocalNodeID
                0x0000000008000ef0       0x10 /tmp/ccSNMPJ3.o
                0x0000000008000ef0                canardSetLocalNodeID
 .text.canardBroadcastObj
                0x0000000008000f00       0x8c /tmp/ccSNMPJ3.o
                0x0000000008000f00                canardBroadcastObj
 .text.canardBroadcast
                0x0000000008000f8c       0x4c /tmp/ccSNMPJ3.o
                0x0000000008000f8c                canardBroadcast
 .text.canardRequestOrRespondObj
                0x0000000008000fd8       0x72 /tmp/ccSNMPJ3.o
                0x0000000008000fd8                canardRequestOrRespondObj
 .text.canardRequestOrRespond
                0x000000000800104a       0x64 /tmp/ccSNMPJ3.o
                0x000000000800104a                canardRequestOrRespond
 .text.canardPeekTxQueue
                0x00000000080010ae        0xa /tmp/ccSNMPJ3.o
                0x00000000080010ae                canardPeekTxQueue
 .text.canardPopTxQueue
                0x00000000080010b8       0x14 /tmp/ccSNMPJ3.o
                0x00000000080010b8                canardPopTxQueue
 .text.canardCleanupStaleTransfers
                0x00000000080010cc       0x70 /tmp/ccSNMPJ3.o
                0x00000000080010cc                canardCleanupStaleTransfers
 .text.canardDecodeScalar
                0x000000000800113c      0x24c /tmp/ccSNMPJ3.o
                0x000000000800113c                canardDecodeScalar
 .text.canardEncodeScalar
                0x0000000008001388       0x7a /tmp/ccSNMPJ3.o
                0x0000000008001388                canardEncodeScalar
 .text.canardReleaseRxTransferPayload
                0x0000000008001402       0x22 /tmp/ccSNMPJ3.o
                0x0000000008001402                canardReleaseRxTransferPayload
 .text.extractTransferType
                0x0000000008001424       0x10 /tmp/ccSNMPJ3.o
                0x0000000008001424                extractTransferType
 .text.extractDataType
                0x0000000008001434       0x20 /tmp/ccSNMPJ3.o
                0x0000000008001434                extractDataType
 .text.canardHandleRxFrame
                0x0000000008001454      0x494 /tmp/ccSNMPJ3.o
                0x0000000008001454                canardHandleRxFrame
 .text.convertFrameIDRegisterToCanard
                0x00000000080018e8       0x1c /tmp/ccIhw3JC.o
 .text.processErrorStatus
                0x0000000008001904       0x48 /tmp/ccIhw3JC.o
 .text.canardSTM32Init
                0x000000000800194c      0x158 /tmp/ccIhw3JC.o
                0x000000000800194c                canardSTM32Init
 .text.canardSTM32Transmit
                0x0000000008001aa4      0x11c /tmp/ccIhw3JC.o
                0x0000000008001aa4                canardSTM32Transmit
 .text.canardSTM32Receive
                0x0000000008001bc0       0x80 /tmp/ccIhw3JC.o
                0x0000000008001bc0                canardSTM32Receive
 .text.uavcan_tunnel_Targetted_encode
                0x0000000008001c40       0x9e /tmp/ccGTJxoW.o
                0x0000000008001c40                uavcan_tunnel_Targetted_encode
 .text.uavcan_tunnel_Targetted_decode
                0x0000000008001cde       0xd0 /tmp/ccGTJxoW.o
                0x0000000008001cde                uavcan_tunnel_Targetted_decode
 .text.uavcan_protocol_NodeStatus_encode
                0x0000000008001dae       0x52 /tmp/ccagZd2r.o
                0x0000000008001dae                uavcan_protocol_NodeStatus_encode
 .text.uavcan_protocol_GetNodeInfoResponse_encode
                0x0000000008001e00      0x174 /tmp/cc2oCCuP.o
                0x0000000008001e00                uavcan_protocol_GetNodeInfoResponse_encode
 .text          0x0000000008001f74      0x114 /home/hzt/.local/toolchains/gcc-arm-none-eabi-10-2020-q4-major/bin/../lib/gcc/arm-none-eabi/10.2.1/thumb/v6-m/nofp/libgcc.a(_udivsi3.o)
                0x0000000008001f74                __udivsi3
                0x0000000008001f74                __aeabi_uidiv
                0x0000000008002080                __aeabi_uidivmod
 .text          0x0000000008002088      0x1d4 /home/hzt/.local/toolchains/gcc-arm-none-eabi-10-2020-q4-major/bin/../lib/gcc/arm-none-eabi/10.2.1/thumb/v6-m/nofp/libgcc.a(_divsi3.o)
                0x0000000008002088                __aeabi_idiv
                0x0000000008002088                __divsi3
                0x0000000008002254                __aeabi_idivmod
 .text          0x000000000800225c        0x4 /home/hzt/.local/toolchains/gcc-arm-none-eabi-10-2020-q4-major/bin/../lib/gcc/arm-none-eabi/10.2.1/thumb/v6-m/nofp/libgcc.a(_dvmd_tls.o)
                0x000000000800225c                __aeabi_ldiv0
                0x000000000800225c                __aeabi_idiv0
 .text          0x0000000008002260       0x18 /home/hzt/.local/toolchains/gcc-arm-none-eabi-10-2020-q4-major/bin/../lib/gcc/arm-none-eabi/10.2.1/thumb/v6-m/nofp/libgcc.a(_lshrdi3.o)
                0x0000000008002260                __aeabi_llsr
                0x0000000008002260                __lshrdi3
 .text          0x0000000008002278       0x18 /home/hzt/.local/toolchains/gcc-arm-none-eabi-10-2020-q4-major/bin/../lib/gcc/arm-none-eabi/10.2.1/thumb/v6-m/nofp/libgcc.a(_ashldi3.o)
                0x0000000008002278                __ashldi3
                0x0000000008002278                __aeabi_llsl
 .text          0x0000000008002290       0x5c /home/hzt/.local/toolchains/gcc-arm-none-eabi-10-2020-q4-major/bin/../lib/gcc/arm-none-eabi/10.2.1/thumb/v6-m/nofp/libgcc.a(_muldi3.o)
                0x0000000008002290                __aeabi_lmul
                0x0000000008002290                __muldi3
 *(.rodata*)
 .rodata.node_name.1
                0x00000000080022ec       0x16 /tmp/ccg8UThO.o
                0x0000000008002304                . = ALIGN (0x4)
 *fill*         0x0000000008002302        0x2 
                0x0000000008002304                _sidata = LOADADDR (.data)

.glue_7         0x0000000008002304        0x0
 .glue_7        0x0000000008002304        0x0 linker stubs

.glue_7t        0x0000000008002304        0x0
 .glue_7t       0x0000000008002304        0x0 linker stubs

.vfp11_veneer   0x0000000008002304        0x0
 .vfp11_veneer  0x0000000008002304        0x0 linker stubs

.v4_bx          0x0000000008002304        0x0
 .v4_bx         0x0000000008002304        0x0 linker stubs

.iplt           0x0000000008002304        0x0
 .iplt          0x0000000008002304        0x0 /tmp/ccg8UThO.o

.rel.dyn        0x0000000008002304        0x0
 .rel.iplt      0x0000000008002304        0x0 /tmp/ccg8UThO.o

.data           0x0000000020000000      0x674 load address 0x0000000008002304
                0x0000000020000000                . = ALIGN (0x4)
                0x0000000020000000                _sdata = .
 *(.data*)
 .data.g_uart_ports
                0x0000000020000000      0x670 /tmp/ccg8UThO.o
 .data.initialized_marker
                0x0000000020000670        0x4 /tmp/ccg8UThO.o
                0x0000000020000670                initialized_marker
                0x0000000020000674                . = ALIGN (0x4)
                0x0000000020000674                _edata = .

.igot.plt       0x0000000020000674        0x0 load address 0x0000000008002978
 .igot.plt      0x0000000020000674        0x0 /tmp/ccg8UThO.o

.bss            0x0000000020000678     0x1b50 load address 0x0000000008002978
                0x0000000020000678                . = ALIGN (0x8)
                0x0000000020000678                _sbss = .
 *(.bss*)
 .bss.g_canard  0x0000000020000678       0x30 /tmp/ccg8UThO.o
 .bss.g_canard_memory_pool
                0x00000000200006a8     0x1800 /tmp/ccg8UThO.o
 .bss.g_millis  0x0000000020001ea8        0x4 /tmp/ccg8UThO.o
 .bss.g_node_status_transfer_id
                0x0000000020001eac        0x1 /tmp/ccg8UThO.o
 .bss.g_tunnel_transfer_id
                0x0000000020001ead        0x1 /tmp/ccg8UThO.o
 .bss.payload.0
                0x0000000020001eae      0x179 /tmp/ccg8UThO.o
 *fill*         0x0000000020002027        0x1 
 .bss.response.2
                0x0000000020002028      0x188 /tmp/ccg8UThO.o
 .bss.zero_marker
                0x00000000200021b0        0x4 /tmp/ccg8UThO.o
                0x00000000200021b0                zero_marker
 .bss.g_abort_tx_on_error
                0x00000000200021b4        0x1 /tmp/ccIhw3JC.o
 *fill*         0x00000000200021b5        0x3 
 .bss.g_stats   0x00000000200021b8       0x10 /tmp/ccIhw3JC.o
 *(COMMON)
                0x00000000200021c8                . = ALIGN (0x8)
                0x00000000200021c8                _ebss = .
                0x0000000000000001                ASSERT (((_sidata & 0x3) == 0x0), .data Flash load address must be 4-byte aligned)
                0x0000000000000001                ASSERT ((_ebss <= _stack_bottom), RAM overflow: static data collides with reserved stack)

/DISCARD/
 *(.comment*)
 *(.ARM.attributes*)
 *(.ARM.exidx*)
 *(.ARM.extab*)
LOAD /tmp/ccg8UThO.o
LOAD /tmp/ccplk6xz.o
LOAD /tmp/ccSNMPJ3.o
LOAD /tmp/ccIhw3JC.o
LOAD /tmp/ccYIAQ8G.o
LOAD /tmp/ccGTJxoW.o
LOAD /tmp/ccagZd2r.o
LOAD /tmp/ccm99pow.o
LOAD /tmp/cc2oCCuP.o
LOAD /tmp/ccHqBjdI.o
LOAD /tmp/cc60qFWO.o
LOAD /home/hzt/.local/toolchains/gcc-arm-none-eabi-10-2020-q4-major/bin/../lib/gcc/arm-none-eabi/10.2.1/thumb/v6-m/nofp/libgcc.a
OUTPUT(firmware.elf elf32-littlearm)
LOAD linker stubs

.debug_frame    0x0000000000000000       0x74
 .debug_frame   0x0000000000000000       0x20 /home/hzt/.local/toolchains/gcc-arm-none-eabi-10-2020-q4-major/bin/../lib/gcc/arm-none-eabi/10.2.1/thumb/v6-m/nofp/libgcc.a(_udivsi3.o)
 .debug_frame   0x0000000000000020       0x20 /home/hzt/.local/toolchains/gcc-arm-none-eabi-10-2020-q4-major/bin/../lib/gcc/arm-none-eabi/10.2.1/thumb/v6-m/nofp/libgcc.a(_divsi3.o)
 .debug_frame   0x0000000000000040       0x34 /home/hzt/.local/toolchains/gcc-arm-none-eabi-10-2020-q4-major/bin/../lib/gcc/arm-none-eabi/10.2.1/thumb/v6-m/nofp/libgcc.a(_muldi3.o)
