Archive member included to satisfy reference by file (symbol)

/home/hzt/.local/toolchains/gcc-arm-none-eabi-10-2020-q4-major/bin/../lib/gcc/arm-none-eabi/10.2.1/thumb/v6-m/nofp/libgcc.a(_udivsi3.o)
                              /tmp/ccZaIUIs.o (__aeabi_uidiv)
/home/hzt/.local/toolchains/gcc-arm-none-eabi-10-2020-q4-major/bin/../lib/gcc/arm-none-eabi/10.2.1/thumb/v6-m/nofp/libgcc.a(_divsi3.o)
                              /tmp/ccZaIUIs.o (__aeabi_idiv)
/home/hzt/.local/toolchains/gcc-arm-none-eabi-10-2020-q4-major/bin/../lib/gcc/arm-none-eabi/10.2.1/thumb/v6-m/nofp/libgcc.a(_dvmd_tls.o)
                              /home/hzt/.local/toolchains/gcc-arm-none-eabi-10-2020-q4-major/bin/../lib/gcc/arm-none-eabi/10.2.1/thumb/v6-m/nofp/libgcc.a(_udivsi3.o) (__aeabi_idiv0)
/home/hzt/.local/toolchains/gcc-arm-none-eabi-10-2020-q4-major/bin/../lib/gcc/arm-none-eabi/10.2.1/thumb/v6-m/nofp/libgcc.a(_lshrdi3.o)
                              /tmp/cclxa3re.o (__aeabi_llsr)
/home/hzt/.local/toolchains/gcc-arm-none-eabi-10-2020-q4-major/bin/../lib/gcc/arm-none-eabi/10.2.1/thumb/v6-m/nofp/libgcc.a(_ashldi3.o)
                              /tmp/cclxa3re.o (__aeabi_llsl)
/home/hzt/.local/toolchains/gcc-arm-none-eabi-10-2020-q4-major/bin/../lib/gcc/arm-none-eabi/10.2.1/thumb/v6-m/nofp/libgcc.a(_arm_cmpsf2.o)
                              /tmp/cclxa3re.o (__aeabi_fcmpge)
/home/hzt/.local/toolchains/gcc-arm-none-eabi-10-2020-q4-major/bin/../lib/gcc/arm-none-eabi/10.2.1/thumb/v6-m/nofp/libgcc.a(_muldi3.o)
                              /tmp/ccZaIUIs.o (__aeabi_lmul)
/home/hzt/.local/toolchains/gcc-arm-none-eabi-10-2020-q4-major/bin/../lib/gcc/arm-none-eabi/10.2.1/thumb/v6-m/nofp/libgcc.a(eqsf2.o)
                              /home/hzt/.local/toolchains/gcc-arm-none-eabi-10-2020-q4-major/bin/../lib/gcc/arm-none-eabi/10.2.1/thumb/v6-m/nofp/libgcc.a(_arm_cmpsf2.o) (__eqsf2)
/home/hzt/.local/toolchains/gcc-arm-none-eabi-10-2020-q4-major/bin/../lib/gcc/arm-none-eabi/10.2.1/thumb/v6-m/nofp/libgcc.a(gesf2.o)
                              /home/hzt/.local/toolchains/gcc-arm-none-eabi-10-2020-q4-major/bin/../lib/gcc/arm-none-eabi/10.2.1/thumb/v6-m/nofp/libgcc.a(_arm_cmpsf2.o) (__gesf2)
/home/hzt/.local/toolchains/gcc-arm-none-eabi-10-2020-q4-major/bin/../lib/gcc/arm-none-eabi/10.2.1/thumb/v6-m/nofp/libgcc.a(lesf2.o)
                              /home/hzt/.local/toolchains/gcc-arm-none-eabi-10-2020-q4-major/bin/../lib/gcc/arm-none-eabi/10.2.1/thumb/v6-m/nofp/libgcc.a(_arm_cmpsf2.o) (__lesf2)
/home/hzt/.local/toolchains/gcc-arm-none-eabi-10-2020-q4-major/bin/../lib/gcc/arm-none-eabi/10.2.1/thumb/v6-m/nofp/libgcc.a(mulsf3.o)
                              /tmp/cclxa3re.o (__aeabi_fmul)
/home/hzt/.local/toolchains/gcc-arm-none-eabi-10-2020-q4-major/bin/../lib/gcc/arm-none-eabi/10.2.1/thumb/v6-m/nofp/libgcc.a(_clzsi2.o)
                              /home/hzt/.local/toolchains/gcc-arm-none-eabi-10-2020-q4-major/bin/../lib/gcc/arm-none-eabi/10.2.1/thumb/v6-m/nofp/libgcc.a(mulsf3.o) (__clzsi2)

Discarded input sections

 .text          0x0000000000000000        0x0 /tmp/ccZaIUIs.o
 .data          0x0000000000000000        0x0 /tmp/ccZaIUIs.o
 .bss           0x0000000000000000        0x0 /tmp/ccZaIUIs.o
 .comment       0x0000000000000000       0x4e /tmp/ccZaIUIs.o
 .ARM.attributes
                0x0000000000000000       0x2c /tmp/ccZaIUIs.o
 .text          0x0000000000000000        0x0 /tmp/ccD6bx8e.o
 .data          0x0000000000000000        0x0 /tmp/ccD6bx8e.o
 .bss           0x0000000000000000        0x0 /tmp/ccD6bx8e.o
 .comment       0x0000000000000000       0x4e /tmp/ccD6bx8e.o
 .ARM.attributes
                0x0000000000000000       0x2c /tmp/ccD6bx8e.o
 .text          0x0000000000000000        0x0 /tmp/cclxa3re.o
 .data          0x0000000000000000        0x0 /tmp/cclxa3re.o
 .bss           0x0000000000000000        0x0 /tmp/cclxa3re.o
 .text.canardGetUserReference
                0x0000000000000000        0x4 /tmp/cclxa3re.o
 .text.canardGetLocalNodeID
                0x0000000000000000        0x4 /tmp/cclxa3re.o
 .text.canardForgetLocalNodeID
                0x0000000000000000        0x6 /tmp/cclxa3re.o
 .text.canardInitTxTransfer
                0x0000000000000000        0xc /tmp/cclxa3re.o
 .text.canardGetPoolAllocatorStatistics
                0x0000000000000000       0x10 /tmp/cclxa3re.o
 .text.canardConvertNativeFloatToFloat16
                0x0000000000000000       0x64 /tmp/cclxa3re.o
 .text.canardConvertFloat16ToNativeFloat
                0x0000000000000000       0x34 /tmp/cclxa3re.o
 .comment       0x0000000000000000       0x4e /tmp/cclxa3re.o
 .ARM.attributes
                0x0000000000000000       0x2c /tmp/cclxa3re.o
 .text          0x0000000000000000        0x0 /tmp/ccNxbkjq.o
 .data          0x0000000000000000        0x0 /tmp/ccNxbkjq.o
 .bss           0x0000000000000000        0x0 /tmp/ccNxbkjq.o
 .text.canardSTM32ConfigureAcceptanceFilters
                0x0000000000000000       0x90 /tmp/ccNxbkjq.o
 .text.canardSTM32GetStats
                0x0000000000000000       0x14 /tmp/ccNxbkjq.o
 .comment       0x0000000000000000       0x4e /tmp/ccNxbkjq.o
 .ARM.attributes
                0x0000000000000000       0x2c /tmp/ccNxbkjq.o
 .text          0x0000000000000000        0x0 /tmp/ccYuR9nt.o
 .data          0x0000000000000000        0x0 /tmp/ccYuR9nt.o
 .bss           0x0000000000000000        0x0 /tmp/ccYuR9nt.o
 .text.uavcan_tunnel_Protocol_encode
                0x0000000000000000       0x20 /tmp/ccYuR9nt.o
 .text.uavcan_tunnel_Protocol_decode
                0x0000000000000000       0x36 /tmp/ccYuR9nt.o
 .comment       0x0000000000000000       0x4e /tmp/ccYuR9nt.o
 .ARM.attributes
                0x0000000000000000       0x2c /tmp/ccYuR9nt.o
 .text          0x0000000000000000        0x0 /tmp/ccjnX6k5.o
 .data          0x0000000000000000        0x0 /tmp/ccjnX6k5.o
 .bss           0x0000000000000000        0x0 /tmp/ccjnX6k5.o
 .comment       0x0000000000000000       0x4e /tmp/ccjnX6k5.o
 .ARM.attributes
                0x0000000000000000       0x2c /tmp/ccjnX6k5.o
 .text          0x0000000000000000        0x0 /tmp/ccPKZimr.o
 .data          0x0000000000000000        0x0 /tmp/ccPKZimr.o
 .bss           0x0000000000000000        0x0 /tmp/ccPKZimr.o
 .text.uavcan_protocol_NodeStatus_decode
                0x0000000000000000       0x7c /tmp/ccPKZimr.o
 .comment       0x0000000000000000       0x4e /tmp/ccPKZimr.o
 .ARM.attributes
                0x0000000000000000       0x2c /tmp/ccPKZimr.o
 .text          0x0000000000000000        0x0 /tmp/ccEqZYYY.o
 .data          0x0000000000000000        0x0 /tmp/ccEqZYYY.o
 .bss           0x0000000000000000        0x0 /tmp/ccEqZYYY.o
 .text.uavcan_protocol_GetNodeInfoRequest_encode
                0x0000000000000000       0x10 /tmp/ccEqZYYY.o
 .text.uavcan_protocol_GetNodeInfoRequest_decode
                0x0000000000000000       0x12 /tmp/ccEqZYYY.o
 .comment       0x0000000000000000       0x4e /tmp/ccEqZYYY.o
 .ARM.attributes
                0x0000000000000000       0x2c /tmp/ccEqZYYY.o
 .text          0x0000000000000000        0x0 /tmp/ccIFz5hS.o
 .data          0x0000000000000000        0x0 /tmp/ccIFz5hS.o
 .bss           0x0000000000000000        0x0 /tmp/ccIFz5hS.o
 .text.uavcan_protocol_GetNodeInfoResponse_decode
                0x0000000000000000      0x1d0 /tmp/ccIFz5hS.o
 .comment       0x0000000000000000       0x4e /tmp/ccIFz5hS.o
 .ARM.attributes
                0x0000000000000000       0x2c /tmp/ccIFz5hS.o
 .text          0x0000000000000000        0x0 /tmp/ccpruXYp.o
 .data          0x0000000000000000        0x0 /tmp/ccpruXYp.o
 .bss           0x0000000000000000        0x0 /tmp/ccpruXYp.o
 .text.uavcan_protocol_HardwareVersion_encode
                0x0000000000000000       0x90 /tmp/ccpruXYp.o
 .text.uavcan_protocol_HardwareVersion_decode
                0x0000000000000000       0xc0 /tmp/ccpruXYp.o
 .comment       0x0000000000000000       0x4e /tmp/ccpruXYp.o
 .ARM.attributes
                0x0000000000000000       0x2c /tmp/ccpruXYp.o
 .text          0x0000000000000000        0x0 /tmp/cccWD44w.o
 .data          0x0000000000000000        0x0 /tmp/cccWD44w.o
 .bss           0x0000000000000000        0x0 /tmp/cccWD44w.o
 .text.uavcan_protocol_SoftwareVersion_encode
                0x0000000000000000       0x52 /tmp/cccWD44w.o
 .text.uavcan_protocol_SoftwareVersion_decode
                0x0000000000000000       0x7c /tmp/cccWD44w.o
 .comment       0x0000000000000000       0x4e /tmp/cccWD44w.o
 .ARM.attributes
                0x0000000000000000       0x2c /tmp/cccWD44w.o
 .data          0x0000000000000000        0x0 /home/hzt/.local/toolchains/gcc-arm-none-eabi-10-2020-q4-major/bin/../lib/gcc/arm-none-eabi/10.2.1/thumb/v6-m/nofp/libgcc.a(_udivsi3.o)
 .bss           0x0000000000000000        0x0 /home/hzt/.local/toolchains/gcc-arm-none-eabi-10-2020-q4-major/bin/../lib/gcc/arm-none-eabi/10.2.1/thumb/v6-m/nofp/libgcc.a(_udivsi3.o)
 .ARM.attributes
                0x0000000000000000       0x1e /home/hzt/.local/toolchains/gcc-arm-none-eabi-10-2020-q4-major/bin/../lib/gcc/arm-none-eabi/10.2.1/thumb/v6-m/nofp/libgcc.a(_udivsi3.o)
 .data          0x0000000000000000        0x0 /home/hzt/.local/toolchains/gcc-arm-none-eabi-10-2020-q4-major/bin/../lib/gcc/arm-none-eabi/10.2.1/thumb/v6-m/nofp/libgcc.a(_divsi3.o)
 .bss           0x0000000000000000        0x0 /home/hzt/.local/toolchains/gcc-arm-none-eabi-10-2020-q4-major/bin/../lib/gcc/arm-none-eabi/10.2.1/thumb/v6-m/nofp/libgcc.a(_divsi3.o)
 .ARM.attributes
                0x0000000000000000       0x1e /home/hzt/.local/toolchains/gcc-arm-none-eabi-10-2020-q4-major/bin/../lib/gcc/arm-none-eabi/10.2.1/thumb/v6-m/nofp/libgcc.a(_divsi3.o)
 .data          0x0000000000000000        0x0 /home/hzt/.local/toolchains/gcc-arm-none-eabi-10-2020-q4-major/bin/../lib/gcc/arm-none-eabi/10.2.1/thumb/v6-m/nofp/libgcc.a(_dvmd_tls.o)
 .bss           0x0000000000000000        0x0 /home/hzt/.local/toolchains/gcc-arm-none-eabi-10-2020-q4-major/bin/../lib/gcc/arm-none-eabi/10.2.1/thumb/v6-m/nofp/libgcc.a(_dvmd_tls.o)
 .ARM.attributes
                0x0000000000000000       0x1e /home/hzt/.local/toolchains/gcc-arm-none-eabi-10-2020-q4-major/bin/../lib/gcc/arm-none-eabi/10.2.1/thumb/v6-m/nofp/libgcc.a(_dvmd_tls.o)
 .data          0x0000000000000000        0x0 /home/hzt/.local/toolchains/gcc-arm-none-eabi-10-2020-q4-major/bin/../lib/gcc/arm-none-eabi/10.2.1/thumb/v6-m/nofp/libgcc.a(_lshrdi3.o)
 .bss           0x0000000000000000        0x0 /home/hzt/.local/toolchains/gcc-arm-none-eabi-10-2020-q4-major/bin/../lib/gcc/arm-none-eabi/10.2.1/thumb/v6-m/nofp/libgcc.a(_lshrdi3.o)
 .ARM.attributes
                0x0000000000000000       0x1e /home/hzt/.local/toolchains/gcc-arm-none-eabi-10-2020-q4-major/bin/../lib/gcc/arm-none-eabi/10.2.1/thumb/v6-m/nofp/libgcc.a(_lshrdi3.o)
 .data          0x0000000000000000        0x0 /home/hzt/.local/toolchains/gcc-arm-none-eabi-10-2020-q4-major/bin/../lib/gcc/arm-none-eabi/10.2.1/thumb/v6-m/nofp/libgcc.a(_ashldi3.o)
 .bss           0x0000000000000000        0x0 /home/hzt/.local/toolchains/gcc-arm-none-eabi-10-2020-q4-major/bin/../lib/gcc/arm-none-eabi/10.2.1/thumb/v6-m/nofp/libgcc.a(_ashldi3.o)
 .ARM.attributes
                0x0000000000000000       0x1e /home/hzt/.local/toolchains/gcc-arm-none-eabi-10-2020-q4-major/bin/../lib/gcc/arm-none-eabi/10.2.1/thumb/v6-m/nofp/libgcc.a(_ashldi3.o)
 .text          0x0000000000000000       0x74 /home/hzt/.local/toolchains/gcc-arm-none-eabi-10-2020-q4-major/bin/../lib/gcc/arm-none-eabi/10.2.1/thumb/v6-m/nofp/libgcc.a(_arm_cmpsf2.o)
 .data          0x0000000000000000        0x0 /home/hzt/.local/toolchains/gcc-arm-none-eabi-10-2020-q4-major/bin/../lib/gcc/arm-none-eabi/10.2.1/thumb/v6-m/nofp/libgcc.a(_arm_cmpsf2.o)
 .bss           0x0000000000000000        0x0 /home/hzt/.local/toolchains/gcc-arm-none-eabi-10-2020-q4-major/bin/../lib/gcc/arm-none-eabi/10.2.1/thumb/v6-m/nofp/libgcc.a(_arm_cmpsf2.o)
 .ARM.attributes
                0x0000000000000000       0x1e /home/hzt/.local/toolchains/gcc-arm-none-eabi-10-2020-q4-major/bin/../lib/gcc/arm-none-eabi/10.2.1/thumb/v6-m/nofp/libgcc.a(_arm_cmpsf2.o)
 .data          0x0000000000000000        0x0 /home/hzt/.local/toolchains/gcc-arm-none-eabi-10-2020-q4-major/bin/../lib/gcc/arm-none-eabi/10.2.1/thumb/v6-m/nofp/libgcc.a(_muldi3.o)
 .bss           0x0000000000000000        0x0 /home/hzt/.local/toolchains/gcc-arm-none-eabi-10-2020-q4-major/bin/../lib/gcc/arm-none-eabi/10.2.1/thumb/v6-m/nofp/libgcc.a(_muldi3.o)
 .ARM.attributes
                0x0000000000000000       0x2c /home/hzt/.local/toolchains/gcc-arm-none-eabi-10-2020-q4-major/bin/../lib/gcc/arm-none-eabi/10.2.1/thumb/v6-m/nofp/libgcc.a(_muldi3.o)
 .text          0x0000000000000000       0x4c /home/hzt/.local/toolchains/gcc-arm-none-eabi-10-2020-q4-major/bin/../lib/gcc/arm-none-eabi/10.2.1/thumb/v6-m/nofp/libgcc.a(eqsf2.o)
 .data          0x0000000000000000        0x0 /home/hzt/.local/toolchains/gcc-arm-none-eabi-10-2020-q4-major/bin/../lib/gcc/arm-none-eabi/10.2.1/thumb/v6-m/nofp/libgcc.a(eqsf2.o)
 .bss           0x0000000000000000        0x0 /home/hzt/.local/toolchains/gcc-arm-none-eabi-10-2020-q4-major/bin/../lib/gcc/arm-none-eabi/10.2.1/thumb/v6-m/nofp/libgcc.a(eqsf2.o)
 .debug_frame   0x0000000000000000       0x2c /home/hzt/.local/toolchains/gcc-arm-none-eabi-10-2020-q4-major/bin/../lib/gcc/arm-none-eabi/10.2.1/thumb/v6-m/nofp/libgcc.a(eqsf2.o)
 .ARM.attributes
                0x0000000000000000       0x2c /home/hzt/.local/toolchains/gcc-arm-none-eabi-10-2020-q4-major/bin/../lib/gcc/arm-none-eabi/10.2.1/thumb/v6-m/nofp/libgcc.a(eqsf2.o)
 .text          0x0000000000000000       0x8c /home/hzt/.local/toolchains/gcc-arm-none-eabi-10-2020-q4-major/bin/../lib/gcc/arm-none-eabi/10.2.1/thumb/v6-m/nofp/libgcc.a(gesf2.o)
 .data          0x0000000000000000        0x0 /home/hzt/.local/toolchains/gcc-arm-none-eabi-10-2020-q4-major/bin/../lib/gcc/arm-none-eabi/10.2.1/thumb/v6-m/nofp/libgcc.a(gesf2.o)
 .bss           0x0000000000000000        0x0 /home/hzt/.local/toolchains/gcc-arm-none-eabi-10-2020-q4-major/bin/../lib/gcc/arm-none-eabi/10.2.1/thumb/v6-m/nofp/libgcc.a(gesf2.o)
 .debug_frame   0x0000000000000000       0x2c /home/hzt/.local/toolchains/gcc-arm-none-eabi-10-2020-q4-major/bin/../lib/gcc/arm-none-eabi/10.2.1/thumb/v6-m/nofp/libgcc.a(gesf2.o)
 .ARM.attributes
                0x0000000000000000       0x2c /home/hzt/.local/toolchains/gcc-arm-none-eabi-10-2020-q4-major/bin/../lib/gcc/arm-none-eabi/10.2.1/thumb/v6-m/nofp/libgcc.a(gesf2.o)
 .text          0x0000000000000000       0x88 /home/hzt/.local/toolchains/gcc-arm-none-eabi-10-2020-q4-major/bin/../lib/gcc/arm-none-eabi/10.2.1/thumb/v6-m/nofp/libgcc.a(lesf2.o)
 .data          0x0000000000000000        0x0 /home/hzt/.local/toolchains/gcc-arm-none-eabi-10-2020-q4-major/bin/../lib/gcc/arm-none-eabi/10.2.1/thumb/v6-m/nofp/libgcc.a(lesf2.o)
 .bss           0x0000000000000000        0x0 /home/hzt/.local/toolchains/gcc-arm-none-eabi-10-2020-q4-major/bin/../lib/gcc/arm-none-eabi/10.2.1/thumb/v6-m/nofp/libgcc.a(lesf2.o)
 .debug_frame   0x0000000000000000       0x2c /home/hzt/.local/toolchains/gcc-arm-none-eabi-10-2020-q4-major/bin/../lib/gcc/arm-none-eabi/10.2.1/thumb/v6-m/nofp/libgcc.a(lesf2.o)
 .ARM.attributes
                0x0000000000000000       0x2c /home/hzt/.local/toolchains/gcc-arm-none-eabi-10-2020-q4-major/bin/../lib/gcc/arm-none-eabi/10.2.1/thumb/v6-m/nofp/libgcc.a(lesf2.o)
 .text          0x0000000000000000      0x24c /home/hzt/.local/toolchains/gcc-arm-none-eabi-10-2020-q4-major/bin/../lib/gcc/arm-none-eabi/10.2.1/thumb/v6-m/nofp/libgcc.a(mulsf3.o)
 .data          0x0000000000000000        0x0 /home/hzt/.local/toolchains/gcc-arm-none-eabi-10-2020-q4-major/bin/../lib/gcc/arm-none-eabi/10.2.1/thumb/v6-m/nofp/libgcc.a(mulsf3.o)
 .bss           0x0000000000000000        0x0 /home/hzt/.local/toolchains/gcc-arm-none-eabi-10-2020-q4-major/bin/../lib/gcc/arm-none-eabi/10.2.1/thumb/v6-m/nofp/libgcc.a(mulsf3.o)
 .rodata        0x0000000000000000       0x40 /home/hzt/.local/toolchains/gcc-arm-none-eabi-10-2020-q4-major/bin/../lib/gcc/arm-none-eabi/10.2.1/thumb/v6-m/nofp/libgcc.a(mulsf3.o)
 .debug_frame   0x0000000000000000       0x38 /home/hzt/.local/toolchains/gcc-arm-none-eabi-10-2020-q4-major/bin/../lib/gcc/arm-none-eabi/10.2.1/thumb/v6-m/nofp/libgcc.a(mulsf3.o)
 .ARM.attributes
                0x0000000000000000       0x2c /home/hzt/.local/toolchains/gcc-arm-none-eabi-10-2020-q4-major/bin/../lib/gcc/arm-none-eabi/10.2.1/thumb/v6-m/nofp/libgcc.a(mulsf3.o)
 .text          0x0000000000000000       0x3c /home/hzt/.local/toolchains/gcc-arm-none-eabi-10-2020-q4-major/bin/../lib/gcc/arm-none-eabi/10.2.1/thumb/v6-m/nofp/libgcc.a(_clzsi2.o)
 .data          0x0000000000000000        0x0 /home/hzt/.local/toolchains/gcc-arm-none-eabi-10-2020-q4-major/bin/../lib/gcc/arm-none-eabi/10.2.1/thumb/v6-m/nofp/libgcc.a(_clzsi2.o)
 .bss           0x0000000000000000        0x0 /home/hzt/.local/toolchains/gcc-arm-none-eabi-10-2020-q4-major/bin/../lib/gcc/arm-none-eabi/10.2.1/thumb/v6-m/nofp/libgcc.a(_clzsi2.o)
 .ARM.attributes
                0x0000000000000000       0x1e /home/hzt/.local/toolchains/gcc-arm-none-eabi-10-2020-q4-major/bin/../lib/gcc/arm-none-eabi/10.2.1/thumb/v6-m/nofp/libgcc.a(_clzsi2.o)

Memory Configuration

Name             Origin             Length             Attributes
FLASH            0x0000000008000000 0x0000000000010000 xr
RAM              0x0000000020000000 0x0000000000004000 xrw
*default*        0x0000000000000000 0xffffffffffffffff

Linker script and memory map

                0x0000000020004000                _estack = (ORIGIN (RAM) + LENGTH (RAM))
                0x0000000000000800                _stack_size = 0x800
                0x0000000020003800                _stack_bottom = (_estack - _stack_size)

.isr_vector     0x0000000008000000       0x40
 *(.isr_vector)
 .isr_vector    0x0000000008000000       0x40 /tmp/ccZaIUIs.o
                0x0000000008000000                vector_table

.text           0x0000000008000040     0x2320
 *(.text*)
 .text.SysTick_Handler
                0x0000000008000040       0x10 /tmp/ccZaIUIs.o
                0x0000000008000040                SysTick_Handler
 .text.stop_with_led_off
                0x0000000008000050       0x10 /tmp/ccZaIUIs.o
 .text.gpio_config_af
                0x0000000008000060       0x46 /tmp/ccZaIUIs.o
 *fill*         0x00000000080000a6        0x2 
 .text.should_accept_transfer
                0x00000000080000a8       0x44 /tmp/ccZaIUIs.o
 .text.Default_Handler
                0x00000000080000ec        0x6 /tmp/ccZaIUIs.o
                0x00000000080000ec                Default_Handler
 *fill*         0x00000000080000f2        0x2 
 .text.can_process_tx
                0x00000000080000f4       0x24 /tmp/ccZaIUIs.o
 .text.publish_uart_packet.part.0.isra.0
                0x0000000008000118       0x7c /tmp/ccZaIUIs.o
 .text.on_transfer_received
                0x0000000008000194      0x20c /tmp/ccZaIUIs.o
 .text.Reset_Handler
                0x00000000080003a0      0x5f0 /tmp/ccZaIUIs.o
                0x00000000080003a0                Reset_Handler
 .text.usleep   0x0000000008000990       0x28 /tmp/ccZaIUIs.o
                0x0000000008000990                usleep
 .text.memset   0x00000000080009b8       0x10 /tmp/ccD6bx8e.o
                0x00000000080009b8                memset
 .text.memcpy   0x00000000080009c8       0x12 /tmp/ccD6bx8e.o
                0x00000000080009c8                memcpy
 .text.pushTxQueue
                0x00000000080009da       0x96 /tmp/cclxa3re.o
 .text.copyBitArray
                0x0000000008000a70       0x88 /tmp/cclxa3re.o
 .text.crcAddByte
                0x0000000008000af8       0x24 /tmp/cclxa3re.o
 .text.crcAdd   0x0000000008000b1c       0x16 /tmp/cclxa3re.o
 .text.allocateBlock
                0x0000000008000b32       0x1e /tmp/cclxa3re.o
 .text.createRxState
                0x0000000008000b50       0x2c /tmp/cclxa3re.o
 .text.dlcToDataLength
                0x0000000008000b7c       0x38 /tmp/cclxa3re.o
 .text.dataLengthToDlc
                0x0000000008000bb4       0x38 /tmp/cclxa3re.o
 .text.calculateCRC
                0x0000000008000bec       0x44 /tmp/cclxa3re.o
 .text.releaseStatePayload.isra.0
                0x0000000008000c30       0x24 /tmp/cclxa3re.o
 .text.bufferBlockPushBytes
                0x0000000008000c54      0x12c /tmp/cclxa3re.o
 .text.enqueueTxFrames
                0x0000000008000d80      0x166 /tmp/cclxa3re.o
 *fill*         0x0000000008000ee6        0x2 
 .text.canardInit
                0x0000000008000ee8       0x64 /tmp/cclxa3re.o
                0x0000000008000ee8                canardInit
 .text.canardSetLocalNodeID
                0x0000000008000f4c       0x10 /tmp/cclxa3re.o
                0x0000000008000f4c                canardSetLocalNodeID
 .text.canardBroadcastObj
                0x0000000008000f5c       0x8c /tmp/cclxa3re.o
                0x0000000008000f5c                canardBroadcastObj
 .text.canardBroadcast
                0x0000000008000fe8       0x4c /tmp/cclxa3re.o
                0x0000000008000fe8                canardBroadcast
 .text.canardRequestOrRespondObj
                0x0000000008001034       0x72 /tmp/cclxa3re.o
                0x0000000008001034                canardRequestOrRespondObj
 .text.canardRequestOrRespond
                0x00000000080010a6       0x64 /tmp/cclxa3re.o
                0x00000000080010a6                canardRequestOrRespond
 .text.canardPeekTxQueue
                0x000000000800110a        0xa /tmp/cclxa3re.o
                0x000000000800110a                canardPeekTxQueue
 .text.canardPopTxQueue
                0x0000000008001114       0x14 /tmp/cclxa3re.o
                0x0000000008001114                canardPopTxQueue
 .text.canardCleanupStaleTransfers
                0x0000000008001128       0x70 /tmp/cclxa3re.o
                0x0000000008001128                canardCleanupStaleTransfers
 .text.canardDecodeScalar
                0x0000000008001198      0x24c /tmp/cclxa3re.o
                0x0000000008001198                canardDecodeScalar
 .text.canardEncodeScalar
                0x00000000080013e4       0x7a /tmp/cclxa3re.o
                0x00000000080013e4                canardEncodeScalar
 .text.canardReleaseRxTransferPayload
                0x000000000800145e       0x22 /tmp/cclxa3re.o
                0x000000000800145e                canardReleaseRxTransferPayload
 .text.extractTransferType
                0x0000000008001480       0x10 /tmp/cclxa3re.o
                0x0000000008001480                extractTransferType
 .text.extractDataType
                0x0000000008001490       0x20 /tmp/cclxa3re.o
                0x0000000008001490                extractDataType
 .text.canardHandleRxFrame
                0x00000000080014b0      0x494 /tmp/cclxa3re.o
                0x00000000080014b0                canardHandleRxFrame
 .text.convertFrameIDRegisterToCanard
                0x0000000008001944       0x1c /tmp/ccNxbkjq.o
 .text.processErrorStatus
                0x0000000008001960       0x48 /tmp/ccNxbkjq.o
 .text.canardSTM32Init
                0x00000000080019a8      0x158 /tmp/ccNxbkjq.o
                0x00000000080019a8                canardSTM32Init
 .text.canardSTM32Transmit
                0x0000000008001b00      0x11c /tmp/ccNxbkjq.o
                0x0000000008001b00                canardSTM32Transmit
 .text.canardSTM32Receive
                0x0000000008001c1c       0x80 /tmp/ccNxbkjq.o
                0x0000000008001c1c                canardSTM32Receive
 .text.uavcan_tunnel_Targetted_encode
                0x0000000008001c9c       0x9e /tmp/ccjnX6k5.o
                0x0000000008001c9c                uavcan_tunnel_Targetted_encode
 .text.uavcan_tunnel_Targetted_decode
                0x0000000008001d3a       0xd0 /tmp/ccjnX6k5.o
                0x0000000008001d3a                uavcan_tunnel_Targetted_decode
 .text.uavcan_protocol_NodeStatus_encode
                0x0000000008001e0a       0x52 /tmp/ccPKZimr.o
                0x0000000008001e0a                uavcan_protocol_NodeStatus_encode
 .text.uavcan_protocol_GetNodeInfoResponse_encode
                0x0000000008001e5c      0x174 /tmp/ccIFz5hS.o
                0x0000000008001e5c                uavcan_protocol_GetNodeInfoResponse_encode
 .text          0x0000000008001fd0      0x114 /home/hzt/.local/toolchains/gcc-arm-none-eabi-10-2020-q4-major/bin/../lib/gcc/arm-none-eabi/10.2.1/thumb/v6-m/nofp/libgcc.a(_udivsi3.o)
                0x0000000008001fd0                __udivsi3
                0x0000000008001fd0                __aeabi_uidiv
                0x00000000080020dc                __aeabi_uidivmod
 .text          0x00000000080020e4      0x1d4 /home/hzt/.local/toolchains/gcc-arm-none-eabi-10-2020-q4-major/bin/../lib/gcc/arm-none-eabi/10.2.1/thumb/v6-m/nofp/libgcc.a(_divsi3.o)
                0x00000000080020e4                __aeabi_idiv
                0x00000000080020e4                __divsi3
                0x00000000080022b0                __aeabi_idivmod
 .text          0x00000000080022b8        0x4 /home/hzt/.local/toolchains/gcc-arm-none-eabi-10-2020-q4-major/bin/../lib/gcc/arm-none-eabi/10.2.1/thumb/v6-m/nofp/libgcc.a(_dvmd_tls.o)
                0x00000000080022b8                __aeabi_ldiv0
                0x00000000080022b8                __aeabi_idiv0
 .text          0x00000000080022bc       0x18 /home/hzt/.local/toolchains/gcc-arm-none-eabi-10-2020-q4-major/bin/../lib/gcc/arm-none-eabi/10.2.1/thumb/v6-m/nofp/libgcc.a(_lshrdi3.o)
                0x00000000080022bc                __aeabi_llsr
                0x00000000080022bc                __lshrdi3
 .text          0x00000000080022d4       0x18 /home/hzt/.local/toolchains/gcc-arm-none-eabi-10-2020-q4-major/bin/../lib/gcc/arm-none-eabi/10.2.1/thumb/v6-m/nofp/libgcc.a(_ashldi3.o)
                0x00000000080022d4                __ashldi3
                0x00000000080022d4                __aeabi_llsl
 .text          0x00000000080022ec       0x5c /home/hzt/.local/toolchains/gcc-arm-none-eabi-10-2020-q4-major/bin/../lib/gcc/arm-none-eabi/10.2.1/thumb/v6-m/nofp/libgcc.a(_muldi3.o)
                0x00000000080022ec                __aeabi_lmul
                0x00000000080022ec                __muldi3
 *(.rodata*)
 .rodata.node_name.2
                0x0000000008002348       0x16 /tmp/ccZaIUIs.o
                0x0000000008002360                . = ALIGN (0x4)
 *fill*         0x000000000800235e        0x2 
                0x0000000008002360                _sidata = LOADADDR (.data)

.glue_7         0x0000000008002360        0x0
 .glue_7        0x0000000008002360        0x0 linker stubs

.glue_7t        0x0000000008002360        0x0
 .glue_7t       0x0000000008002360        0x0 linker stubs

.vfp11_veneer   0x0000000008002360        0x0
 .vfp11_veneer  0x0000000008002360        0x0 linker stubs

.v4_bx          0x0000000008002360        0x0
 .v4_bx         0x0000000008002360        0x0 linker stubs

.iplt           0x0000000008002360        0x0
 .iplt          0x0000000008002360        0x0 /tmp/ccZaIUIs.o

.rel.dyn        0x0000000008002360        0x0
 .rel.iplt      0x0000000008002360        0x0 /tmp/ccZaIUIs.o

.data           0x0000000020000000      0x674 load address 0x0000000008002360
                0x0000000020000000                . = ALIGN (0x4)
                0x0000000020000000                _sdata = .
 *(.data*)
 .data.g_uart_ports
                0x0000000020000000      0x670 /tmp/ccZaIUIs.o
 .data.initialized_marker
                0x0000000020000670        0x4 /tmp/ccZaIUIs.o
                0x0000000020000670                initialized_marker
                0x0000000020000674                . = ALIGN (0x4)
                0x0000000020000674                _edata = .

.igot.plt       0x0000000020000674        0x0 load address 0x00000000080029d4
 .igot.plt      0x0000000020000674        0x0 /tmp/ccZaIUIs.o

.bss            0x0000000020000678     0x1b60 load address 0x00000000080029d4
                0x0000000020000678                . = ALIGN (0x8)
                0x0000000020000678                _sbss = .
 *(.bss*)
 .bss.g_can_tx_ok_seen
                0x0000000020000678        0x1 /tmp/ccZaIUIs.o
 *fill*         0x0000000020000679        0x3 
 .bss.g_canard  0x000000002000067c       0x30 /tmp/ccZaIUIs.o
 *fill*         0x00000000200006ac        0x4 
 .bss.g_canard_memory_pool
                0x00000000200006b0     0x1800 /tmp/ccZaIUIs.o
 .bss.g_millis  0x0000000020001eb0        0x4 /tmp/ccZaIUIs.o
 .bss.g_node_status_transfer_id
                0x0000000020001eb4        0x1 /tmp/ccZaIUIs.o
 .bss.g_tunnel_transfer_id
                0x0000000020001eb5        0x1 /tmp/ccZaIUIs.o
 *fill*         0x0000000020001eb6        0x2 
 .bss.last_toggle_ms.0
                0x0000000020001eb8        0x4 /tmp/ccZaIUIs.o
 .bss.payload.1
                0x0000000020001ebc      0x179 /tmp/ccZaIUIs.o
 *fill*         0x0000000020002035        0x3 
 .bss.response.3
                0x0000000020002038      0x188 /tmp/ccZaIUIs.o
 .bss.zero_marker
                0x00000000200021c0        0x4 /tmp/ccZaIUIs.o
                0x00000000200021c0                zero_marker
 .bss.g_abort_tx_on_error
                0x00000000200021c4        0x1 /tmp/ccNxbkjq.o
 *fill*         0x00000000200021c5        0x3 
 .bss.g_stats   0x00000000200021c8       0x10 /tmp/ccNxbkjq.o
 *(COMMON)
                0x00000000200021d8                . = ALIGN (0x8)
                0x00000000200021d8                _ebss = .
                0x0000000000000001                ASSERT (((_sidata & 0x3) == 0x0), .data Flash load address must be 4-byte aligned)
                0x0000000000000001                ASSERT ((_ebss <= _stack_bottom), RAM overflow: static data collides with reserved stack)

/DISCARD/
 *(.comment*)
 *(.ARM.attributes*)
 *(.ARM.exidx*)
 *(.ARM.extab*)
LOAD /tmp/ccZaIUIs.o
LOAD /tmp/ccD6bx8e.o
LOAD /tmp/cclxa3re.o
LOAD /tmp/ccNxbkjq.o
LOAD /tmp/ccYuR9nt.o
LOAD /tmp/ccjnX6k5.o
LOAD /tmp/ccPKZimr.o
LOAD /tmp/ccEqZYYY.o
LOAD /tmp/ccIFz5hS.o
LOAD /tmp/ccpruXYp.o
LOAD /tmp/cccWD44w.o
LOAD /home/hzt/.local/toolchains/gcc-arm-none-eabi-10-2020-q4-major/bin/../lib/gcc/arm-none-eabi/10.2.1/thumb/v6-m/nofp/libgcc.a
OUTPUT(firmware.elf elf32-littlearm)
LOAD linker stubs

.debug_frame    0x0000000000000000       0x74
 .debug_frame   0x0000000000000000       0x20 /home/hzt/.local/toolchains/gcc-arm-none-eabi-10-2020-q4-major/bin/../lib/gcc/arm-none-eabi/10.2.1/thumb/v6-m/nofp/libgcc.a(_udivsi3.o)
 .debug_frame   0x0000000000000020       0x20 /home/hzt/.local/toolchains/gcc-arm-none-eabi-10-2020-q4-major/bin/../lib/gcc/arm-none-eabi/10.2.1/thumb/v6-m/nofp/libgcc.a(_divsi3.o)
 .debug_frame   0x0000000000000040       0x34 /home/hzt/.local/toolchains/gcc-arm-none-eabi-10-2020-q4-major/bin/../lib/gcc/arm-none-eabi/10.2.1/thumb/v6-m/nofp/libgcc.a(_muldi3.o)
