Archive member included to satisfy reference by file (symbol)

/home/hzt/.local/toolchains/gcc-arm-none-eabi-10-2020-q4-major/bin/../lib/gcc/arm-none-eabi/10.2.1/thumb/v6-m/nofp/libgcc.a(_udivsi3.o)
                              /tmp/ccvacNQJ.o (__aeabi_uidiv)
/home/hzt/.local/toolchains/gcc-arm-none-eabi-10-2020-q4-major/bin/../lib/gcc/arm-none-eabi/10.2.1/thumb/v6-m/nofp/libgcc.a(_divsi3.o)
                              /tmp/ccvacNQJ.o (__aeabi_idiv)
/home/hzt/.local/toolchains/gcc-arm-none-eabi-10-2020-q4-major/bin/../lib/gcc/arm-none-eabi/10.2.1/thumb/v6-m/nofp/libgcc.a(_dvmd_tls.o)
                              /home/hzt/.local/toolchains/gcc-arm-none-eabi-10-2020-q4-major/bin/../lib/gcc/arm-none-eabi/10.2.1/thumb/v6-m/nofp/libgcc.a(_udivsi3.o) (__aeabi_idiv0)
/home/hzt/.local/toolchains/gcc-arm-none-eabi-10-2020-q4-major/bin/../lib/gcc/arm-none-eabi/10.2.1/thumb/v6-m/nofp/libgcc.a(_lshrdi3.o)
                              /tmp/ccfwbQmF.o (__aeabi_llsr)
/home/hzt/.local/toolchains/gcc-arm-none-eabi-10-2020-q4-major/bin/../lib/gcc/arm-none-eabi/10.2.1/thumb/v6-m/nofp/libgcc.a(_ashldi3.o)
                              /tmp/ccfwbQmF.o (__aeabi_llsl)
/home/hzt/.local/toolchains/gcc-arm-none-eabi-10-2020-q4-major/bin/../lib/gcc/arm-none-eabi/10.2.1/thumb/v6-m/nofp/libgcc.a(_arm_cmpsf2.o)
                              /tmp/ccfwbQmF.o (__aeabi_fcmpge)
/home/hzt/.local/toolchains/gcc-arm-none-eabi-10-2020-q4-major/bin/../lib/gcc/arm-none-eabi/10.2.1/thumb/v6-m/nofp/libgcc.a(_muldi3.o)
                              /tmp/ccvacNQJ.o (__aeabi_lmul)
/home/hzt/.local/toolchains/gcc-arm-none-eabi-10-2020-q4-major/bin/../lib/gcc/arm-none-eabi/10.2.1/thumb/v6-m/nofp/libgcc.a(eqsf2.o)
                              /home/hzt/.local/toolchains/gcc-arm-none-eabi-10-2020-q4-major/bin/../lib/gcc/arm-none-eabi/10.2.1/thumb/v6-m/nofp/libgcc.a(_arm_cmpsf2.o) (__eqsf2)
/home/hzt/.local/toolchains/gcc-arm-none-eabi-10-2020-q4-major/bin/../lib/gcc/arm-none-eabi/10.2.1/thumb/v6-m/nofp/libgcc.a(gesf2.o)
                              /home/hzt/.local/toolchains/gcc-arm-none-eabi-10-2020-q4-major/bin/../lib/gcc/arm-none-eabi/10.2.1/thumb/v6-m/nofp/libgcc.a(_arm_cmpsf2.o) (__gesf2)
/home/hzt/.local/toolchains/gcc-arm-none-eabi-10-2020-q4-major/bin/../lib/gcc/arm-none-eabi/10.2.1/thumb/v6-m/nofp/libgcc.a(lesf2.o)
                              /home/hzt/.local/toolchains/gcc-arm-none-eabi-10-2020-q4-major/bin/../lib/gcc/arm-none-eabi/10.2.1/thumb/v6-m/nofp/libgcc.a(_arm_cmpsf2.o) (__lesf2)
/home/hzt/.local/toolchains/gcc-arm-none-eabi-10-2020-q4-major/bin/../lib/gcc/arm-none-eabi/10.2.1/thumb/v6-m/nofp/libgcc.a(mulsf3.o)
                              /tmp/ccfwbQmF.o (__aeabi_fmul)
/home/hzt/.local/toolchains/gcc-arm-none-eabi-10-2020-q4-major/bin/../lib/gcc/arm-none-eabi/10.2.1/thumb/v6-m/nofp/libgcc.a(_clzsi2.o)
                              /home/hzt/.local/toolchains/gcc-arm-none-eabi-10-2020-q4-major/bin/../lib/gcc/arm-none-eabi/10.2.1/thumb/v6-m/nofp/libgcc.a(mulsf3.o) (__clzsi2)

Discarded input sections

 .text          0x0000000000000000        0x0 /tmp/ccvacNQJ.o
 .data          0x0000000000000000        0x0 /tmp/ccvacNQJ.o
 .bss           0x0000000000000000        0x0 /tmp/ccvacNQJ.o
 .comment       0x0000000000000000       0x4e /tmp/ccvacNQJ.o
 .ARM.attributes
                0x0000000000000000       0x2c /tmp/ccvacNQJ.o
 .text          0x0000000000000000        0x0 /tmp/cchCptrF.o
 .data          0x0000000000000000        0x0 /tmp/cchCptrF.o
 .bss           0x0000000000000000        0x0 /tmp/cchCptrF.o
 .comment       0x0000000000000000       0x4e /tmp/cchCptrF.o
 .ARM.attributes
                0x0000000000000000       0x2c /tmp/cchCptrF.o
 .text          0x0000000000000000        0x0 /tmp/ccfwbQmF.o
 .data          0x0000000000000000        0x0 /tmp/ccfwbQmF.o
 .bss           0x0000000000000000        0x0 /tmp/ccfwbQmF.o
 .text.canardGetUserReference
                0x0000000000000000        0x4 /tmp/ccfwbQmF.o
 .text.canardGetLocalNodeID
                0x0000000000000000        0x4 /tmp/ccfwbQmF.o
 .text.canardForgetLocalNodeID
                0x0000000000000000        0x6 /tmp/ccfwbQmF.o
 .text.canardInitTxTransfer
                0x0000000000000000        0xc /tmp/ccfwbQmF.o
 .text.canardGetPoolAllocatorStatistics
                0x0000000000000000       0x10 /tmp/ccfwbQmF.o
 .text.canardConvertNativeFloatToFloat16
                0x0000000000000000       0x64 /tmp/ccfwbQmF.o
 .text.canardConvertFloat16ToNativeFloat
                0x0000000000000000       0x34 /tmp/ccfwbQmF.o
 .comment       0x0000000000000000       0x4e /tmp/ccfwbQmF.o
 .ARM.attributes
                0x0000000000000000       0x2c /tmp/ccfwbQmF.o
 .text          0x0000000000000000        0x0 /tmp/cca4ru9u.o
 .data          0x0000000000000000        0x0 /tmp/cca4ru9u.o
 .bss           0x0000000000000000        0x0 /tmp/cca4ru9u.o
 .text.canardSTM32ConfigureAcceptanceFilters
                0x0000000000000000       0x90 /tmp/cca4ru9u.o
 .text.canardSTM32GetStats
                0x0000000000000000       0x14 /tmp/cca4ru9u.o
 .comment       0x0000000000000000       0x4e /tmp/cca4ru9u.o
 .ARM.attributes
                0x0000000000000000       0x2c /tmp/cca4ru9u.o
 .text          0x0000000000000000        0x0 /tmp/cclFHcWb.o
 .data          0x0000000000000000        0x0 /tmp/cclFHcWb.o
 .bss           0x0000000000000000        0x0 /tmp/cclFHcWb.o
 .text.uavcan_tunnel_Protocol_encode
                0x0000000000000000       0x20 /tmp/cclFHcWb.o
 .text.uavcan_tunnel_Protocol_decode
                0x0000000000000000       0x36 /tmp/cclFHcWb.o
 .comment       0x0000000000000000       0x4e /tmp/cclFHcWb.o
 .ARM.attributes
                0x0000000000000000       0x2c /tmp/cclFHcWb.o
 .text          0x0000000000000000        0x0 /tmp/ccjLrhnT.o
 .data          0x0000000000000000        0x0 /tmp/ccjLrhnT.o
 .bss           0x0000000000000000        0x0 /tmp/ccjLrhnT.o
 .comment       0x0000000000000000       0x4e /tmp/ccjLrhnT.o
 .ARM.attributes
                0x0000000000000000       0x2c /tmp/ccjLrhnT.o
 .text          0x0000000000000000        0x0 /tmp/cciNf68W.o
 .data          0x0000000000000000        0x0 /tmp/cciNf68W.o
 .bss           0x0000000000000000        0x0 /tmp/cciNf68W.o
 .text.uavcan_protocol_NodeStatus_decode
                0x0000000000000000       0x7c /tmp/cciNf68W.o
 .comment       0x0000000000000000       0x4e /tmp/cciNf68W.o
 .ARM.attributes
                0x0000000000000000       0x2c /tmp/cciNf68W.o
 .text          0x0000000000000000        0x0 /tmp/cc1eThhT.o
 .data          0x0000000000000000        0x0 /tmp/cc1eThhT.o
 .bss           0x0000000000000000        0x0 /tmp/cc1eThhT.o
 .text.uavcan_protocol_GetNodeInfoRequest_encode
                0x0000000000000000       0x10 /tmp/cc1eThhT.o
 .text.uavcan_protocol_GetNodeInfoRequest_decode
                0x0000000000000000       0x12 /tmp/cc1eThhT.o
 .comment       0x0000000000000000       0x4e /tmp/cc1eThhT.o
 .ARM.attributes
                0x0000000000000000       0x2c /tmp/cc1eThhT.o
 .text          0x0000000000000000        0x0 /tmp/ccBinuVH.o
 .data          0x0000000000000000        0x0 /tmp/ccBinuVH.o
 .bss           0x0000000000000000        0x0 /tmp/ccBinuVH.o
 .text.uavcan_protocol_GetNodeInfoResponse_decode
                0x0000000000000000      0x1d0 /tmp/ccBinuVH.o
 .comment       0x0000000000000000       0x4e /tmp/ccBinuVH.o
 .ARM.attributes
                0x0000000000000000       0x2c /tmp/ccBinuVH.o
 .text          0x0000000000000000        0x0 /tmp/ccHHs8pK.o
 .data          0x0000000000000000        0x0 /tmp/ccHHs8pK.o
 .bss           0x0000000000000000        0x0 /tmp/ccHHs8pK.o
 .text.uavcan_protocol_HardwareVersion_encode
                0x0000000000000000       0x90 /tmp/ccHHs8pK.o
 .text.uavcan_protocol_HardwareVersion_decode
                0x0000000000000000       0xc0 /tmp/ccHHs8pK.o
 .comment       0x0000000000000000       0x4e /tmp/ccHHs8pK.o
 .ARM.attributes
                0x0000000000000000       0x2c /tmp/ccHHs8pK.o
 .text          0x0000000000000000        0x0 /tmp/ccVLMb3G.o
 .data          0x0000000000000000        0x0 /tmp/ccVLMb3G.o
 .bss           0x0000000000000000        0x0 /tmp/ccVLMb3G.o
 .text.uavcan_protocol_SoftwareVersion_encode
                0x0000000000000000       0x52 /tmp/ccVLMb3G.o
 .text.uavcan_protocol_SoftwareVersion_decode
                0x0000000000000000       0x7c /tmp/ccVLMb3G.o
 .comment       0x0000000000000000       0x4e /tmp/ccVLMb3G.o
 .ARM.attributes
                0x0000000000000000       0x2c /tmp/ccVLMb3G.o
 .data          0x0000000000000000        0x0 /home/hzt/.local/toolchains/gcc-arm-none-eabi-10-2020-q4-major/bin/../lib/gcc/arm-none-eabi/10.2.1/thumb/v6-m/nofp/libgcc.a(_udivsi3.o)
 .bss           0x0000000000000000        0x0 /home/hzt/.local/toolchains/gcc-arm-none-eabi-10-2020-q4-major/bin/../lib/gcc/arm-none-eabi/10.2.1/thumb/v6-m/nofp/libgcc.a(_udivsi3.o)
 .ARM.attributes
                0x0000000000000000       0x1e /home/hzt/.local/toolchains/gcc-arm-none-eabi-10-2020-q4-major/bin/../lib/gcc/arm-none-eabi/10.2.1/thumb/v6-m/nofp/libgcc.a(_udivsi3.o)
 .data          0x0000000000000000        0x0 /home/hzt/.local/toolchains/gcc-arm-none-eabi-10-2020-q4-major/bin/../lib/gcc/arm-none-eabi/10.2.1/thumb/v6-m/nofp/libgcc.a(_divsi3.o)
 .bss           0x0000000000000000        0x0 /home/hzt/.local/toolchains/gcc-arm-none-eabi-10-2020-q4-major/bin/../lib/gcc/arm-none-eabi/10.2.1/thumb/v6-m/nofp/libgcc.a(_divsi3.o)
 .ARM.attributes
                0x0000000000000000       0x1e /home/hzt/.local/toolchains/gcc-arm-none-eabi-10-2020-q4-major/bin/../lib/gcc/arm-none-eabi/10.2.1/thumb/v6-m/nofp/libgcc.a(_divsi3.o)
 .data          0x0000000000000000        0x0 /home/hzt/.local/toolchains/gcc-arm-none-eabi-10-2020-q4-major/bin/../lib/gcc/arm-none-eabi/10.2.1/thumb/v6-m/nofp/libgcc.a(_dvmd_tls.o)
 .bss           0x0000000000000000        0x0 /home/hzt/.local/toolchains/gcc-arm-none-eabi-10-2020-q4-major/bin/../lib/gcc/arm-none-eabi/10.2.1/thumb/v6-m/nofp/libgcc.a(_dvmd_tls.o)
 .ARM.attributes
                0x0000000000000000       0x1e /home/hzt/.local/toolchains/gcc-arm-none-eabi-10-2020-q4-major/bin/../lib/gcc/arm-none-eabi/10.2.1/thumb/v6-m/nofp/libgcc.a(_dvmd_tls.o)
 .data          0x0000000000000000        0x0 /home/hzt/.local/toolchains/gcc-arm-none-eabi-10-2020-q4-major/bin/../lib/gcc/arm-none-eabi/10.2.1/thumb/v6-m/nofp/libgcc.a(_lshrdi3.o)
 .bss           0x0000000000000000        0x0 /home/hzt/.local/toolchains/gcc-arm-none-eabi-10-2020-q4-major/bin/../lib/gcc/arm-none-eabi/10.2.1/thumb/v6-m/nofp/libgcc.a(_lshrdi3.o)
 .ARM.attributes
                0x0000000000000000       0x1e /home/hzt/.local/toolchains/gcc-arm-none-eabi-10-2020-q4-major/bin/../lib/gcc/arm-none-eabi/10.2.1/thumb/v6-m/nofp/libgcc.a(_lshrdi3.o)
 .data          0x0000000000000000        0x0 /home/hzt/.local/toolchains/gcc-arm-none-eabi-10-2020-q4-major/bin/../lib/gcc/arm-none-eabi/10.2.1/thumb/v6-m/nofp/libgcc.a(_ashldi3.o)
 .bss           0x0000000000000000        0x0 /home/hzt/.local/toolchains/gcc-arm-none-eabi-10-2020-q4-major/bin/../lib/gcc/arm-none-eabi/10.2.1/thumb/v6-m/nofp/libgcc.a(_ashldi3.o)
 .ARM.attributes
                0x0000000000000000       0x1e /home/hzt/.local/toolchains/gcc-arm-none-eabi-10-2020-q4-major/bin/../lib/gcc/arm-none-eabi/10.2.1/thumb/v6-m/nofp/libgcc.a(_ashldi3.o)
 .text          0x0000000000000000       0x74 /home/hzt/.local/toolchains/gcc-arm-none-eabi-10-2020-q4-major/bin/../lib/gcc/arm-none-eabi/10.2.1/thumb/v6-m/nofp/libgcc.a(_arm_cmpsf2.o)
 .data          0x0000000000000000        0x0 /home/hzt/.local/toolchains/gcc-arm-none-eabi-10-2020-q4-major/bin/../lib/gcc/arm-none-eabi/10.2.1/thumb/v6-m/nofp/libgcc.a(_arm_cmpsf2.o)
 .bss           0x0000000000000000        0x0 /home/hzt/.local/toolchains/gcc-arm-none-eabi-10-2020-q4-major/bin/../lib/gcc/arm-none-eabi/10.2.1/thumb/v6-m/nofp/libgcc.a(_arm_cmpsf2.o)
 .ARM.attributes
                0x0000000000000000       0x1e /home/hzt/.local/toolchains/gcc-arm-none-eabi-10-2020-q4-major/bin/../lib/gcc/arm-none-eabi/10.2.1/thumb/v6-m/nofp/libgcc.a(_arm_cmpsf2.o)
 .data          0x0000000000000000        0x0 /home/hzt/.local/toolchains/gcc-arm-none-eabi-10-2020-q4-major/bin/../lib/gcc/arm-none-eabi/10.2.1/thumb/v6-m/nofp/libgcc.a(_muldi3.o)
 .bss           0x0000000000000000        0x0 /home/hzt/.local/toolchains/gcc-arm-none-eabi-10-2020-q4-major/bin/../lib/gcc/arm-none-eabi/10.2.1/thumb/v6-m/nofp/libgcc.a(_muldi3.o)
 .ARM.attributes
                0x0000000000000000       0x2c /home/hzt/.local/toolchains/gcc-arm-none-eabi-10-2020-q4-major/bin/../lib/gcc/arm-none-eabi/10.2.1/thumb/v6-m/nofp/libgcc.a(_muldi3.o)
 .text          0x0000000000000000       0x4c /home/hzt/.local/toolchains/gcc-arm-none-eabi-10-2020-q4-major/bin/../lib/gcc/arm-none-eabi/10.2.1/thumb/v6-m/nofp/libgcc.a(eqsf2.o)
 .data          0x0000000000000000        0x0 /home/hzt/.local/toolchains/gcc-arm-none-eabi-10-2020-q4-major/bin/../lib/gcc/arm-none-eabi/10.2.1/thumb/v6-m/nofp/libgcc.a(eqsf2.o)
 .bss           0x0000000000000000        0x0 /home/hzt/.local/toolchains/gcc-arm-none-eabi-10-2020-q4-major/bin/../lib/gcc/arm-none-eabi/10.2.1/thumb/v6-m/nofp/libgcc.a(eqsf2.o)
 .debug_frame   0x0000000000000000       0x2c /home/hzt/.local/toolchains/gcc-arm-none-eabi-10-2020-q4-major/bin/../lib/gcc/arm-none-eabi/10.2.1/thumb/v6-m/nofp/libgcc.a(eqsf2.o)
 .ARM.attributes
                0x0000000000000000       0x2c /home/hzt/.local/toolchains/gcc-arm-none-eabi-10-2020-q4-major/bin/../lib/gcc/arm-none-eabi/10.2.1/thumb/v6-m/nofp/libgcc.a(eqsf2.o)
 .text          0x0000000000000000       0x8c /home/hzt/.local/toolchains/gcc-arm-none-eabi-10-2020-q4-major/bin/../lib/gcc/arm-none-eabi/10.2.1/thumb/v6-m/nofp/libgcc.a(gesf2.o)
 .data          0x0000000000000000        0x0 /home/hzt/.local/toolchains/gcc-arm-none-eabi-10-2020-q4-major/bin/../lib/gcc/arm-none-eabi/10.2.1/thumb/v6-m/nofp/libgcc.a(gesf2.o)
 .bss           0x0000000000000000        0x0 /home/hzt/.local/toolchains/gcc-arm-none-eabi-10-2020-q4-major/bin/../lib/gcc/arm-none-eabi/10.2.1/thumb/v6-m/nofp/libgcc.a(gesf2.o)
 .debug_frame   0x0000000000000000       0x2c /home/hzt/.local/toolchains/gcc-arm-none-eabi-10-2020-q4-major/bin/../lib/gcc/arm-none-eabi/10.2.1/thumb/v6-m/nofp/libgcc.a(gesf2.o)
 .ARM.attributes
                0x0000000000000000       0x2c /home/hzt/.local/toolchains/gcc-arm-none-eabi-10-2020-q4-major/bin/../lib/gcc/arm-none-eabi/10.2.1/thumb/v6-m/nofp/libgcc.a(gesf2.o)
 .text          0x0000000000000000       0x88 /home/hzt/.local/toolchains/gcc-arm-none-eabi-10-2020-q4-major/bin/../lib/gcc/arm-none-eabi/10.2.1/thumb/v6-m/nofp/libgcc.a(lesf2.o)
 .data          0x0000000000000000        0x0 /home/hzt/.local/toolchains/gcc-arm-none-eabi-10-2020-q4-major/bin/../lib/gcc/arm-none-eabi/10.2.1/thumb/v6-m/nofp/libgcc.a(lesf2.o)
 .bss           0x0000000000000000        0x0 /home/hzt/.local/toolchains/gcc-arm-none-eabi-10-2020-q4-major/bin/../lib/gcc/arm-none-eabi/10.2.1/thumb/v6-m/nofp/libgcc.a(lesf2.o)
 .debug_frame   0x0000000000000000       0x2c /home/hzt/.local/toolchains/gcc-arm-none-eabi-10-2020-q4-major/bin/../lib/gcc/arm-none-eabi/10.2.1/thumb/v6-m/nofp/libgcc.a(lesf2.o)
 .ARM.attributes
                0x0000000000000000       0x2c /home/hzt/.local/toolchains/gcc-arm-none-eabi-10-2020-q4-major/bin/../lib/gcc/arm-none-eabi/10.2.1/thumb/v6-m/nofp/libgcc.a(lesf2.o)
 .text          0x0000000000000000      0x24c /home/hzt/.local/toolchains/gcc-arm-none-eabi-10-2020-q4-major/bin/../lib/gcc/arm-none-eabi/10.2.1/thumb/v6-m/nofp/libgcc.a(mulsf3.o)
 .data          0x0000000000000000        0x0 /home/hzt/.local/toolchains/gcc-arm-none-eabi-10-2020-q4-major/bin/../lib/gcc/arm-none-eabi/10.2.1/thumb/v6-m/nofp/libgcc.a(mulsf3.o)
 .bss           0x0000000000000000        0x0 /home/hzt/.local/toolchains/gcc-arm-none-eabi-10-2020-q4-major/bin/../lib/gcc/arm-none-eabi/10.2.1/thumb/v6-m/nofp/libgcc.a(mulsf3.o)
 .rodata        0x0000000000000000       0x40 /home/hzt/.local/toolchains/gcc-arm-none-eabi-10-2020-q4-major/bin/../lib/gcc/arm-none-eabi/10.2.1/thumb/v6-m/nofp/libgcc.a(mulsf3.o)
 .debug_frame   0x0000000000000000       0x38 /home/hzt/.local/toolchains/gcc-arm-none-eabi-10-2020-q4-major/bin/../lib/gcc/arm-none-eabi/10.2.1/thumb/v6-m/nofp/libgcc.a(mulsf3.o)
 .ARM.attributes
                0x0000000000000000       0x2c /home/hzt/.local/toolchains/gcc-arm-none-eabi-10-2020-q4-major/bin/../lib/gcc/arm-none-eabi/10.2.1/thumb/v6-m/nofp/libgcc.a(mulsf3.o)
 .text          0x0000000000000000       0x3c /home/hzt/.local/toolchains/gcc-arm-none-eabi-10-2020-q4-major/bin/../lib/gcc/arm-none-eabi/10.2.1/thumb/v6-m/nofp/libgcc.a(_clzsi2.o)
 .data          0x0000000000000000        0x0 /home/hzt/.local/toolchains/gcc-arm-none-eabi-10-2020-q4-major/bin/../lib/gcc/arm-none-eabi/10.2.1/thumb/v6-m/nofp/libgcc.a(_clzsi2.o)
 .bss           0x0000000000000000        0x0 /home/hzt/.local/toolchains/gcc-arm-none-eabi-10-2020-q4-major/bin/../lib/gcc/arm-none-eabi/10.2.1/thumb/v6-m/nofp/libgcc.a(_clzsi2.o)
 .ARM.attributes
                0x0000000000000000       0x1e /home/hzt/.local/toolchains/gcc-arm-none-eabi-10-2020-q4-major/bin/../lib/gcc/arm-none-eabi/10.2.1/thumb/v6-m/nofp/libgcc.a(_clzsi2.o)

Memory Configuration

Name             Origin             Length             Attributes
FLASH            0x0000000008000000 0x0000000000010000 xr
RAM              0x0000000020000000 0x0000000000004000 xrw
*default*        0x0000000000000000 0xffffffffffffffff

Linker script and memory map

                0x0000000020004000                _estack = (ORIGIN (RAM) + LENGTH (RAM))
                0x0000000000000800                _stack_size = 0x800
                0x0000000020003800                _stack_bottom = (_estack - _stack_size)

.isr_vector     0x0000000008000000       0x40
 *(.isr_vector)
 .isr_vector    0x0000000008000000       0x40 /tmp/ccvacNQJ.o
                0x0000000008000000                vector_table

.text           0x0000000008000040     0x26d0
 *(.text*)
 .text.SysTick_Handler
                0x0000000008000040       0x10 /tmp/ccvacNQJ.o
                0x0000000008000040                SysTick_Handler
 .text.stop_with_led_off
                0x0000000008000050       0x10 /tmp/ccvacNQJ.o
 .text.gpio_config_af
                0x0000000008000060       0x46 /tmp/ccvacNQJ.o
 *fill*         0x00000000080000a6        0x2 
 .text.debug_uart1_putc
                0x00000000080000a8       0x24 /tmp/ccvacNQJ.o
 .text.debug_uart1_puts
                0x00000000080000cc       0x14 /tmp/ccvacNQJ.o
 .text.debug_uart1_u32
                0x00000000080000e0       0x52 /tmp/ccvacNQJ.o
 *fill*         0x0000000008000132        0x2 
 .text.should_accept_transfer
                0x0000000008000134       0x44 /tmp/ccvacNQJ.o
 .text.Default_Handler
                0x0000000008000178        0x6 /tmp/ccvacNQJ.o
                0x0000000008000178                Default_Handler
 *fill*         0x000000000800017e        0x2 
 .text.can_process_tx
                0x0000000008000180       0x34 /tmp/ccvacNQJ.o
 .text.publish_uart_packet.part.0.isra.0
                0x00000000080001b4       0x7c /tmp/ccvacNQJ.o
 .text.on_transfer_received
                0x0000000008000230      0x20c /tmp/ccvacNQJ.o
 .text.Reset_Handler
                0x000000000800043c      0x7c8 /tmp/ccvacNQJ.o
                0x000000000800043c                Reset_Handler
 .text.usleep   0x0000000008000c04       0x28 /tmp/ccvacNQJ.o
                0x0000000008000c04                usleep
 .text.memset   0x0000000008000c2c       0x10 /tmp/cchCptrF.o
                0x0000000008000c2c                memset
 .text.memcpy   0x0000000008000c3c       0x12 /tmp/cchCptrF.o
                0x0000000008000c3c                memcpy
 .text.pushTxQueue
                0x0000000008000c4e       0x96 /tmp/ccfwbQmF.o
 .text.copyBitArray
                0x0000000008000ce4       0x88 /tmp/ccfwbQmF.o
 .text.crcAddByte
                0x0000000008000d6c       0x24 /tmp/ccfwbQmF.o
 .text.crcAdd   0x0000000008000d90       0x16 /tmp/ccfwbQmF.o
 .text.allocateBlock
                0x0000000008000da6       0x1e /tmp/ccfwbQmF.o
 .text.createRxState
                0x0000000008000dc4       0x2c /tmp/ccfwbQmF.o
 .text.dlcToDataLength
                0x0000000008000df0       0x38 /tmp/ccfwbQmF.o
 .text.dataLengthToDlc
                0x0000000008000e28       0x38 /tmp/ccfwbQmF.o
 .text.calculateCRC
                0x0000000008000e60       0x44 /tmp/ccfwbQmF.o
 .text.releaseStatePayload.isra.0
                0x0000000008000ea4       0x24 /tmp/ccfwbQmF.o
 .text.bufferBlockPushBytes
                0x0000000008000ec8      0x12c /tmp/ccfwbQmF.o
 .text.enqueueTxFrames
                0x0000000008000ff4      0x166 /tmp/ccfwbQmF.o
 *fill*         0x000000000800115a        0x2 
 .text.canardInit
                0x000000000800115c       0x64 /tmp/ccfwbQmF.o
                0x000000000800115c                canardInit
 .text.canardSetLocalNodeID
                0x00000000080011c0       0x10 /tmp/ccfwbQmF.o
                0x00000000080011c0                canardSetLocalNodeID
 .text.canardBroadcastObj
                0x00000000080011d0       0x8c /tmp/ccfwbQmF.o
                0x00000000080011d0                canardBroadcastObj
 .text.canardBroadcast
                0x000000000800125c       0x4c /tmp/ccfwbQmF.o
                0x000000000800125c                canardBroadcast
 .text.canardRequestOrRespondObj
                0x00000000080012a8       0x72 /tmp/ccfwbQmF.o
                0x00000000080012a8                canardRequestOrRespondObj
 .text.canardRequestOrRespond
                0x000000000800131a       0x64 /tmp/ccfwbQmF.o
                0x000000000800131a                canardRequestOrRespond
 .text.canardPeekTxQueue
                0x000000000800137e        0xa /tmp/ccfwbQmF.o
                0x000000000800137e                canardPeekTxQueue
 .text.canardPopTxQueue
                0x0000000008001388       0x14 /tmp/ccfwbQmF.o
                0x0000000008001388                canardPopTxQueue
 .text.canardCleanupStaleTransfers
                0x000000000800139c       0x70 /tmp/ccfwbQmF.o
                0x000000000800139c                canardCleanupStaleTransfers
 .text.canardDecodeScalar
                0x000000000800140c      0x24c /tmp/ccfwbQmF.o
                0x000000000800140c                canardDecodeScalar
 .text.canardEncodeScalar
                0x0000000008001658       0x7a /tmp/ccfwbQmF.o
                0x0000000008001658                canardEncodeScalar
 .text.canardReleaseRxTransferPayload
                0x00000000080016d2       0x22 /tmp/ccfwbQmF.o
                0x00000000080016d2                canardReleaseRxTransferPayload
 .text.extractTransferType
                0x00000000080016f4       0x10 /tmp/ccfwbQmF.o
                0x00000000080016f4                extractTransferType
 .text.extractDataType
                0x0000000008001704       0x20 /tmp/ccfwbQmF.o
                0x0000000008001704                extractDataType
 .text.canardHandleRxFrame
                0x0000000008001724      0x494 /tmp/ccfwbQmF.o
                0x0000000008001724                canardHandleRxFrame
 .text.convertFrameIDRegisterToCanard
                0x0000000008001bb8       0x1c /tmp/cca4ru9u.o
 .text.processErrorStatus
                0x0000000008001bd4       0x48 /tmp/cca4ru9u.o
 .text.canardSTM32Init
                0x0000000008001c1c      0x158 /tmp/cca4ru9u.o
                0x0000000008001c1c                canardSTM32Init
 .text.canardSTM32Transmit
                0x0000000008001d74      0x11c /tmp/cca4ru9u.o
                0x0000000008001d74                canardSTM32Transmit
 .text.canardSTM32Receive
                0x0000000008001e90       0x80 /tmp/cca4ru9u.o
                0x0000000008001e90                canardSTM32Receive
 .text.uavcan_tunnel_Targetted_encode
                0x0000000008001f10       0x9e /tmp/ccjLrhnT.o
                0x0000000008001f10                uavcan_tunnel_Targetted_encode
 .text.uavcan_tunnel_Targetted_decode
                0x0000000008001fae       0xd0 /tmp/ccjLrhnT.o
                0x0000000008001fae                uavcan_tunnel_Targetted_decode
 .text.uavcan_protocol_NodeStatus_encode
                0x000000000800207e       0x52 /tmp/cciNf68W.o
                0x000000000800207e                uavcan_protocol_NodeStatus_encode
 .text.uavcan_protocol_GetNodeInfoResponse_encode
                0x00000000080020d0      0x174 /tmp/ccBinuVH.o
                0x00000000080020d0                uavcan_protocol_GetNodeInfoResponse_encode
 .text          0x0000000008002244      0x114 /home/hzt/.local/toolchains/gcc-arm-none-eabi-10-2020-q4-major/bin/../lib/gcc/arm-none-eabi/10.2.1/thumb/v6-m/nofp/libgcc.a(_udivsi3.o)
                0x0000000008002244                __udivsi3
                0x0000000008002244                __aeabi_uidiv
                0x0000000008002350                __aeabi_uidivmod
 .text          0x0000000008002358      0x1d4 /home/hzt/.local/toolchains/gcc-arm-none-eabi-10-2020-q4-major/bin/../lib/gcc/arm-none-eabi/10.2.1/thumb/v6-m/nofp/libgcc.a(_divsi3.o)
                0x0000000008002358                __aeabi_idiv
                0x0000000008002358                __divsi3
                0x0000000008002524                __aeabi_idivmod
 .text          0x000000000800252c        0x4 /home/hzt/.local/toolchains/gcc-arm-none-eabi-10-2020-q4-major/bin/../lib/gcc/arm-none-eabi/10.2.1/thumb/v6-m/nofp/libgcc.a(_dvmd_tls.o)
                0x000000000800252c                __aeabi_ldiv0
                0x000000000800252c                __aeabi_idiv0
 .text          0x0000000008002530       0x18 /home/hzt/.local/toolchains/gcc-arm-none-eabi-10-2020-q4-major/bin/../lib/gcc/arm-none-eabi/10.2.1/thumb/v6-m/nofp/libgcc.a(_lshrdi3.o)
                0x0000000008002530                __aeabi_llsr
                0x0000000008002530                __lshrdi3
 .text          0x0000000008002548       0x18 /home/hzt/.local/toolchains/gcc-arm-none-eabi-10-2020-q4-major/bin/../lib/gcc/arm-none-eabi/10.2.1/thumb/v6-m/nofp/libgcc.a(_ashldi3.o)
                0x0000000008002548                __ashldi3
                0x0000000008002548                __aeabi_llsl
 .text          0x0000000008002560       0x5c /home/hzt/.local/toolchains/gcc-arm-none-eabi-10-2020-q4-major/bin/../lib/gcc/arm-none-eabi/10.2.1/thumb/v6-m/nofp/libgcc.a(_muldi3.o)
                0x0000000008002560                __aeabi_lmul
                0x0000000008002560                __muldi3
 *(.rodata*)
 .rodata.Reset_Handler.str1.1
                0x00000000080025bc       0xce /tmp/ccvacNQJ.o
                                         0xd1 (size before relaxing)
 .rodata.str1.1
                0x000000000800268a       0x3c /tmp/ccvacNQJ.o
 .rodata.hex.1  0x00000000080026c6       0x11 /tmp/ccvacNQJ.o
 *fill*         0x00000000080026d7        0x1 
 .rodata.names.0
                0x00000000080026d8       0x20 /tmp/ccvacNQJ.o
 .rodata.node_name.3
                0x00000000080026f8       0x16 /tmp/ccvacNQJ.o
                0x0000000008002710                . = ALIGN (0x4)
 *fill*         0x000000000800270e        0x2 
                0x0000000008002710                _sidata = LOADADDR (.data)

.glue_7         0x0000000008002710        0x0
 .glue_7        0x0000000008002710        0x0 linker stubs

.glue_7t        0x0000000008002710        0x0
 .glue_7t       0x0000000008002710        0x0 linker stubs

.vfp11_veneer   0x0000000008002710        0x0
 .vfp11_veneer  0x0000000008002710        0x0 linker stubs

.v4_bx          0x0000000008002710        0x0
 .v4_bx         0x0000000008002710        0x0 linker stubs

.iplt           0x0000000008002710        0x0
 .iplt          0x0000000008002710        0x0 /tmp/ccvacNQJ.o

.rel.dyn        0x0000000008002710        0x0
 .rel.iplt      0x0000000008002710        0x0 /tmp/ccvacNQJ.o

.data           0x0000000020000000      0x674 load address 0x0000000008002710
                0x0000000020000000                . = ALIGN (0x4)
                0x0000000020000000                _sdata = .
 *(.data*)
 .data.g_uart_ports
                0x0000000020000000      0x670 /tmp/ccvacNQJ.o
 .data.initialized_marker
                0x0000000020000670        0x4 /tmp/ccvacNQJ.o
                0x0000000020000670                initialized_marker
                0x0000000020000674                . = ALIGN (0x4)
                0x0000000020000674                _edata = .

.igot.plt       0x0000000020000674        0x0 load address 0x0000000008002d84
 .igot.plt      0x0000000020000674        0x0 /tmp/ccvacNQJ.o

.bss            0x0000000020000678     0x1b70 load address 0x0000000008002d84
                0x0000000020000678                . = ALIGN (0x8)
                0x0000000020000678                _sbss = .
 *(.bss*)
 .bss.g_can_arbitration_lost
                0x0000000020000678        0x4 /tmp/ccvacNQJ.o
 .bss.g_can_rx_frames
                0x000000002000067c        0x4 /tmp/ccvacNQJ.o
 .bss.g_can_tx_error
                0x0000000020000680        0x4 /tmp/ccvacNQJ.o
 .bss.g_can_tx_ok
                0x0000000020000684        0x4 /tmp/ccvacNQJ.o
 .bss.g_can_tx_submitted
                0x0000000020000688        0x4 /tmp/ccvacNQJ.o
 .bss.g_canard  0x000000002000068c       0x30 /tmp/ccvacNQJ.o
 *fill*         0x00000000200006bc        0x4 
 .bss.g_canard_memory_pool
                0x00000000200006c0     0x1800 /tmp/ccvacNQJ.o
 .bss.g_last_can_lec
                0x0000000020001ec0        0x1 /tmp/ccvacNQJ.o
 *fill*         0x0000000020001ec1        0x3 
 .bss.g_led2_off_ms
                0x0000000020001ec4        0x4 /tmp/ccvacNQJ.o
 .bss.g_millis  0x0000000020001ec8        0x4 /tmp/ccvacNQJ.o
 .bss.g_node_status_transfer_id
                0x0000000020001ecc        0x1 /tmp/ccvacNQJ.o
 .bss.g_tunnel_transfer_id
                0x0000000020001ecd        0x1 /tmp/ccvacNQJ.o
 .bss.payload.2
                0x0000000020001ece      0x179 /tmp/ccvacNQJ.o
 *fill*         0x0000000020002047        0x1 
 .bss.response.4
                0x0000000020002048      0x188 /tmp/ccvacNQJ.o
 .bss.zero_marker
                0x00000000200021d0        0x4 /tmp/ccvacNQJ.o
                0x00000000200021d0                zero_marker
 .bss.g_abort_tx_on_error
                0x00000000200021d4        0x1 /tmp/cca4ru9u.o
 *fill*         0x00000000200021d5        0x3 
 .bss.g_stats   0x00000000200021d8       0x10 /tmp/cca4ru9u.o
 *(COMMON)
                0x00000000200021e8                . = ALIGN (0x8)
                0x00000000200021e8                _ebss = .
                0x0000000000000001                ASSERT (((_sidata & 0x3) == 0x0), .data Flash load address must be 4-byte aligned)
                0x0000000000000001                ASSERT ((_ebss <= _stack_bottom), RAM overflow: static data collides with reserved stack)

/DISCARD/
 *(.comment*)
 *(.ARM.attributes*)
 *(.ARM.exidx*)
 *(.ARM.extab*)
LOAD /tmp/ccvacNQJ.o
LOAD /tmp/cchCptrF.o
LOAD /tmp/ccfwbQmF.o
LOAD /tmp/cca4ru9u.o
LOAD /tmp/cclFHcWb.o
LOAD /tmp/ccjLrhnT.o
LOAD /tmp/cciNf68W.o
LOAD /tmp/cc1eThhT.o
LOAD /tmp/ccBinuVH.o
LOAD /tmp/ccHHs8pK.o
LOAD /tmp/ccVLMb3G.o
LOAD /home/hzt/.local/toolchains/gcc-arm-none-eabi-10-2020-q4-major/bin/../lib/gcc/arm-none-eabi/10.2.1/thumb/v6-m/nofp/libgcc.a
OUTPUT(firmware.elf elf32-littlearm)
LOAD linker stubs

.debug_frame    0x0000000000000000       0x74
 .debug_frame   0x0000000000000000       0x20 /home/hzt/.local/toolchains/gcc-arm-none-eabi-10-2020-q4-major/bin/../lib/gcc/arm-none-eabi/10.2.1/thumb/v6-m/nofp/libgcc.a(_udivsi3.o)
 .debug_frame   0x0000000000000020       0x20 /home/hzt/.local/toolchains/gcc-arm-none-eabi-10-2020-q4-major/bin/../lib/gcc/arm-none-eabi/10.2.1/thumb/v6-m/nofp/libgcc.a(_divsi3.o)
 .debug_frame   0x0000000000000040       0x34 /home/hzt/.local/toolchains/gcc-arm-none-eabi-10-2020-q4-major/bin/../lib/gcc/arm-none-eabi/10.2.1/thumb/v6-m/nofp/libgcc.a(_muldi3.o)
